Archive member included to satisfy reference by file (symbol)

Libraries/libstm32f0.a(stm32f0xx_adc.o)
                              /tmp/ccpwBa58.o (ADC_DeInit)
Libraries/libstm32f0.a(stm32f0xx_exti.o)
                              /tmp/ccpwBa58.o (EXTI_Init)
Libraries/libstm32f0.a(stm32f0xx_gpio.o)
                              /tmp/ccpwBa58.o (GPIO_Init)
Libraries/libstm32f0.a(stm32f0xx_i2c.o)
                              /tmp/ccEhhWAw.o (I2C_Init)
Libraries/libstm32f0.a(stm32f0xx_misc.o)
                              /tmp/ccpwBa58.o (NVIC_Init)
Libraries/libstm32f0.a(stm32f0xx_rcc.o)
                              /tmp/ccJDFvd4.o (RCC_GetClocksFreq)
Libraries/libstm32f0.a(stm32f0xx_spi.o)
                              /tmp/ccpwBa58.o (SPI_Init)
Libraries/libstm32f0.a(stm32f0xx_syscfg.o)
                              /tmp/ccpwBa58.o (SYSCFG_EXTILineConfig)
Libraries/libstm32f0.a(stm32f0xx_usart.o)
                              /tmp/ccEhhWAw.o (USART_Init)
/usr/lib/gcc/arm-none-eabi/13.2.1/thumb/v6-m/nofp/libgcc.a(_udivsi3.o)
                              /tmp/ccJDFvd4.o (__aeabi_uidiv)
/usr/lib/gcc/arm-none-eabi/13.2.1/thumb/v6-m/nofp/libgcc.a(_divsi3.o)
                              /tmp/ccCIxIYt.o (__aeabi_idiv)
/usr/lib/gcc/arm-none-eabi/13.2.1/thumb/v6-m/nofp/libgcc.a(_dvmd_tls.o)
                              /usr/lib/gcc/arm-none-eabi/13.2.1/thumb/v6-m/nofp/libgcc.a(_udivsi3.o) (__aeabi_idiv0)
/usr/lib/gcc/arm-none-eabi/13.2.1/thumb/v6-m/nofp/libgcc.a(_arm_cmpdf2.o)
                              /tmp/ccQP0R2t.o (__aeabi_dcmplt)
/usr/lib/gcc/arm-none-eabi/13.2.1/thumb/v6-m/nofp/libgcc.a(_fixunsdfsi.o)
                              /tmp/ccEhhWAw.o (__aeabi_d2uiz)
/usr/lib/gcc/arm-none-eabi/13.2.1/thumb/v6-m/nofp/libgcc.a(addsf3.o)
                              /tmp/ccEhhWAw.o (__aeabi_fadd)
/usr/lib/gcc/arm-none-eabi/13.2.1/thumb/v6-m/nofp/libgcc.a(divsf3.o)
                              /tmp/ccEhhWAw.o (__aeabi_fdiv)
/usr/lib/gcc/arm-none-eabi/13.2.1/thumb/v6-m/nofp/libgcc.a(mulsf3.o)
                              /tmp/ccEhhWAw.o (__aeabi_fmul)
/usr/lib/gcc/arm-none-eabi/13.2.1/thumb/v6-m/nofp/libgcc.a(floatsisf.o)
                              /tmp/ccEhhWAw.o (__aeabi_i2f)
/usr/lib/gcc/arm-none-eabi/13.2.1/thumb/v6-m/nofp/libgcc.a(adddf3.o)
                              /tmp/ccQP0R2t.o (__aeabi_dadd)
/usr/lib/gcc/arm-none-eabi/13.2.1/thumb/v6-m/nofp/libgcc.a(divdf3.o)
                              /tmp/ccQP0R2t.o (__aeabi_ddiv)
/usr/lib/gcc/arm-none-eabi/13.2.1/thumb/v6-m/nofp/libgcc.a(eqdf2.o)
                              /usr/lib/gcc/arm-none-eabi/13.2.1/thumb/v6-m/nofp/libgcc.a(_arm_cmpdf2.o) (__eqdf2)
/usr/lib/gcc/arm-none-eabi/13.2.1/thumb/v6-m/nofp/libgcc.a(gedf2.o)
                              /usr/lib/gcc/arm-none-eabi/13.2.1/thumb/v6-m/nofp/libgcc.a(_arm_cmpdf2.o) (__gedf2)
/usr/lib/gcc/arm-none-eabi/13.2.1/thumb/v6-m/nofp/libgcc.a(ledf2.o)
                              /usr/lib/gcc/arm-none-eabi/13.2.1/thumb/v6-m/nofp/libgcc.a(_arm_cmpdf2.o) (__ledf2)
/usr/lib/gcc/arm-none-eabi/13.2.1/thumb/v6-m/nofp/libgcc.a(muldf3.o)
                              /tmp/ccQP0R2t.o (__aeabi_dmul)
/usr/lib/gcc/arm-none-eabi/13.2.1/thumb/v6-m/nofp/libgcc.a(subdf3.o)
                              /tmp/ccQP0R2t.o (__aeabi_dsub)
/usr/lib/gcc/arm-none-eabi/13.2.1/thumb/v6-m/nofp/libgcc.a(fixdfsi.o)
                              /tmp/ccQP0R2t.o (__aeabi_d2iz)
/usr/lib/gcc/arm-none-eabi/13.2.1/thumb/v6-m/nofp/libgcc.a(floatsidf.o)
                              /tmp/ccQP0R2t.o (__aeabi_i2d)
/usr/lib/gcc/arm-none-eabi/13.2.1/thumb/v6-m/nofp/libgcc.a(floatunsidf.o)
                              /tmp/ccQP0R2t.o (__aeabi_ui2d)
/usr/lib/gcc/arm-none-eabi/13.2.1/thumb/v6-m/nofp/libgcc.a(extendsfdf2.o)
                              /tmp/ccEhhWAw.o (__aeabi_f2d)
/usr/lib/gcc/arm-none-eabi/13.2.1/thumb/v6-m/nofp/libgcc.a(truncdfsf2.o)
                              /tmp/ccEhhWAw.o (__aeabi_d2f)
/usr/lib/gcc/arm-none-eabi/13.2.1/thumb/v6-m/nofp/libgcc.a(_clzsi2.o)
                              /usr/lib/gcc/arm-none-eabi/13.2.1/thumb/v6-m/nofp/libgcc.a(addsf3.o) (__clzsi2)
/usr/lib/gcc/arm-none-eabi/13.2.1/../../../arm-none-eabi/lib/thumb/v6-m/nofp/libg.a(libc_a-memset.o)
                              /usr/lib/gcc/arm-none-eabi/13.2.1/../../../arm-none-eabi/lib/thumb/v6-m/nofp/crt0.o (memset)
/usr/lib/gcc/arm-none-eabi/13.2.1/../../../arm-none-eabi/lib/thumb/v6-m/nofp/libg.a(libc_a-memcpy-stub.o)
                              /tmp/ccJDFvd4.o (memcpy)
/usr/lib/gcc/arm-none-eabi/13.2.1/../../../arm-none-eabi/lib/thumb/v6-m/nofp/libg.a(libc_a-init.o)
                              /usr/lib/gcc/arm-none-eabi/13.2.1/../../../arm-none-eabi/lib/thumb/v6-m/nofp/crt0.o (__libc_init_array)
/usr/lib/gcc/arm-none-eabi/13.2.1/../../../arm-none-eabi/lib/thumb/v6-m/nofp/libg.a(libc_a-exit.o)
                              /usr/lib/gcc/arm-none-eabi/13.2.1/../../../arm-none-eabi/lib/thumb/v6-m/nofp/crt0.o (exit)
[...]
Memory Configuration

Name             Origin             Length             Attributes
FLASH            0x08000000         0x00010000         xr
RAM              0x20000000         0x00002000         xrw
*default*        0x00000000         0xffffffff

Linker script and memory map

LOAD /usr/lib/gcc/arm-none-eabi/13.2.1/thumb/v6-m/nofp/crti.o
LOAD /usr/lib/gcc/arm-none-eabi/13.2.1/thumb/v6-m/nofp/crtbegin.o
LOAD /usr/lib/gcc/arm-none-eabi/13.2.1/../../../arm-none-eabi/lib/thumb/v6-m/nofp/crt0.o
LOAD /tmp/ccJDFvd4.o
LOAD /tmp/ccCIxIYt.o
LOAD /tmp/ccpwBa58.o
LOAD /tmp/ccg5R6VD.o
LOAD /tmp/ccQP0R2t.o
LOAD /tmp/ccEhhWAw.o
LOAD /tmp/ccpos7j8.o
LOAD Libraries/libstm32f0.a
START GROUP
LOAD /usr/lib/gcc/arm-none-eabi/13.2.1/thumb/v6-m/nofp/libgcc.a
LOAD /usr/lib/gcc/arm-none-eabi/13.2.1/../../../arm-none-eabi/lib/thumb/v6-m/nofp/libg.a
LOAD /usr/lib/gcc/arm-none-eabi/13.2.1/../../../arm-none-eabi/lib/thumb/v6-m/nofp/libc.a
END GROUP
LOAD /usr/lib/gcc/arm-none-eabi/13.2.1/thumb/v6-m/nofp/crtend.o
LOAD /usr/lib/gcc/arm-none-eabi/13.2.1/thumb/v6-m/nofp/crtn.o
                0x20002000                        _estack = 0x20002000

.isr_vector     0x08000000       0xc4
                0x08000000                        . = ALIGN (0x4)
 *(.isr_vector)
 .isr_vector    0x08000000       0xc4 /tmp/ccpos7j8.o
                0x08000000                g_pfnVectors
                0x080000c4                        . = ALIGN (0x4)

.text           0x080000c4     0x2f38
                0x080000c4                        . = ALIGN (0x4)
 *(.text)
 .text          0x080000c4       0xec Libraries/libstm32f0.a(stm32f0xx_exti.o)
                0x080000c4                EXTI_DeInit
                0x080000e4                EXTI_Init
                0x08000148                EXTI_StructInit
                0x08000158                EXTI_GenerateSWInterrupt
                0x08000168                EXTI_GetFlagStatus
                0x0800017c                EXTI_ClearFlag
                0x08000188                EXTI_GetITStatus
                0x080001a4                EXTI_ClearITPendingBit
 .text          0x080001b0      0x1ec Libraries/libstm32f0.a(stm32f0xx_gpio.o)
                0x080001b0                GPIO_DeInit
                0x08000254                GPIO_Init
                0x080002fc                GPIO_StructInit
                0x0800030c                GPIO_PinLockConfig
                0x08000330                GPIO_ReadInputDataBit
                0x08000340                GPIO_ReadInputData
                0x08000348                GPIO_ReadOutputDataBit
                0x08000358                GPIO_ReadOutputData
                0x08000360                GPIO_SetBits
                0x08000364                GPIO_ResetBits
                0x08000368                GPIO_WriteBit
                0x08000374                GPIO_Write
                0x08000378                GPIO_PinAFConfig
 .text          0x0800039c      0x48c Libraries/libstm32f0.a(stm32f0xx_i2c.o)
                0x0800039c                I2C_DeInit
                0x080003d4                I2C_Init
                0x08000438                I2C_StructInit
                0x08000450                I2C_Cmd
                0x08000464                I2C_SoftwareResetCmd
                0x08000484                I2C_ITConfig
                0x08000498                I2C_StretchClockCmd
                0x080004b8                I2C_StopModeCmd
                0x080004d8                I2C_DualAddressCmd
                0x080004f8                I2C_OwnAddress2Config
                0x08000518                I2C_GeneralCallCmd
                0x08000538                I2C_SlaveByteControlCmd
                0x08000558                I2C_SlaveAddressConfig
                0x08000568                I2C_10BitAddressingModeCmd
                0x08000588                I2C_AutoEndCmd
                0x080005a8                I2C_ReloadCmd
                0x080005c8                I2C_NumberOfBytesConfig
                0x080005dc                I2C_MasterRequestConfig
                0x080005fc                I2C_GenerateSTART
                0x0800061c                I2C_GenerateSTOP
                0x0800063c                I2C_10BitAddressHeaderCmd
                0x0800065c                I2C_AcknowledgeConfig
                0x0800067c                I2C_GetAddressMatched
                0x08000688                I2C_GetTransferDirection
                0x08000694                I2C_TransferHandling
                0x080006b4                I2C_SMBusAlertCmd
                0x080006d4                I2C_ClockTimeoutCmd
                0x080006f4                I2C_ExtendedClockTimeoutCmd
                0x08000710                I2C_IdleClockTimeoutCmd
                0x08000730                I2C_TimeoutAConfig
                0x08000740                I2C_TimeoutBConfig
                0x0800075c                I2C_CalculatePEC
                0x0800077c                I2C_PECRequestCmd
                0x0800079c                I2C_GetPEC
                0x080007a4                I2C_ReadRegister
                0x080007bc                I2C_SendData
                0x080007c0                I2C_ReceiveData
                0x080007c8                I2C_DMACmd
                0x080007dc                I2C_GetFlagStatus
                0x080007ec                I2C_ClearFlag
                0x080007f0                I2C_GetITStatus
                0x08000824                I2C_ClearITPendingBit
 .text          0x08000828      0x520 Libraries/libstm32f0.a(stm32f0xx_rcc.o)
                0x08000828                RCC_DeInit
                0x08000888                RCC_HSEConfig
                0x08000898                RCC_WaitForHSEStartUp
                0x080008d4                RCC_AdjustHSICalibrationValue
                0x080008e8                RCC_HSICmd
                0x08000904                RCC_AdjustHSI14CalibrationValue
                0x08000918                RCC_HSI14Cmd
                0x08000934                RCC_HSI14ADCRequestCmd
                0x08000950                RCC_LSEConfig
                0x08000970                RCC_LSEDriveConfig
                0x08000988                RCC_LSICmd
                0x080009a4                RCC_PLLConfig
                0x080009c4                RCC_PLLCmd
                0x080009e8                RCC_PREDIV1Config
                0x080009fc                RCC_ClockSecuritySystemCmd
                0x08000a20                RCC_MCOConfig
                0x08000a2c                RCC_SYSCLKConfig
                0x08000a40                RCC_GetSYSCLKSource
                0x08000a50                RCC_HCLKConfig
                0x08000a64                RCC_PCLKConfig
                0x08000a7c                RCC_ADCCLKConfig
                0x08000ab0                RCC_CECCLKConfig
                0x08000ac8                RCC_I2CCLKConfig
                0x08000ae0                RCC_USARTCLKConfig
                0x08000af8                RCC_GetClocksFreq
                0x08000be0                RCC_RTCCLKConfig
                0x08000bf0                RCC_RTCCLKCmd
                0x08000c14                RCC_BackupResetCmd
                0x08000c38                RCC_AHBPeriphClockCmd
                0x08000c50                RCC_APB2PeriphClockCmd
                0x08000c68                RCC_APB1PeriphClockCmd
                0x08000c80                RCC_AHBPeriphResetCmd
                0x08000c98                RCC_APB2PeriphResetCmd
                0x08000cb0                RCC_APB1PeriphResetCmd
                0x08000cc8                RCC_ITConfig
                0x08000ce0                RCC_GetFlagStatus
                0x08000d14                RCC_ClearFlag
                0x08000d28                RCC_GetITStatus
                0x08000d3c                RCC_ClearITPendingBit
 .text          0x08000d48      0x350 Libraries/libstm32f0.a(stm32f0xx_spi.o)
                0x08000d48                SPI_I2S_DeInit
                0x08000d8c                SPI_StructInit
                0x08000da8                SPI_Init
                0x08000dfc                I2S_StructInit
                0x08000e0c                I2S_Init
                0x08000eb4                SPI_Cmd
                0x08000ec8                SPI_TIModeCmd
                0x08000edc                I2S_Cmd
                0x08000efc                SPI_DataSizeConfig
                0x08000f0c                SPI_RxFIFOThresholdConfig
                0x08000f20                SPI_BiDirectionalLineConfig
                0x08000f40                SPI_NSSInternalSoftwareConfig
                0x08000f64                SPI_SSOutputCmd
                0x08000f78                SPI_NSSPulseModeCmd
                0x08000f8c                SPI_SendData8
                0x08000f90                SPI_I2S_SendData16
                0x08000f94                SPI_ReceiveData8
                0x08000f9c                SPI_I2S_ReceiveData16
                0x08000fa4                SPI_CRCLengthConfig
                0x08000fb8                SPI_CalculateCRC
                0x08000fd8                SPI_TransmitCRC
                0x08000fe4                SPI_GetCRC
                0x08000ff4                SPI_GetCRCPolynomial
                0x08000ffc                SPI_I2S_DMACmd
                0x08001010                SPI_LastDMATransferCmd
                0x08001024                SPI_I2S_ITConfig
                0x08001040                SPI_GetTransmissionFIFOStatus
                0x0800104c                SPI_GetReceptionFIFOStatus
                0x08001058                SPI_I2S_GetFlagStatus
                0x08001068                SPI_I2S_ClearFlag
                0x08001070                SPI_I2S_GetITStatus
 .text          0x08001098      0x114 /usr/lib/gcc/arm-none-eabi/13.2.1/thumb/v6-m/nofp/libgcc.a(_udivsi3.o)
                0x08001098                __udivsi3
                0x08001098                __aeabi_uidiv
                0x080011a4                __aeabi_uidivmod
 .text          0x080011ac      0x1d4 /usr/lib/gcc/arm-none-eabi/13.2.1/thumb/v6-m/nofp/libgcc.a(_divsi3.o)
                0x080011ac                __aeabi_idiv
                0x080011ac                __divsi3
                0x08001378                __aeabi_idivmod
 .text          0x08001380        0x4 /usr/lib/gcc/arm-none-eabi/13.2.1/thumb/v6-m/nofp/libgcc.a(_dvmd_tls.o)
                0x08001380                __aeabi_ldiv0
                0x08001380                __aeabi_idiv0
 .text          0x08001384      0x340 /usr/lib/gcc/arm-none-eabi/13.2.1/thumb/v6-m/nofp/libgcc.a(addsf3.o)
                0x08001384                __aeabi_fadd
 .text          0x080016c4      0x224 /usr/lib/gcc/arm-none-eabi/13.2.1/thumb/v6-m/nofp/libgcc.a(divsf3.o)
                0x080016c4                __aeabi_fdiv
 .text          0x080018e8      0x280 /usr/lib/gcc/arm-none-eabi/13.2.1/thumb/v6-m/nofp/libgcc.a(mulsf3.o)
                0x080018e8                __aeabi_fmul
 .text          0x08001b68       0x94 /usr/lib/gcc/arm-none-eabi/13.2.1/thumb/v6-m/nofp/libgcc.a(floatsisf.o)
                0x08001b68                __aeabi_i2f
 .text          0x08001bfc      0x598 /usr/lib/gcc/arm-none-eabi/13.2.1/thumb/v6-m/nofp/libgcc.a(muldf3.o)
                0x08001bfc                __aeabi_dmul
 .text          0x08002194       0x90 /usr/lib/gcc/arm-none-eabi/13.2.1/thumb/v6-m/nofp/libgcc.a(extendsfdf2.o)
                0x08002194                __aeabi_f2d
 .text          0x08002224      0x10c /usr/lib/gcc/arm-none-eabi/13.2.1/thumb/v6-m/nofp/libgcc.a(truncdfsf2.o)
                0x08002224                __aeabi_d2f
 .text          0x08002330       0x3c /usr/lib/gcc/arm-none-eabi/13.2.1/thumb/v6-m/nofp/libgcc.a(_clzsi2.o)
                0x08002330                __clzsi2
 .text          0x0800236c       0xa8 /usr/lib/gcc/arm-none-eabi/13.2.1/../../../arm-none-eabi/lib/thumb/v6-m/nofp/libg.a(libc_a-memset.o)
                0x0800236c                memset
 .text          0x08002414       0x8c /usr/lib/gcc/arm-none-eabi/13.2.1/../../../arm-none-eabi/lib/thumb/v6-m/nofp/libg.a(libc_a-memcpy-stub.o)
                0x08002414                memcpy
 .text          0x080024a0       0x48 /usr/lib/gcc/arm-none-eabi/13.2.1/../../../arm-none-eabi/lib/thumb/v6-m/nofp/libg.a(libc_a-init.o)
                0x080024a0                __libc_init_array
 *(.text.*)
 .text.System_Clock_Init
                0x080024e8       0x40 /tmp/ccJDFvd4.o
                0x080024e8                System_Clock_Init
 .text.Delay    0x08002528       0x18 /tmp/ccJDFvd4.o
                0x08002528                Delay
 .text.startup.main
                0x08002540       0x6c /tmp/ccJDFvd4.o
                0x08002540                main
 .text.TimingDelay_Decrement
                0x080025ac       0x14 /tmp/ccJDFvd4.o
                0x080025ac                TimingDelay_Decrement
 .text.SystemInit
                0x080025c0       0xb4 /tmp/ccCIxIYt.o
                0x080025c0                SystemInit
 .text.STM_EVAL_LEDToggle
                0x08002674       0x14 /tmp/ccpwBa58.o
                0x08002674                STM_EVAL_LEDToggle
 .text.STM_EVAL_PBGetState
                0x08002688       0x18 /tmp/ccpwBa58.o
                0x08002688                STM_EVAL_PBGetState
 .text.NMI_Handler
                0x080026a0        0x2 /tmp/ccg5R6VD.o
                0x080026a0                NMI_Handler
 .text.HardFault_Handler
                0x080026a2        0x2 /tmp/ccg5R6VD.o
                0x080026a2                HardFault_Handler
 .text.SVC_Handler
                0x080026a4        0x2 /tmp/ccg5R6VD.o
                0x080026a4                SVC_Handler
 .text.PendSV_Handler
                0x080026a6        0x2 /tmp/ccg5R6VD.o
                0x080026a6                PendSV_Handler
 .text.SysTick_Handler
                0x080026a8        0x8 /tmp/ccg5R6VD.o
                0x080026a8                SysTick_Handler
 .text.EXTI4_15_IRQHandler
                0x080026b0       0x3c /tmp/ccg5R6VD.o
                0x080026b0                EXTI4_15_IRQHandler
 .text.delay_microseconds
                0x080026ec       0x6c /tmp/ccEhhWAw.o
                0x080026ec                delay_microseconds
 .text.set_nrf24_SPI_CE.part.0
                0x08002758       0x16 /tmp/ccEhhWAw.o
 *fill*         0x0800276e        0x2 
 .text.I2C_Settings_Init
                0x08002770       0x80 /tmp/ccEhhWAw.o
                0x08002770                I2C_Settings_Init
 .text.I2C_transmit
                0x080027f0       0x68 /tmp/ccEhhWAw.o
                0x080027f0                I2C_transmit
 .text.I2C_receive
                0x08002858       0xb0 /tmp/ccEhhWAw.o
                0x08002858                I2C_receive
 .text.set_nrf24_SPI_CSN
                0x08002908       0x2c /tmp/ccEhhWAw.o
                0x08002908                set_nrf24_SPI_CSN
 .text.nrf24_write_register
                0x08002934       0x40 /tmp/ccEhhWAw.o
                0x08002934                nrf24_write_register
 .text.nrf24_multiwrite_register
                0x08002974       0x5c /tmp/ccEhhWAw.o
                0x08002974                nrf24_multiwrite_register
 .text.nrf24_write_TX_payload
                0x080029d0       0x74 /tmp/ccEhhWAw.o
                0x080029d0                nrf24_write_TX_payload
 .text.nrf24_clear_TX
                0x08002a44       0x30 /tmp/ccEhhWAw.o
                0x08002a44                nrf24_clear_TX
 .text.transmitBytesNRF
                0x08002a74       0xc4 /tmp/ccEhhWAw.o
                0x08002a74                transmitBytesNRF
 .text.transmit
                0x08002b38       0x94 /tmp/ccEhhWAw.o
                0x08002b38                transmit
 .text.test_nrf24_connection
                0x08002bcc       0x14 /tmp/ccEhhWAw.o
                0x08002bcc                test_nrf24_connection
 .text.MySPI_Init
                0x08002be0       0x88 /tmp/ccEhhWAw.o
                0x08002be0                MySPI_Init
 .text.NRF24L01p_Init
                0x08002c68       0x4c /tmp/ccEhhWAw.o
                0x08002c68                NRF24L01p_Init
 .text.ICM20948_init
                0x08002cb4       0xa0 /tmp/ccEhhWAw.o
                0x08002cb4                ICM20948_init
 .text.getICM20948_ACCEL_GYRO_TEMPdata
                0x08002d54      0x180 /tmp/ccEhhWAw.o
                0x08002d54                getICM20948_ACCEL_GYRO_TEMPdata
 .text.Reset_Handler
                0x08002ed4       0x50 /tmp/ccpos7j8.o
                0x08002ed4                Reset_Handler
 .text.Default_Handler
                0x08002f24        0x2 /tmp/ccpos7j8.o
                0x08002f24                TIM1_CC_IRQHandler
                0x08002f24                ADC1_COMP_IRQHandler
                0x08002f24                PVD_IRQHandler
                0x08002f24                I2C1_IRQHandler
                0x08002f24                SPI1_IRQHandler
                0x08002f24                TIM6_DAC_IRQHandler
                0x08002f24                EXTI2_3_IRQHandler
                0x08002f24                I2C2_IRQHandler
                0x08002f24                TIM17_IRQHandler
                0x08002f24                RTC_IRQHandler
                0x08002f24                TIM16_IRQHandler
                0x08002f24                TIM3_IRQHandler
                0x08002f24                RCC_IRQHandler
                0x08002f24                DMA1_Channel1_IRQHandler
                0x08002f24                Default_Handler
                0x08002f24                CEC_IRQHandler
                0x08002f24                TIM14_IRQHandler
                0x08002f24                DMA1_Channel4_5_IRQHandler
                0x08002f24                TIM15_IRQHandler
                0x08002f24                EXTI0_1_IRQHandler
                0x08002f24                SPI2_IRQHandler
                0x08002f24                TS_IRQHandler
                0x08002f24                WWDG_IRQHandler
                0x08002f24                TIM2_IRQHandler
                0x08002f24                DMA1_Channel2_3_IRQHandler
                0x08002f24                USART2_IRQHandler
                0x08002f24                FLASH_IRQHandler
                0x08002f24                USART1_IRQHandler
                0x08002f24                TIM1_BRK_UP_TRG_COM_IRQHandler
 *(.rodata)
 .rodata        0x08002f26        0xe /tmp/ccEhhWAw.o
 .rodata        0x08002f34       0x10 Libraries/libstm32f0.a(stm32f0xx_rcc.o)
 .rodata        0x08002f44       0x7c /usr/lib/gcc/arm-none-eabi/13.2.1/thumb/v6-m/nofp/libgcc.a(divsf3.o)
 *(.rodata*)
 .rodata.main.str1.1
                0x08002fc0       0x21 /tmp/ccJDFvd4.o
 *(.glue_7)
 .glue_7        0x08002fe1        0x0 linker stubs
 *(.glue_7t)
 .glue_7t       0x08002fe1        0x0 linker stubs
 *(.init)
 *fill*         0x08002fe1        0x3 
 .init          0x08002fe4        0x4 /usr/lib/gcc/arm-none-eabi/13.2.1/thumb/v6-m/nofp/crti.o
                0x08002fe4                _init
 .init          0x08002fe8        0x8 /usr/lib/gcc/arm-none-eabi/13.2.1/thumb/v6-m/nofp/crtn.o
 *(.fini)
 .fini          0x08002ff0        0x4 /usr/lib/gcc/arm-none-eabi/13.2.1/thumb/v6-m/nofp/crti.o
                0x08002ff0                _fini
 .fini          0x08002ff4        0x8 /usr/lib/gcc/arm-none-eabi/13.2.1/thumb/v6-m/nofp/crtn.o
                0x08002ffc                        . = ALIGN (0x4)
                0x08002ffc                        _etext = .
                0x08002ffc                        _sidata = _etext

.vfp11_veneer   0x08002ffc        0x0
 .vfp11_veneer  0x08002ffc        0x0 linker stubs

.v4_bx          0x08002ffc        0x0
 .v4_bx         0x08002ffc        0x0 linker stubs

.iplt           0x08002ffc        0x0
 .iplt          0x08002ffc        0x0 /tmp/ccJDFvd4.o

.rel.dyn        0x08002ffc        0x0
 .rel.iplt      0x08002ffc        0x0 /tmp/ccJDFvd4.o

.data           0x20000000       0x18 load address 0x08002ffc
                0x20000000                        . = ALIGN (0x4)
                0x20000000                        _sdata = .
                0x20000000                        _data = .
 *(.data)
 *(.data.*)
 .data.BUTTON_PORT
                0x20000000        0x4 /tmp/ccpwBa58.o
                0x20000000                BUTTON_PORT
 .data.GPIO_PORT
                0x20000004        0x4 /tmp/ccpwBa58.o
                0x20000004                GPIO_PORT
 .data.ADDRESS_LEN
                0x20000008        0x1 /tmp/ccEhhWAw.o
                0x20000008                ADDRESS_LEN
 .data.ACK      0x20000009        0x1 /tmp/ccEhhWAw.o
                0x20000009                ACK
 .data.FLUSH_TX
                0x2000000a        0x1 /tmp/ccEhhWAw.o
                0x2000000a                FLUSH_TX
 .data.STATUS_REG
                0x2000000b        0x1 /tmp/ccEhhWAw.o
                0x2000000b                STATUS_REG
 .data.WRITE_PAYLOAD_NOACK
                0x2000000c        0x1 /tmp/ccEhhWAw.o
                0x2000000c                WRITE_PAYLOAD_NOACK
 .data.WRITE_PAYLOAD_COMMAND
                0x2000000d        0x1 /tmp/ccEhhWAw.o
                0x2000000d                WRITE_PAYLOAD_COMMAND
 .data.WRITE_COMMAND
                0x2000000e        0x1 /tmp/ccEhhWAw.o
                0x2000000e                WRITE_COMMAND
 .data.FEATURE  0x2000000f        0x1 /tmp/ccEhhWAw.o
                0x2000000f                FEATURE
 .data.TX_ADDR  0x20000010        0x1 /tmp/ccEhhWAw.o
                0x20000010                TX_ADDR
 .data.RX_PW_P0
                0x20000011        0x1 /tmp/ccEhhWAw.o
                0x20000011                RX_PW_P0
 .data.RX_ADDR_P0
                0x20000012        0x1 /tmp/ccEhhWAw.o
                0x20000012                RX_ADDR_P0
 .data.RF_SETUP
                0x20000013        0x1 /tmp/ccEhhWAw.o
                0x20000013                RF_SETUP
 .data.SETUP_AW
                0x20000014        0x1 /tmp/ccEhhWAw.o
                0x20000014                SETUP_AW
 .data.ENAA     0x20000015        0x1 /tmp/ccEhhWAw.o
                0x20000015                ENAA
 *(.RAMtext)
                0x20000018                        . = ALIGN (0x4)
 *fill*         0x20000016        0x2 
                0x20000018                        _edata = .

.igot.plt       0x20000018        0x0 load address 0x08003014
 .igot.plt      0x20000018        0x0 /tmp/ccJDFvd4.o

.bss            0x20000018       0x30 load address 0x08003014
                0x20000018                        . = ALIGN (0x4)
                0x20000018                        _sbss = .
                0x20000018                        _bss = .
 *(.bss)
 *(.bss.*)
 .bss.RCC_Clocks
                0x20000018       0x1c /tmp/ccJDFvd4.o
                0x20000018                RCC_Clocks
 .bss.BlinkSpeed
                0x20000034        0x1 /tmp/ccJDFvd4.o
                0x20000034                BlinkSpeed
 *fill*         0x20000035        0x3 
 .bss.TimingDelay
                0x20000038        0x4 /tmp/ccJDFvd4.o
 .bss.CONFIG    0x2000003c        0x1 /tmp/ccEhhWAw.o
                0x2000003c                CONFIG
 *fill*         0x2000003d        0x3 
 .bss.ctx       0x20000040        0x8 /tmp/ccEhhWAw.o
                0x20000040                ctx
 *(COMMON)
                0x20000048                        . = ALIGN (0x4)
                0x20000048                        _ebss = .
                [!provide]                        PROVIDE (end = _ebss)
                [!provide]                        PROVIDE (_end = _ebss)
                0x20000048                        __exidx_start = .
                0x20000048                        __exidx_end = .

/DISCARD/
 libc.a(*)
 libm.a(*)
 libgcc.a(*)

.stab
 *(.stab)

.stabstr
 *(.stabstr)

.stab.excl
 *(.stab.excl)

.stab.exclstr
 *(.stab.exclstr)

.stab.index
 *(.stab.index)

.stab.indexstr
 *(.stab.indexstr)

.comment        0x00000000       0x26
 *(.comment)
 .comment       0x00000000       0x26 /tmp/ccJDFvd4.o
                                 0x27 (size before relaxing)
 .comment       0x00000026       0x27 /tmp/ccCIxIYt.o
 .comment       0x00000026       0x27 /tmp/ccpwBa58.o
 .comment       0x00000026       0x27 /tmp/ccg5R6VD.o
 .comment       0x00000026       0x27 /tmp/ccEhhWAw.o
 .comment       0x00000026       0x27 Libraries/libstm32f0.a(stm32f0xx_exti.o)
 .comment       0x00000026       0x27 Libraries/libstm32f0.a(stm32f0xx_gpio.o)
 .comment       0x00000026       0x27 Libraries/libstm32f0.a(stm32f0xx_i2c.o)
 .comment       0x00000026       0x27 Libraries/libstm32f0.a(stm32f0xx_rcc.o)
 .comment       0x00000026       0x27 Libraries/libstm32f0.a(stm32f0xx_spi.o)
 .comment       0x00000026       0x27 /usr/lib/gcc/arm-none-eabi/13.2.1/thumb/v6-m/nofp/libgcc.a(addsf3.o)
 .comment       0x00000026       0x27 /usr/lib/gcc/arm-none-eabi/13.2.1/thumb/v6-m/nofp/libgcc.a(divsf3.o)
 .comment       0x00000026       0x27 /usr/lib/gcc/arm-none-eabi/13.2.1/thumb/v6-m/nofp/libgcc.a(mulsf3.o)
 .comment       0x00000026       0x27 /usr/lib/gcc/arm-none-eabi/13.2.1/thumb/v6-m/nofp/libgcc.a(floatsisf.o)
 .comment       0x00000026       0x27 /usr/lib/gcc/arm-none-eabi/13.2.1/thumb/v6-m/nofp/libgcc.a(muldf3.o)
 .comment       0x00000026       0x27 /usr/lib/gcc/arm-none-eabi/13.2.1/thumb/v6-m/nofp/libgcc.a(extendsfdf2.o)
 .comment       0x00000026       0x27 /usr/lib/gcc/arm-none-eabi/13.2.1/thumb/v6-m/nofp/libgcc.a(truncdfsf2.o)
 .comment       0x00000026       0x27 /usr/lib/gcc/arm-none-eabi/13.2.1/../../../arm-none-eabi/lib/thumb/v6-m/nofp/libg.a(libc_a-memset.o)
 .comment       0x00000026       0x27 /usr/lib/gcc/arm-none-eabi/13.2.1/../../../arm-none-eabi/lib/thumb/v6-m/nofp/libg.a(libc_a-memcpy-stub.o)
 .comment       0x00000026       0x27 /usr/lib/gcc/arm-none-eabi/13.2.1/../../../arm-none-eabi/lib/thumb/v6-m/nofp/libg.a(libc_a-init.o)

.ARM.attributes
                0x00000000       0x28
 .ARM.attributes
                0x00000000       0x1e /usr/lib/gcc/arm-none-eabi/13.2.1/thumb/v6-m/nofp/crti.o
 .ARM.attributes
                0x0000001e       0x2c /tmp/ccJDFvd4.o
 .ARM.attributes
                0x0000004a       0x2c /tmp/ccCIxIYt.o
 .ARM.attributes
                0x00000076       0x2c /tmp/ccpwBa58.o
 .ARM.attributes
                0x000000a2       0x2c /tmp/ccg5R6VD.o
 .ARM.attributes
                0x000000ce       0x2c /tmp/ccEhhWAw.o
 .ARM.attributes
                0x000000fa       0x21 /tmp/ccpos7j8.o
 .ARM.attributes
                0x0000011b       0x2c Libraries/libstm32f0.a(stm32f0xx_exti.o)
 .ARM.attributes
                0x00000147       0x2c Libraries/libstm32f0.a(stm32f0xx_gpio.o)
 .ARM.attributes
                0x00000173       0x2c Libraries/libstm32f0.a(stm32f0xx_i2c.o)
 .ARM.attributes
                0x0000019f       0x2c Libraries/libstm32f0.a(stm32f0xx_rcc.o)
 .ARM.attributes
                0x000001cb       0x2c Libraries/libstm32f0.a(stm32f0xx_spi.o)
 .ARM.attributes
                0x000001f7       0x1e /usr/lib/gcc/arm-none-eabi/13.2.1/thumb/v6-m/nofp/libgcc.a(_udivsi3.o)
 .ARM.attributes
                0x00000215       0x1e /usr/lib/gcc/arm-none-eabi/13.2.1/thumb/v6-m/nofp/libgcc.a(_divsi3.o)
 .ARM.attributes
                0x00000233       0x1e /usr/lib/gcc/arm-none-eabi/13.2.1/thumb/v6-m/nofp/libgcc.a(_dvmd_tls.o)
 .ARM.attributes
                0x00000251       0x2c /usr/lib/gcc/arm-none-eabi/13.2.1/thumb/v6-m/nofp/libgcc.a(addsf3.o)
 .ARM.attributes
                0x0000027d       0x2c /usr/lib/gcc/arm-none-eabi/13.2.1/thumb/v6-m/nofp/libgcc.a(divsf3.o)
 .ARM.attributes
                0x000002a9       0x2c /usr/lib/gcc/arm-none-eabi/13.2.1/thumb/v6-m/nofp/libgcc.a(mulsf3.o)
 .ARM.attributes
                0x000002d5       0x2c /usr/lib/gcc/arm-none-eabi/13.2.1/thumb/v6-m/nofp/libgcc.a(floatsisf.o)
 .ARM.attributes
                0x00000301       0x2c /usr/lib/gcc/arm-none-eabi/13.2.1/thumb/v6-m/nofp/libgcc.a(muldf3.o)
 .ARM.attributes
                0x0000032d       0x2c /usr/lib/gcc/arm-none-eabi/13.2.1/thumb/v6-m/nofp/libgcc.a(extendsfdf2.o)
 .ARM.attributes
                0x00000359       0x2c /usr/lib/gcc/arm-none-eabi/13.2.1/thumb/v6-m/nofp/libgcc.a(truncdfsf2.o)
 .ARM.attributes
                0x00000385       0x1e /usr/lib/gcc/arm-none-eabi/13.2.1/thumb/v6-m/nofp/libgcc.a(_clzsi2.o)
 .ARM.attributes
                0x000003a3       0x2c /usr/lib/gcc/arm-none-eabi/13.2.1/../../../arm-none-eabi/lib/thumb/v6-m/nofp/libg.a(libc_a-memset.o)
 .ARM.attributes
                0x000003cf       0x2c /usr/lib/gcc/arm-none-eabi/13.2.1/../../../arm-none-eabi/lib/thumb/v6-m/nofp/libg.a(libc_a-memcpy-stub.o)
 .ARM.attributes
                0x000003fb       0x2c /usr/lib/gcc/arm-none-eabi/13.2.1/../../../arm-none-eabi/lib/thumb/v6-m/nofp/libg.a(libc_a-init.o)
 .ARM.attributes
                0x00000427       0x1e /usr/lib/gcc/arm-none-eabi/13.2.1/thumb/v6-m/nofp/crtn.o

.debug
 *(.debug)

.line
 *(.line)

.debug_srcinfo
 *(.debug_srcinfo)

.debug_sfnames
 *(.debug_sfnames)

.debug_aranges  0x00000000      0x520
 *(.debug_aranges)
 .debug_aranges
                0x00000000       0x58 /tmp/ccJDFvd4.o
 .debug_aranges
                0x00000058       0x28 /tmp/ccCIxIYt.o
 .debug_aranges
                0x00000080       0x78 /tmp/ccpwBa58.o
 .debug_aranges
                0x000000f8       0x68 /tmp/ccg5R6VD.o
 .debug_aranges
                0x00000160      0x138 /tmp/ccEhhWAw.o
 .debug_aranges
                0x00000298       0x28 /tmp/ccpos7j8.o
 .debug_aranges
                0x000002c0       0x20 Libraries/libstm32f0.a(stm32f0xx_exti.o)
 .debug_aranges
                0x000002e0       0x20 Libraries/libstm32f0.a(stm32f0xx_gpio.o)
 .debug_aranges
                0x00000300       0x20 Libraries/libstm32f0.a(stm32f0xx_i2c.o)
 .debug_aranges
                0x00000320       0x20 Libraries/libstm32f0.a(stm32f0xx_rcc.o)
 .debug_aranges
                0x00000340       0x20 Libraries/libstm32f0.a(stm32f0xx_spi.o)
 .debug_aranges
                0x00000360       0x20 /usr/lib/gcc/arm-none-eabi/13.2.1/thumb/v6-m/nofp/libgcc.a(_udivsi3.o)
 .debug_aranges
                0x00000380       0x20 /usr/lib/gcc/arm-none-eabi/13.2.1/thumb/v6-m/nofp/libgcc.a(_divsi3.o)
 .debug_aranges
                0x000003a0       0x20 /usr/lib/gcc/arm-none-eabi/13.2.1/thumb/v6-m/nofp/libgcc.a(_dvmd_tls.o)
 .debug_aranges
                0x000003c0       0x20 /usr/lib/gcc/arm-none-eabi/13.2.1/thumb/v6-m/nofp/libgcc.a(addsf3.o)
 .debug_aranges
                0x000003e0       0x20 /usr/lib/gcc/arm-none-eabi/13.2.1/thumb/v6-m/nofp/libgcc.a(divsf3.o)
 .debug_aranges
                0x00000400       0x20 /usr/lib/gcc/arm-none-eabi/13.2.1/thumb/v6-m/nofp/libgcc.a(mulsf3.o)
 .debug_aranges
                0x00000420       0x20 /usr/lib/gcc/arm-none-eabi/13.2.1/thumb/v6-m/nofp/libgcc.a(floatsisf.o)
 .debug_aranges
                0x00000440       0x20 /usr/lib/gcc/arm-none-eabi/13.2.1/thumb/v6-m/nofp/libgcc.a(muldf3.o)
 .debug_aranges
                0x00000460       0x20 /usr/lib/gcc/arm-none-eabi/13.2.1/thumb/v6-m/nofp/libgcc.a(extendsfdf2.o)
 .debug_aranges
                0x00000480       0x20 /usr/lib/gcc/arm-none-eabi/13.2.1/thumb/v6-m/nofp/libgcc.a(truncdfsf2.o)
 .debug_aranges
                0x000004a0       0x20 /usr/lib/gcc/arm-none-eabi/13.2.1/thumb/v6-m/nofp/libgcc.a(_clzsi2.o)
 .debug_aranges
                0x000004c0       0x20 /usr/lib/gcc/arm-none-eabi/13.2.1/../../../arm-none-eabi/lib/thumb/v6-m/nofp/libg.a(libc_a-memset.o)
 .debug_aranges
                0x000004e0       0x20 /usr/lib/gcc/arm-none-eabi/13.2.1/../../../arm-none-eabi/lib/thumb/v6-m/nofp/libg.a(libc_a-memcpy-stub.o)
 .debug_aranges
                0x00000500       0x20 /usr/lib/gcc/arm-none-eabi/13.2.1/../../../arm-none-eabi/lib/thumb/v6-m/nofp/libg.a(libc_a-init.o)

.debug_pubnames
 *(.debug_pubnames)

.debug_info     0x00000000     0xa28b
 *(.debug_info .gnu.linkonce.wi.*)
 .debug_info    0x00000000      0xb62 /tmp/ccJDFvd4.o
 .debug_info    0x00000b62      0x2df /tmp/ccCIxIYt.o
 .debug_info    0x00000e41     0x11b6 /tmp/ccpwBa58.o
 .debug_info    0x00001ff7      0x1f2 /tmp/ccg5R6VD.o
 .debug_info    0x000021e9     0x3614 /tmp/ccEhhWAw.o
 .debug_info    0x000057fd       0x30 /tmp/ccpos7j8.o
 .debug_info    0x0000582d      0x341 Libraries/libstm32f0.a(stm32f0xx_exti.o)
 .debug_info    0x00005b6e      0x730 Libraries/libstm32f0.a(stm32f0xx_gpio.o)
 .debug_info    0x0000629e      0xc59 Libraries/libstm32f0.a(stm32f0xx_i2c.o)
 .debug_info    0x00006ef7      0xa7c Libraries/libstm32f0.a(stm32f0xx_rcc.o)
 .debug_info    0x00007973      0xbc5 Libraries/libstm32f0.a(stm32f0xx_spi.o)
 .debug_info    0x00008538       0x3e /usr/lib/gcc/arm-none-eabi/13.2.1/thumb/v6-m/nofp/libgcc.a(_udivsi3.o)
 .debug_info    0x00008576       0x3e /usr/lib/gcc/arm-none-eabi/13.2.1/thumb/v6-m/nofp/libgcc.a(_divsi3.o)
 .debug_info    0x000085b4       0x3c /usr/lib/gcc/arm-none-eabi/13.2.1/thumb/v6-m/nofp/libgcc.a(_dvmd_tls.o)
 .debug_info    0x000085f0      0x316 /usr/lib/gcc/arm-none-eabi/13.2.1/thumb/v6-m/nofp/libgcc.a(addsf3.o)
 .debug_info    0x00008906      0x33b /usr/lib/gcc/arm-none-eabi/13.2.1/thumb/v6-m/nofp/libgcc.a(divsf3.o)
 .debug_info    0x00008c41      0x3ad /usr/lib/gcc/arm-none-eabi/13.2.1/thumb/v6-m/nofp/libgcc.a(mulsf3.o)
 .debug_info    0x00008fee      0x22e /usr/lib/gcc/arm-none-eabi/13.2.1/thumb/v6-m/nofp/libgcc.a(floatsisf.o)
 .debug_info    0x0000921c      0x7bd /usr/lib/gcc/arm-none-eabi/13.2.1/thumb/v6-m/nofp/libgcc.a(muldf3.o)
 .debug_info    0x000099d9      0x269 /usr/lib/gcc/arm-none-eabi/13.2.1/thumb/v6-m/nofp/libgcc.a(extendsfdf2.o)
 .debug_info    0x00009c42      0x286 /usr/lib/gcc/arm-none-eabi/13.2.1/thumb/v6-m/nofp/libgcc.a(truncdfsf2.o)
 .debug_info    0x00009ec8       0x31 /usr/lib/gcc/arm-none-eabi/13.2.1/thumb/v6-m/nofp/libgcc.a(_clzsi2.o)
 .debug_info    0x00009ef9      0x135 /usr/lib/gcc/arm-none-eabi/13.2.1/../../../arm-none-eabi/lib/thumb/v6-m/nofp/libg.a(libc_a-memset.o)
 .debug_info    0x0000a02e      0x152 /usr/lib/gcc/arm-none-eabi/13.2.1/../../../arm-none-eabi/lib/thumb/v6-m/nofp/libg.a(libc_a-memcpy-stub.o)
 .debug_info    0x0000a180      0x10b /usr/lib/gcc/arm-none-eabi/13.2.1/../../../arm-none-eabi/lib/thumb/v6-m/nofp/libg.a(libc_a-init.o)

.debug_abbrev   0x00000000     0x2769
 *(.debug_abbrev)
 .debug_abbrev  0x00000000      0x3b3 /tmp/ccJDFvd4.o
 .debug_abbrev  0x000003b3      0x179 /tmp/ccCIxIYt.o
 .debug_abbrev  0x0000052c      0x2b5 /tmp/ccpwBa58.o
 .debug_abbrev  0x000007e1      0x155 /tmp/ccg5R6VD.o
 .debug_abbrev  0x00000936      0x5fa /tmp/ccEhhWAw.o
 .debug_abbrev  0x00000f30       0x24 /tmp/ccpos7j8.o
 .debug_abbrev  0x00000f54      0x21b Libraries/libstm32f0.a(stm32f0xx_exti.o)
 .debug_abbrev  0x0000116f      0x224 Libraries/libstm32f0.a(stm32f0xx_gpio.o)
 .debug_abbrev  0x00001393      0x257 Libraries/libstm32f0.a(stm32f0xx_i2c.o)
 .debug_abbrev  0x000015ea      0x2ed Libraries/libstm32f0.a(stm32f0xx_rcc.o)
 .debug_abbrev  0x000018d7      0x21c Libraries/libstm32f0.a(stm32f0xx_spi.o)
 .debug_abbrev  0x00001af3       0x28 /usr/lib/gcc/arm-none-eabi/13.2.1/thumb/v6-m/nofp/libgcc.a(_udivsi3.o)
 .debug_abbrev  0x00001b1b       0x28 /usr/lib/gcc/arm-none-eabi/13.2.1/thumb/v6-m/nofp/libgcc.a(_divsi3.o)
 .debug_abbrev  0x00001b43       0x26 /usr/lib/gcc/arm-none-eabi/13.2.1/thumb/v6-m/nofp/libgcc.a(_dvmd_tls.o)
 .debug_abbrev  0x00001b69      0x15c /usr/lib/gcc/arm-none-eabi/13.2.1/thumb/v6-m/nofp/libgcc.a(addsf3.o)
 .debug_abbrev  0x00001cc5      0x153 /usr/lib/gcc/arm-none-eabi/13.2.1/thumb/v6-m/nofp/libgcc.a(divsf3.o)
 .debug_abbrev  0x00001e18      0x164 /usr/lib/gcc/arm-none-eabi/13.2.1/thumb/v6-m/nofp/libgcc.a(mulsf3.o)
 .debug_abbrev  0x00001f7c      0x170 /usr/lib/gcc/arm-none-eabi/13.2.1/thumb/v6-m/nofp/libgcc.a(floatsisf.o)
 .debug_abbrev  0x000020ec      0x17d /usr/lib/gcc/arm-none-eabi/13.2.1/thumb/v6-m/nofp/libgcc.a(muldf3.o)
 .debug_abbrev  0x00002269      0x157 /usr/lib/gcc/arm-none-eabi/13.2.1/thumb/v6-m/nofp/libgcc.a(extendsfdf2.o)
 .debug_abbrev  0x000023c0      0x137 /usr/lib/gcc/arm-none-eabi/13.2.1/thumb/v6-m/nofp/libgcc.a(truncdfsf2.o)
 .debug_abbrev  0x000024f7       0x28 /usr/lib/gcc/arm-none-eabi/13.2.1/thumb/v6-m/nofp/libgcc.a(_clzsi2.o)
 .debug_abbrev  0x0000251f       0xb7 /usr/lib/gcc/arm-none-eabi/13.2.1/../../../arm-none-eabi/lib/thumb/v6-m/nofp/libg.a(libc_a-memset.o)
 .debug_abbrev  0x000025d6       0xca /usr/lib/gcc/arm-none-eabi/13.2.1/../../../arm-none-eabi/lib/thumb/v6-m/nofp/libg.a(libc_a-memcpy-stub.o)
 .debug_abbrev  0x000026a0       0xc9 /usr/lib/gcc/arm-none-eabi/13.2.1/../../../arm-none-eabi/lib/thumb/v6-m/nofp/libg.a(libc_a-init.o)

.debug_line     0x00000000     0x76c0
 *(.debug_line)
 .debug_line    0x00000000      0x3f1 /tmp/ccJDFvd4.o
 .debug_line    0x000003f1      0x2b0 /tmp/ccCIxIYt.o
 .debug_line    0x000006a1      0x5b6 /tmp/ccpwBa58.o
 .debug_line    0x00000c57      0x226 /tmp/ccg5R6VD.o
 .debug_line    0x00000e7d     0x16fd /tmp/ccEhhWAw.o
 .debug_line    0x0000257a       0x7c /tmp/ccpos7j8.o
 .debug_line    0x000025f6      0x299 Libraries/libstm32f0.a(stm32f0xx_exti.o)
 .debug_line    0x0000288f      0x3fe Libraries/libstm32f0.a(stm32f0xx_gpio.o)
 .debug_line    0x00002c8d      0x8e4 Libraries/libstm32f0.a(stm32f0xx_i2c.o)
 .debug_line    0x00003571      0xa16 Libraries/libstm32f0.a(stm32f0xx_rcc.o)
 .debug_line    0x00003f87      0x72a Libraries/libstm32f0.a(stm32f0xx_spi.o)
 .debug_line    0x000046b1       0x56 /usr/lib/gcc/arm-none-eabi/13.2.1/thumb/v6-m/nofp/libgcc.a(_udivsi3.o)
 .debug_line    0x00004707       0x5d /usr/lib/gcc/arm-none-eabi/13.2.1/thumb/v6-m/nofp/libgcc.a(_divsi3.o)
 .debug_line    0x00004764       0x4a /usr/lib/gcc/arm-none-eabi/13.2.1/thumb/v6-m/nofp/libgcc.a(_dvmd_tls.o)
 .debug_line    0x000047ae      0xaa6 /usr/lib/gcc/arm-none-eabi/13.2.1/thumb/v6-m/nofp/libgcc.a(addsf3.o)
 .debug_line    0x00005254      0x61d /usr/lib/gcc/arm-none-eabi/13.2.1/thumb/v6-m/nofp/libgcc.a(divsf3.o)
 .debug_line    0x00005871      0x5bf /usr/lib/gcc/arm-none-eabi/13.2.1/thumb/v6-m/nofp/libgcc.a(mulsf3.o)
 .debug_line    0x00005e30      0x214 /usr/lib/gcc/arm-none-eabi/13.2.1/thumb/v6-m/nofp/libgcc.a(floatsisf.o)
 .debug_line    0x00006044      0xbaa /usr/lib/gcc/arm-none-eabi/13.2.1/thumb/v6-m/nofp/libgcc.a(muldf3.o)
 .debug_line    0x00006bee      0x1fc /usr/lib/gcc/arm-none-eabi/13.2.1/thumb/v6-m/nofp/libgcc.a(extendsfdf2.o)
 .debug_line    0x00006dea      0x3cf /usr/lib/gcc/arm-none-eabi/13.2.1/thumb/v6-m/nofp/libgcc.a(truncdfsf2.o)
 .debug_line    0x000071b9       0x5e /usr/lib/gcc/arm-none-eabi/13.2.1/thumb/v6-m/nofp/libgcc.a(_clzsi2.o)
 .debug_line    0x00007217      0x1bd /usr/lib/gcc/arm-none-eabi/13.2.1/../../../arm-none-eabi/lib/thumb/v6-m/nofp/libg.a(libc_a-memset.o)
 .debug_line    0x000073d4      0x1e7 /usr/lib/gcc/arm-none-eabi/13.2.1/../../../arm-none-eabi/lib/thumb/v6-m/nofp/libg.a(libc_a-memcpy-stub.o)
 .debug_line    0x000075bb      0x105 /usr/lib/gcc/arm-none-eabi/13.2.1/../../../arm-none-eabi/lib/thumb/v6-m/nofp/libg.a(libc_a-init.o)

.debug_frame    0x00000000     0x12c4
 *(.debug_frame)
 .debug_frame   0x00000000       0xd0 /tmp/ccJDFvd4.o
 .debug_frame   0x000000d0       0x48 /tmp/ccCIxIYt.o
 .debug_frame   0x00000118      0x144 /tmp/ccpwBa58.o
 .debug_frame   0x0000025c       0xc0 /tmp/ccg5R6VD.o
 .debug_frame   0x0000031c      0x420 /tmp/ccEhhWAw.o
 .debug_frame   0x0000073c       0x9c Libraries/libstm32f0.a(stm32f0xx_exti.o)
 .debug_frame   0x000007d8      0x110 Libraries/libstm32f0.a(stm32f0xx_gpio.o)
 .debug_frame   0x000008e8      0x2dc Libraries/libstm32f0.a(stm32f0xx_i2c.o)
 .debug_frame   0x00000bc4      0x298 Libraries/libstm32f0.a(stm32f0xx_rcc.o)
 .debug_frame   0x00000e5c      0x234 Libraries/libstm32f0.a(stm32f0xx_spi.o)
 .debug_frame   0x00001090       0x20 /usr/lib/gcc/arm-none-eabi/13.2.1/thumb/v6-m/nofp/libgcc.a(_udivsi3.o)
 .debug_frame   0x000010b0       0x20 /usr/lib/gcc/arm-none-eabi/13.2.1/thumb/v6-m/nofp/libgcc.a(_divsi3.o)
 .debug_frame   0x000010d0       0x34 /usr/lib/gcc/arm-none-eabi/13.2.1/thumb/v6-m/nofp/libgcc.a(addsf3.o)
 .debug_frame   0x00001104       0x38 /usr/lib/gcc/arm-none-eabi/13.2.1/thumb/v6-m/nofp/libgcc.a(divsf3.o)
 .debug_frame   0x0000113c       0x38 /usr/lib/gcc/arm-none-eabi/13.2.1/thumb/v6-m/nofp/libgcc.a(mulsf3.o)
 .debug_frame   0x00001174       0x2c /usr/lib/gcc/arm-none-eabi/13.2.1/thumb/v6-m/nofp/libgcc.a(floatsisf.o)
 .debug_frame   0x000011a0       0x3c /usr/lib/gcc/arm-none-eabi/13.2.1/thumb/v6-m/nofp/libgcc.a(muldf3.o)
 .debug_frame   0x000011dc       0x2c /usr/lib/gcc/arm-none-eabi/13.2.1/thumb/v6-m/nofp/libgcc.a(extendsfdf2.o)
 .debug_frame   0x00001208       0x30 /usr/lib/gcc/arm-none-eabi/13.2.1/thumb/v6-m/nofp/libgcc.a(truncdfsf2.o)
 .debug_frame   0x00001238       0x30 /usr/lib/gcc/arm-none-eabi/13.2.1/../../../arm-none-eabi/lib/thumb/v6-m/nofp/libg.a(libc_a-memset.o)
 .debug_frame   0x00001268       0x30 /usr/lib/gcc/arm-none-eabi/13.2.1/../../../arm-none-eabi/lib/thumb/v6-m/nofp/libg.a(libc_a-memcpy-stub.o)
 .debug_frame   0x00001298       0x2c /usr/lib/gcc/arm-none-eabi/13.2.1/../../../arm-none-eabi/lib/thumb/v6-m/nofp/libg.a(libc_a-init.o)

.debug_str      0x00000000     0x30a7
 *(.debug_str)
 .debug_str     0x00000000     0x30a7 /tmp/ccJDFvd4.o
                                0x68d (size before relaxing)
 .debug_str     0x000030a7      0x275 /tmp/ccCIxIYt.o
 .debug_str     0x000030a7      0xb91 /tmp/ccpwBa58.o
 .debug_str     0x000030a7      0x28e /tmp/ccg5R6VD.o
 .debug_str     0x000030a7     0x1206 /tmp/ccEhhWAw.o
 .debug_str     0x000030a7       0x59 /tmp/ccpos7j8.o
 .debug_str     0x000030a7      0x335 Libraries/libstm32f0.a(stm32f0xx_exti.o)
 .debug_str     0x000030a7      0x496 Libraries/libstm32f0.a(stm32f0xx_gpio.o)
 .debug_str     0x000030a7      0x635 Libraries/libstm32f0.a(stm32f0xx_i2c.o)
 .debug_str     0x000030a7      0x717 Libraries/libstm32f0.a(stm32f0xx_rcc.o)
 .debug_str     0x000030a7      0x730 Libraries/libstm32f0.a(stm32f0xx_spi.o)
 .debug_str     0x000030a7       0xbe /usr/lib/gcc/arm-none-eabi/13.2.1/thumb/v6-m/nofp/libgcc.a(_udivsi3.o)
 .debug_str     0x000030a7       0xbc /usr/lib/gcc/arm-none-eabi/13.2.1/thumb/v6-m/nofp/libgcc.a(_divsi3.o)
 .debug_str     0x000030a7       0xbf /usr/lib/gcc/arm-none-eabi/13.2.1/thumb/v6-m/nofp/libgcc.a(_dvmd_tls.o)
 .debug_str     0x000030a7      0x2c1 /usr/lib/gcc/arm-none-eabi/13.2.1/thumb/v6-m/nofp/libgcc.a(addsf3.o)
 .debug_str     0x000030a7      0x2e6 /usr/lib/gcc/arm-none-eabi/13.2.1/thumb/v6-m/nofp/libgcc.a(divsf3.o)
 .debug_str     0x000030a7      0x2e6 /usr/lib/gcc/arm-none-eabi/13.2.1/thumb/v6-m/nofp/libgcc.a(mulsf3.o)
 .debug_str     0x000030a7      0x288 /usr/lib/gcc/arm-none-eabi/13.2.1/thumb/v6-m/nofp/libgcc.a(floatsisf.o)
 .debug_str     0x000030a7      0x418 /usr/lib/gcc/arm-none-eabi/13.2.1/thumb/v6-m/nofp/libgcc.a(muldf3.o)
 .debug_str     0x000030a7      0x233 /usr/lib/gcc/arm-none-eabi/13.2.1/thumb/v6-m/nofp/libgcc.a(extendsfdf2.o)
 .debug_str     0x000030a7      0x289 /usr/lib/gcc/arm-none-eabi/13.2.1/thumb/v6-m/nofp/libgcc.a(truncdfsf2.o)
 .debug_str     0x000030a7       0xac /usr/lib/gcc/arm-none-eabi/13.2.1/thumb/v6-m/nofp/libgcc.a(_clzsi2.o)
 .debug_str     0x000030a7      0x1a1 /usr/lib/gcc/arm-none-eabi/13.2.1/../../../arm-none-eabi/lib/thumb/v6-m/nofp/libg.a(libc_a-memset.o)
 .debug_str     0x000030a7      0x1be /usr/lib/gcc/arm-none-eabi/13.2.1/../../../arm-none-eabi/lib/thumb/v6-m/nofp/libg.a(libc_a-memcpy-stub.o)
 .debug_str     0x000030a7      0x1ee /usr/lib/gcc/arm-none-eabi/13.2.1/../../../arm-none-eabi/lib/thumb/v6-m/nofp/libg.a(libc_a-init.o)

.debug_loc
 *(.debug_loc)

.debug_macinfo
 *(.debug_macinfo)

.debug_weaknames
 *(.debug_weaknames)

.debug_funcnames
 *(.debug_funcnames)

.debug_typenames
 *(.debug_typenames)

.debug_varnames
 *(.debug_varnames)
OUTPUT(main.elf elf32-littlearm)
LOAD linker stubs
LOAD /usr/lib/gcc/arm-none-eabi/13.2.1/../../../arm-none-eabi/lib/thumb/v6-m/nofp/libc.a
LOAD /usr/lib/gcc/arm-none-eabi/13.2.1/../../../arm-none-eabi/lib/thumb/v6-m/nofp/libm.a
LOAD /usr/lib/gcc/arm-none-eabi/13.2.1/thumb/v6-m/nofp/libgcc.a

.debug_loclists
                0x00000000     0x5545
 .debug_loclists
                0x00000000      0x23f /tmp/ccJDFvd4.o
 .debug_loclists
                0x0000023f       0xcb /tmp/ccCIxIYt.o
 .debug_loclists
                0x0000030a      0x168 /tmp/ccpwBa58.o
 .debug_loclists
                0x00000472      0xde0 /tmp/ccEhhWAw.o
 .debug_loclists
                0x00001252      0x147 Libraries/libstm32f0.a(stm32f0xx_exti.o)
 .debug_loclists
                0x00001399      0x30e Libraries/libstm32f0.a(stm32f0xx_gpio.o)
 .debug_loclists
                0x000016a7      0x452 Libraries/libstm32f0.a(stm32f0xx_i2c.o)
 .debug_loclists
                0x00001af9      0x4ce Libraries/libstm32f0.a(stm32f0xx_rcc.o)
 .debug_loclists
                0x00001fc7      0x5ed Libraries/libstm32f0.a(stm32f0xx_spi.o)
 .debug_loclists
                0x000025b4      0x845 /usr/lib/gcc/arm-none-eabi/13.2.1/thumb/v6-m/nofp/libgcc.a(addsf3.o)
 .debug_loclists
                0x00002df9      0x64a /usr/lib/gcc/arm-none-eabi/13.2.1/thumb/v6-m/nofp/libgcc.a(divsf3.o)
 .debug_loclists
                0x00003443      0x68c /usr/lib/gcc/arm-none-eabi/13.2.1/thumb/v6-m/nofp/libgcc.a(mulsf3.o)
 .debug_loclists
                0x00003acf      0x2ab /usr/lib/gcc/arm-none-eabi/13.2.1/thumb/v6-m/nofp/libgcc.a(floatsisf.o)
 .debug_loclists
                0x00003d7a      0xe26 /usr/lib/gcc/arm-none-eabi/13.2.1/thumb/v6-m/nofp/libgcc.a(muldf3.o)
 .debug_loclists
                0x00004ba0      0x16c /usr/lib/gcc/arm-none-eabi/13.2.1/thumb/v6-m/nofp/libgcc.a(extendsfdf2.o)
 .debug_loclists
                0x00004d0c      0x352 /usr/lib/gcc/arm-none-eabi/13.2.1/thumb/v6-m/nofp/libgcc.a(truncdfsf2.o)
 .debug_loclists
                0x0000505e      0x1c6 /usr/lib/gcc/arm-none-eabi/13.2.1/../../../arm-none-eabi/lib/thumb/v6-m/nofp/libg.a(libc_a-memset.o)
 .debug_loclists
                0x00005224      0x2c7 /usr/lib/gcc/arm-none-eabi/13.2.1/../../../arm-none-eabi/lib/thumb/v6-m/nofp/libg.a(libc_a-memcpy-stub.o)
 .debug_loclists
                0x000054eb       0x5a /usr/lib/gcc/arm-none-eabi/13.2.1/../../../arm-none-eabi/lib/thumb/v6-m/nofp/libg.a(libc_a-init.o)

.debug_rnglists
                0x00000000      0x756
 .debug_rnglists
                0x00000000       0x64 /tmp/ccJDFvd4.o
 .debug_rnglists
                0x00000064       0x1a /tmp/ccCIxIYt.o
 .debug_rnglists
                0x0000007e       0x57 /tmp/ccpwBa58.o
 .debug_rnglists
                0x000000d5       0x49 /tmp/ccg5R6VD.o
 .debug_rnglists
                0x0000011e      0x1a6 /tmp/ccEhhWAw.o
 .debug_rnglists
                0x000002c4       0x19 /tmp/ccpos7j8.o
 .debug_rnglists
                0x000002dd       0x2b Libraries/libstm32f0.a(stm32f0xx_rcc.o)
 .debug_rnglists
                0x00000308      0x15d /usr/lib/gcc/arm-none-eabi/13.2.1/thumb/v6-m/nofp/libgcc.a(addsf3.o)
 .debug_rnglists
                0x00000465       0x82 /usr/lib/gcc/arm-none-eabi/13.2.1/thumb/v6-m/nofp/libgcc.a(divsf3.o)
 .debug_rnglists
                0x000004e7       0x72 /usr/lib/gcc/arm-none-eabi/13.2.1/thumb/v6-m/nofp/libgcc.a(mulsf3.o)
 .debug_rnglists
                0x00000559       0x41 /usr/lib/gcc/arm-none-eabi/13.2.1/thumb/v6-m/nofp/libgcc.a(floatsisf.o)
 .debug_rnglists
                0x0000059a      0x131 /usr/lib/gcc/arm-none-eabi/13.2.1/thumb/v6-m/nofp/libgcc.a(muldf3.o)
 .debug_rnglists
                0x000006cb       0x3d /usr/lib/gcc/arm-none-eabi/13.2.1/thumb/v6-m/nofp/libgcc.a(extendsfdf2.o)
 .debug_rnglists
                0x00000708       0x4e /usr/lib/gcc/arm-none-eabi/13.2.1/thumb/v6-m/nofp/libgcc.a(truncdfsf2.o)

.debug_line_str
                0x00000000       0xd6
 .debug_line_str
                0x00000000       0xd6 /tmp/ccpos7j8.o
                                 0x3f (size before relaxing)
 .debug_line_str
                0x000000d6       0x97 /usr/lib/gcc/arm-none-eabi/13.2.1/thumb/v6-m/nofp/libgcc.a(_udivsi3.o)
 .debug_line_str
                0x000000d6       0x97 /usr/lib/gcc/arm-none-eabi/13.2.1/thumb/v6-m/nofp/libgcc.a(_divsi3.o)
 .debug_line_str
                0x000000d6       0x97 /usr/lib/gcc/arm-none-eabi/13.2.1/thumb/v6-m/nofp/libgcc.a(_dvmd_tls.o)
 .debug_line_str
                0x000000d6       0x97 /usr/lib/gcc/arm-none-eabi/13.2.1/thumb/v6-m/nofp/libgcc.a(_clzsi2.o)
