Archive member included to satisfy reference by file (symbol)

Libraries/libstm32f0.a(stm32f0xx_adc.o)
                              /tmp/ccGLMb9n.o (ADC_DeInit)
Libraries/libstm32f0.a(stm32f0xx_exti.o)
                              /tmp/ccGLMb9n.o (EXTI_Init)
Libraries/libstm32f0.a(stm32f0xx_gpio.o)
                              /tmp/ccGLMb9n.o (GPIO_Init)
Libraries/libstm32f0.a(stm32f0xx_i2c.o)
                              /tmp/ccJMH2v3.o (I2C_Init)
Libraries/libstm32f0.a(stm32f0xx_misc.o)
                              /tmp/ccGLMb9n.o (NVIC_Init)
Libraries/libstm32f0.a(stm32f0xx_rcc.o)
                              /tmp/ccPru1Hu.o (RCC_GetClocksFreq)
Libraries/libstm32f0.a(stm32f0xx_spi.o)
                              /tmp/ccGLMb9n.o (SPI_Init)
Libraries/libstm32f0.a(stm32f0xx_syscfg.o)
                              /tmp/ccGLMb9n.o (SYSCFG_EXTILineConfig)
Libraries/libstm32f0.a(stm32f0xx_usart.o)
                              /tmp/ccJMH2v3.o (USART_Init)
/usr/lib/gcc/arm-none-eabi/13.2.1/thumb/v6-m/nofp/libgcc.a(_udivsi3.o)
                              /tmp/ccPru1Hu.o (__aeabi_uidiv)
/usr/lib/gcc/arm-none-eabi/13.2.1/thumb/v6-m/nofp/libgcc.a(_divsi3.o)
                              /tmp/ccFxPzaK.o (__aeabi_idiv)
/usr/lib/gcc/arm-none-eabi/13.2.1/thumb/v6-m/nofp/libgcc.a(_dvmd_tls.o)
                              /usr/lib/gcc/arm-none-eabi/13.2.1/thumb/v6-m/nofp/libgcc.a(_udivsi3.o) (__aeabi_idiv0)
/usr/lib/gcc/arm-none-eabi/13.2.1/thumb/v6-m/nofp/libgcc.a(_arm_cmpdf2.o)
                              /tmp/ccdr7qwp.o (__aeabi_dcmplt)
/usr/lib/gcc/arm-none-eabi/13.2.1/thumb/v6-m/nofp/libgcc.a(_fixunsdfsi.o)
                              /tmp/ccJMH2v3.o (__aeabi_d2uiz)
/usr/lib/gcc/arm-none-eabi/13.2.1/thumb/v6-m/nofp/libgcc.a(adddf3.o)
                              /tmp/ccdr7qwp.o (__aeabi_dadd)
/usr/lib/gcc/arm-none-eabi/13.2.1/thumb/v6-m/nofp/libgcc.a(divdf3.o)
                              /tmp/ccdr7qwp.o (__aeabi_ddiv)
/usr/lib/gcc/arm-none-eabi/13.2.1/thumb/v6-m/nofp/libgcc.a(eqdf2.o)
                              /usr/lib/gcc/arm-none-eabi/13.2.1/thumb/v6-m/nofp/libgcc.a(_arm_cmpdf2.o) (__eqdf2)
/usr/lib/gcc/arm-none-eabi/13.2.1/thumb/v6-m/nofp/libgcc.a(gedf2.o)
                              /usr/lib/gcc/arm-none-eabi/13.2.1/thumb/v6-m/nofp/libgcc.a(_arm_cmpdf2.o) (__gedf2)
/usr/lib/gcc/arm-none-eabi/13.2.1/thumb/v6-m/nofp/libgcc.a(ledf2.o)
                              /usr/lib/gcc/arm-none-eabi/13.2.1/thumb/v6-m/nofp/libgcc.a(_arm_cmpdf2.o) (__ledf2)
/usr/lib/gcc/arm-none-eabi/13.2.1/thumb/v6-m/nofp/libgcc.a(muldf3.o)
                              /tmp/ccdr7qwp.o (__aeabi_dmul)
/usr/lib/gcc/arm-none-eabi/13.2.1/thumb/v6-m/nofp/libgcc.a(subdf3.o)
                              /tmp/ccdr7qwp.o (__aeabi_dsub)
/usr/lib/gcc/arm-none-eabi/13.2.1/thumb/v6-m/nofp/libgcc.a(fixdfsi.o)
                              /tmp/ccdr7qwp.o (__aeabi_d2iz)
/usr/lib/gcc/arm-none-eabi/13.2.1/thumb/v6-m/nofp/libgcc.a(floatsidf.o)
                              /tmp/ccdr7qwp.o (__aeabi_i2d)
/usr/lib/gcc/arm-none-eabi/13.2.1/thumb/v6-m/nofp/libgcc.a(floatunsidf.o)
                              /tmp/ccdr7qwp.o (__aeabi_ui2d)
/usr/lib/gcc/arm-none-eabi/13.2.1/thumb/v6-m/nofp/libgcc.a(truncdfsf2.o)
                              /tmp/ccJMH2v3.o (__aeabi_d2f)
/usr/lib/gcc/arm-none-eabi/13.2.1/thumb/v6-m/nofp/libgcc.a(_clzsi2.o)
                              /usr/lib/gcc/arm-none-eabi/13.2.1/thumb/v6-m/nofp/libgcc.a(adddf3.o) (__clzsi2)
/usr/lib/gcc/arm-none-eabi/13.2.1/../../../arm-none-eabi/lib/thumb/v6-m/nofp/libg.a(libc_a-memset.o)
                              /usr/lib/gcc/arm-none-eabi/13.2.1/../../../arm-none-eabi/lib/thumb/v6-m/nofp/crt0.o (memset)
/usr/lib/gcc/arm-none-eabi/13.2.1/../../../arm-none-eabi/lib/thumb/v6-m/nofp/libg.a(libc_a-memcpy-stub.o)
                              /tmp/ccdr7qwp.o (memcpy)
/usr/lib/gcc/arm-none-eabi/13.2.1/../../../arm-none-eabi/lib/thumb/v6-m/nofp/libg.a(libc_a-init.o)
                              /usr/lib/gcc/arm-none-eabi/13.2.1/../../../arm-none-eabi/lib/thumb/v6-m/nofp/crt0.o (__libc_init_array)
/usr/lib/gcc/arm-none-eabi/13.2.1/../../../arm-none-eabi/lib/thumb/v6-m/nofp/libg.a(libc_a-exit.o)
                              /usr/lib/gcc/arm-none-eabi/13.2.1/../../../arm-none-eabi/lib/thumb/v6-m/nofp/crt0.o (exit)
/usr/lib/gcc/arm-none-eabi/13.2.1/../../../arm-none-eabi/lib/thumb/v6-m/nofp/libg.a(libc_a-atexit.o)
                              /usr/lib/gcc/arm-none-eabi/13.2.1/../../../arm-none-eabi/lib/thumb/v6-m/nofp/crt0.o (atexit)
/usr/lib/gcc/arm-none-eabi/13.2.1/../../../arm-none-eabi/lib/thumb/v6-m/nofp/libg.a(libc_a-fini.o)
                              /usr/lib/gcc/arm-none-eabi/13.2.1/../../../arm-none-eabi/lib/thumb/v6-m/nofp/crt0.o (__libc_fini_array)
/usr/lib/gcc/arm-none-eabi/13.2.1/../../../arm-none-eabi/lib/thumb/v6-m/nofp/libg.a(libc_a-__call_atexit.o)
[...]
Memory Configuration

Name             Origin             Length             Attributes
FLASH            0x08000000         0x00010000         xr
RAM              0x20000000         0x00002000         xrw
*default*        0x00000000         0xffffffff

Linker script and memory map

LOAD /usr/lib/gcc/arm-none-eabi/13.2.1/thumb/v6-m/nofp/crti.o
LOAD /usr/lib/gcc/arm-none-eabi/13.2.1/thumb/v6-m/nofp/crtbegin.o
LOAD /usr/lib/gcc/arm-none-eabi/13.2.1/../../../arm-none-eabi/lib/thumb/v6-m/nofp/crt0.o
LOAD /tmp/ccPru1Hu.o
LOAD /tmp/ccFxPzaK.o
LOAD /tmp/ccGLMb9n.o
LOAD /tmp/cchLkdob.o
LOAD /tmp/ccdr7qwp.o
LOAD /tmp/ccJMH2v3.o
LOAD /tmp/ccJFlsXi.o
LOAD Libraries/libstm32f0.a
START GROUP
LOAD /usr/lib/gcc/arm-none-eabi/13.2.1/thumb/v6-m/nofp/libgcc.a
LOAD /usr/lib/gcc/arm-none-eabi/13.2.1/../../../arm-none-eabi/lib/thumb/v6-m/nofp/libg.a
LOAD /usr/lib/gcc/arm-none-eabi/13.2.1/../../../arm-none-eabi/lib/thumb/v6-m/nofp/libc.a
END GROUP
LOAD /usr/lib/gcc/arm-none-eabi/13.2.1/thumb/v6-m/nofp/crtend.o
LOAD /usr/lib/gcc/arm-none-eabi/13.2.1/thumb/v6-m/nofp/crtn.o
                0x20002000                        _estack = 0x20002000

.isr_vector     0x08000000       0xc4
                0x08000000                        . = ALIGN (0x4)
 *(.isr_vector)
 .isr_vector    0x08000000       0xc4 /tmp/ccJFlsXi.o
                0x08000000                g_pfnVectors
                0x080000c4                        . = ALIGN (0x4)

.text           0x080000c4     0x10f0
                0x080000c4                        . = ALIGN (0x4)
 *(.text)
 .text          0x080000c4       0xec Libraries/libstm32f0.a(stm32f0xx_exti.o)
                0x080000c4                EXTI_DeInit
                0x080000e4                EXTI_Init
                0x08000148                EXTI_StructInit
                0x08000158                EXTI_GenerateSWInterrupt
                0x08000168                EXTI_GetFlagStatus
                0x0800017c                EXTI_ClearFlag
                0x08000188                EXTI_GetITStatus
                0x080001a4                EXTI_ClearITPendingBit
 .text          0x080001b0      0x1ec Libraries/libstm32f0.a(stm32f0xx_gpio.o)
                0x080001b0                GPIO_DeInit
                0x08000254                GPIO_Init
                0x080002fc                GPIO_StructInit
                0x0800030c                GPIO_PinLockConfig
                0x08000330                GPIO_ReadInputDataBit
                0x08000340                GPIO_ReadInputData
                0x08000348                GPIO_ReadOutputDataBit
                0x08000358                GPIO_ReadOutputData
                0x08000360                GPIO_SetBits
                0x08000364                GPIO_ResetBits
                0x08000368                GPIO_WriteBit
                0x08000374                GPIO_Write
                0x08000378                GPIO_PinAFConfig
 .text          0x0800039c      0x48c Libraries/libstm32f0.a(stm32f0xx_i2c.o)
                0x0800039c                I2C_DeInit
                0x080003d4                I2C_Init
                0x08000438                I2C_StructInit
                0x08000450                I2C_Cmd
                0x08000464                I2C_SoftwareResetCmd
                0x08000484                I2C_ITConfig
                0x08000498                I2C_StretchClockCmd
                0x080004b8                I2C_StopModeCmd
                0x080004d8                I2C_DualAddressCmd
                0x080004f8                I2C_OwnAddress2Config
                0x08000518                I2C_GeneralCallCmd
                0x08000538                I2C_SlaveByteControlCmd
                0x08000558                I2C_SlaveAddressConfig
                0x08000568                I2C_10BitAddressingModeCmd
                0x08000588                I2C_AutoEndCmd
                0x080005a8                I2C_ReloadCmd
                0x080005c8                I2C_NumberOfBytesConfig
                0x080005dc                I2C_MasterRequestConfig
                0x080005fc                I2C_GenerateSTART
                0x0800061c                I2C_GenerateSTOP
                0x0800063c                I2C_10BitAddressHeaderCmd
                0x0800065c                I2C_AcknowledgeConfig
                0x0800067c                I2C_GetAddressMatched
                0x08000688                I2C_GetTransferDirection
                0x08000694                I2C_TransferHandling
                0x080006b4                I2C_SMBusAlertCmd
                0x080006d4                I2C_ClockTimeoutCmd
                0x080006f4                I2C_ExtendedClockTimeoutCmd
                0x08000710                I2C_IdleClockTimeoutCmd
                0x08000730                I2C_TimeoutAConfig
                0x08000740                I2C_TimeoutBConfig
                0x0800075c                I2C_CalculatePEC
                0x0800077c                I2C_PECRequestCmd
                0x0800079c                I2C_GetPEC
                0x080007a4                I2C_ReadRegister
                0x080007bc                I2C_SendData
                0x080007c0                I2C_ReceiveData
                0x080007c8                I2C_DMACmd
                0x080007dc                I2C_GetFlagStatus
                0x080007ec                I2C_ClearFlag
                0x080007f0                I2C_GetITStatus
                0x08000824                I2C_ClearITPendingBit
 .text          0x08000828      0x520 Libraries/libstm32f0.a(stm32f0xx_rcc.o)
                0x08000828                RCC_DeInit
                0x08000888                RCC_HSEConfig
                0x08000898                RCC_WaitForHSEStartUp
                0x080008d4                RCC_AdjustHSICalibrationValue
                0x080008e8                RCC_HSICmd
                0x08000904                RCC_AdjustHSI14CalibrationValue
                0x08000918                RCC_HSI14Cmd
                0x08000934                RCC_HSI14ADCRequestCmd
                0x08000950                RCC_LSEConfig
                0x08000970                RCC_LSEDriveConfig
                0x08000988                RCC_LSICmd
                0x080009a4                RCC_PLLConfig
                0x080009c4                RCC_PLLCmd
                0x080009e8                RCC_PREDIV1Config
                0x080009fc                RCC_ClockSecuritySystemCmd
                0x08000a20                RCC_MCOConfig
                0x08000a2c                RCC_SYSCLKConfig
                0x08000a40                RCC_GetSYSCLKSource
                0x08000a50                RCC_HCLKConfig
                0x08000a64                RCC_PCLKConfig
                0x08000a7c                RCC_ADCCLKConfig
                0x08000ab0                RCC_CECCLKConfig
                0x08000ac8                RCC_I2CCLKConfig
                0x08000ae0                RCC_USARTCLKConfig
                0x08000af8                RCC_GetClocksFreq
                0x08000be0                RCC_RTCCLKConfig
                0x08000bf0                RCC_RTCCLKCmd
                0x08000c14                RCC_BackupResetCmd
                0x08000c38                RCC_AHBPeriphClockCmd
                0x08000c50                RCC_APB2PeriphClockCmd
                0x08000c68                RCC_APB1PeriphClockCmd
                0x08000c80                RCC_AHBPeriphResetCmd
                0x08000c98                RCC_APB2PeriphResetCmd
                0x08000cb0                RCC_APB1PeriphResetCmd
                0x08000cc8                RCC_ITConfig
                0x08000ce0                RCC_GetFlagStatus
                0x08000d14                RCC_ClearFlag
                0x08000d28                RCC_GetITStatus
                0x08000d3c                RCC_ClearITPendingBit
 .text          0x08000d48      0x114 /usr/lib/gcc/arm-none-eabi/13.2.1/thumb/v6-m/nofp/libgcc.a(_udivsi3.o)
                0x08000d48                __udivsi3
                0x08000d48                __aeabi_uidiv
                0x08000e54                __aeabi_uidivmod
 .text          0x08000e5c        0x4 /usr/lib/gcc/arm-none-eabi/13.2.1/thumb/v6-m/nofp/libgcc.a(_dvmd_tls.o)
                0x08000e5c                __aeabi_ldiv0
                0x08000e5c                __aeabi_idiv0
 .text          0x08000e60       0x48 /usr/lib/gcc/arm-none-eabi/13.2.1/../../../arm-none-eabi/lib/thumb/v6-m/nofp/libg.a(libc_a-init.o)
                0x08000e60                __libc_init_array
 *(.text.*)
 .text.System_Clock_Init
                0x08000ea8       0x40 /tmp/ccPru1Hu.o
                0x08000ea8                System_Clock_Init
 .text.Delay    0x08000ee8       0x18 /tmp/ccPru1Hu.o
                0x08000ee8                Delay
 .text.startup.main
                0x08000f00       0x78 /tmp/ccPru1Hu.o
                0x08000f00                main
 .text.TimingDelay_Decrement
                0x08000f78       0x14 /tmp/ccPru1Hu.o
                0x08000f78                TimingDelay_Decrement
 .text.SystemInit
                0x08000f8c       0xb4 /tmp/ccFxPzaK.o
                0x08000f8c                SystemInit
 .text.STM_EVAL_LEDToggle
                0x08001040       0x14 /tmp/ccGLMb9n.o
                0x08001040                STM_EVAL_LEDToggle
 .text.STM_EVAL_PBGetState
                0x08001054       0x18 /tmp/ccGLMb9n.o
                0x08001054                STM_EVAL_PBGetState
 .text.NMI_Handler
                0x0800106c        0x2 /tmp/cchLkdob.o
                0x0800106c                NMI_Handler
 .text.HardFault_Handler
                0x0800106e        0x2 /tmp/cchLkdob.o
                0x0800106e                HardFault_Handler
 .text.SVC_Handler
                0x08001070        0x2 /tmp/cchLkdob.o
                0x08001070                SVC_Handler
 .text.PendSV_Handler
                0x08001072        0x2 /tmp/cchLkdob.o
                0x08001072                PendSV_Handler
 .text.SysTick_Handler
                0x08001074        0x8 /tmp/cchLkdob.o
                0x08001074                SysTick_Handler
 .text.EXTI4_15_IRQHandler
                0x0800107c       0x3c /tmp/cchLkdob.o
                0x0800107c                EXTI4_15_IRQHandler
 .text.I2C_Settings_Init
                0x080010b8       0x80 /tmp/ccJMH2v3.o
                0x080010b8                I2C_Settings_Init
 .text.Reset_Handler
                0x08001138       0x50 /tmp/ccJFlsXi.o
                0x08001138                Reset_Handler
 .text.Default_Handler
                0x08001188        0x2 /tmp/ccJFlsXi.o
                0x08001188                TIM1_CC_IRQHandler
                0x08001188                ADC1_COMP_IRQHandler
                0x08001188                PVD_IRQHandler
                0x08001188                I2C1_IRQHandler
                0x08001188                SPI1_IRQHandler
                0x08001188                TIM6_DAC_IRQHandler
                0x08001188                EXTI2_3_IRQHandler
                0x08001188                I2C2_IRQHandler
                0x08001188                TIM17_IRQHandler
                0x08001188                RTC_IRQHandler
                0x08001188                TIM16_IRQHandler
                0x08001188                TIM3_IRQHandler
                0x08001188                RCC_IRQHandler
                0x08001188                DMA1_Channel1_IRQHandler
                0x08001188                Default_Handler
                0x08001188                CEC_IRQHandler
                0x08001188                TIM14_IRQHandler
                0x08001188                DMA1_Channel4_5_IRQHandler
                0x08001188                TIM15_IRQHandler
                0x08001188                EXTI0_1_IRQHandler
                0x08001188                SPI2_IRQHandler
                0x08001188                TS_IRQHandler
                0x08001188                WWDG_IRQHandler
                0x08001188                TIM2_IRQHandler
                0x08001188                DMA1_Channel2_3_IRQHandler
                0x08001188                USART2_IRQHandler
                0x08001188                FLASH_IRQHandler
                0x08001188                USART1_IRQHandler
                0x08001188                TIM1_BRK_UP_TRG_COM_IRQHandler
 *(.rodata)
 *fill*         0x0800118a        0x2 
 .rodata        0x0800118c       0x10 Libraries/libstm32f0.a(stm32f0xx_rcc.o)
 *(.rodata*)
 *(.glue_7)
 .glue_7        0x0800119c        0x0 linker stubs
 *(.glue_7t)
 .glue_7t       0x0800119c        0x0 linker stubs
 *(.init)
 .init          0x0800119c        0x4 /usr/lib/gcc/arm-none-eabi/13.2.1/thumb/v6-m/nofp/crti.o
                0x0800119c                _init
 .init          0x080011a0        0x8 /usr/lib/gcc/arm-none-eabi/13.2.1/thumb/v6-m/nofp/crtn.o
 *(.fini)
 .fini          0x080011a8        0x4 /usr/lib/gcc/arm-none-eabi/13.2.1/thumb/v6-m/nofp/crti.o
                0x080011a8                _fini
 .fini          0x080011ac        0x8 /usr/lib/gcc/arm-none-eabi/13.2.1/thumb/v6-m/nofp/crtn.o
                0x080011b4                        . = ALIGN (0x4)
                0x080011b4                        _etext = .
                0x080011b4                        _sidata = _etext

.vfp11_veneer   0x080011b4        0x0
 .vfp11_veneer  0x080011b4        0x0 linker stubs

.v4_bx          0x080011b4        0x0
 .v4_bx         0x080011b4        0x0 linker stubs

.iplt           0x080011b4        0x0
 .iplt          0x080011b4        0x0 /tmp/ccPru1Hu.o

.rel.dyn        0x080011b4        0x0
 .rel.iplt      0x080011b4        0x0 /tmp/ccPru1Hu.o

.data           0x20000000        0x8 load address 0x080011b4
                0x20000000                        . = ALIGN (0x4)
                0x20000000                        _sdata = .
                0x20000000                        _data = .
 *(.data)
 *(.data.*)
 .data.BUTTON_PORT
                0x20000000        0x4 /tmp/ccGLMb9n.o
                0x20000000                BUTTON_PORT
 .data.GPIO_PORT
                0x20000004        0x4 /tmp/ccGLMb9n.o
                0x20000004                GPIO_PORT
 *(.RAMtext)
                0x20000008                        . = ALIGN (0x4)
                0x20000008                        _edata = .

.igot.plt       0x20000008        0x0 load address 0x080011bc
 .igot.plt      0x20000008        0x0 /tmp/ccPru1Hu.o

.bss            0x20000008       0x2c load address 0x080011bc
                0x20000008                        . = ALIGN (0x4)
                0x20000008                        _sbss = .
                0x20000008                        _bss = .
 *(.bss)
 *(.bss.*)
 .bss.RCC_Clocks
                0x20000008       0x1c /tmp/ccPru1Hu.o
                0x20000008                RCC_Clocks
 .bss.BlinkSpeed
                0x20000024        0x1 /tmp/ccPru1Hu.o
                0x20000024                BlinkSpeed
 *fill*         0x20000025        0x3 
 .bss.TimingDelay
                0x20000028        0x4 /tmp/ccPru1Hu.o
 .bss.ctx       0x2000002c        0x8 /tmp/ccJMH2v3.o
                0x2000002c                ctx
 *(COMMON)
                0x20000034                        . = ALIGN (0x4)
                0x20000034                        _ebss = .
                [!provide]                        PROVIDE (end = _ebss)
                [!provide]                        PROVIDE (_end = _ebss)
                0x20000034                        __exidx_start = .
                0x20000034                        __exidx_end = .

/DISCARD/
 libc.a(*)
 libm.a(*)
 libgcc.a(*)

.stab
 *(.stab)

.stabstr
 *(.stabstr)

.stab.excl
 *(.stab.excl)

.stab.exclstr
 *(.stab.exclstr)

.stab.index
 *(.stab.index)

.stab.indexstr
 *(.stab.indexstr)

.comment        0x00000000       0x26
 *(.comment)
 .comment       0x00000000       0x26 /tmp/ccPru1Hu.o
                                 0x27 (size before relaxing)
 .comment       0x00000026       0x27 /tmp/ccFxPzaK.o
 .comment       0x00000026       0x27 /tmp/ccGLMb9n.o
 .comment       0x00000026       0x27 /tmp/cchLkdob.o
 .comment       0x00000026       0x27 /tmp/ccJMH2v3.o
 .comment       0x00000026       0x27 Libraries/libstm32f0.a(stm32f0xx_exti.o)
 .comment       0x00000026       0x27 Libraries/libstm32f0.a(stm32f0xx_gpio.o)
 .comment       0x00000026       0x27 Libraries/libstm32f0.a(stm32f0xx_i2c.o)
 .comment       0x00000026       0x27 Libraries/libstm32f0.a(stm32f0xx_rcc.o)
 .comment       0x00000026       0x27 /usr/lib/gcc/arm-none-eabi/13.2.1/../../../arm-none-eabi/lib/thumb/v6-m/nofp/libg.a(libc_a-init.o)

.ARM.attributes
                0x00000000       0x28
 .ARM.attributes
                0x00000000       0x1e /usr/lib/gcc/arm-none-eabi/13.2.1/thumb/v6-m/nofp/crti.o
 .ARM.attributes
                0x0000001e       0x2c /tmp/ccPru1Hu.o
 .ARM.attributes
                0x0000004a       0x2c /tmp/ccFxPzaK.o
 .ARM.attributes
                0x00000076       0x2c /tmp/ccGLMb9n.o
 .ARM.attributes
                0x000000a2       0x2c /tmp/cchLkdob.o
 .ARM.attributes
                0x000000ce       0x2c /tmp/ccJMH2v3.o
 .ARM.attributes
                0x000000fa       0x21 /tmp/ccJFlsXi.o
 .ARM.attributes
                0x0000011b       0x2c Libraries/libstm32f0.a(stm32f0xx_exti.o)
 .ARM.attributes
                0x00000147       0x2c Libraries/libstm32f0.a(stm32f0xx_gpio.o)
 .ARM.attributes
                0x00000173       0x2c Libraries/libstm32f0.a(stm32f0xx_i2c.o)
 .ARM.attributes
                0x0000019f       0x2c Libraries/libstm32f0.a(stm32f0xx_rcc.o)
 .ARM.attributes
                0x000001cb       0x1e /usr/lib/gcc/arm-none-eabi/13.2.1/thumb/v6-m/nofp/libgcc.a(_udivsi3.o)
 .ARM.attributes
                0x000001e9       0x1e /usr/lib/gcc/arm-none-eabi/13.2.1/thumb/v6-m/nofp/libgcc.a(_dvmd_tls.o)
 .ARM.attributes
                0x00000207       0x2c /usr/lib/gcc/arm-none-eabi/13.2.1/../../../arm-none-eabi/lib/thumb/v6-m/nofp/libg.a(libc_a-init.o)
 .ARM.attributes
                0x00000233       0x1e /usr/lib/gcc/arm-none-eabi/13.2.1/thumb/v6-m/nofp/crtn.o

.debug
 *(.debug)

.line
 *(.line)

.debug_srcinfo
 *(.debug_srcinfo)

.debug_sfnames
 *(.debug_sfnames)

.debug_aranges  0x00000000      0x380
 *(.debug_aranges)
 .debug_aranges
                0x00000000       0x58 /tmp/ccPru1Hu.o
 .debug_aranges
                0x00000058       0x28 /tmp/ccFxPzaK.o
 .debug_aranges
                0x00000080       0x78 /tmp/ccGLMb9n.o
 .debug_aranges
                0x000000f8       0x68 /tmp/cchLkdob.o
 .debug_aranges
                0x00000160      0x118 /tmp/ccJMH2v3.o
 .debug_aranges
                0x00000278       0x28 /tmp/ccJFlsXi.o
 .debug_aranges
                0x000002a0       0x20 Libraries/libstm32f0.a(stm32f0xx_exti.o)
 .debug_aranges
                0x000002c0       0x20 Libraries/libstm32f0.a(stm32f0xx_gpio.o)
 .debug_aranges
                0x000002e0       0x20 Libraries/libstm32f0.a(stm32f0xx_i2c.o)
 .debug_aranges
                0x00000300       0x20 Libraries/libstm32f0.a(stm32f0xx_rcc.o)
 .debug_aranges
                0x00000320       0x20 /usr/lib/gcc/arm-none-eabi/13.2.1/thumb/v6-m/nofp/libgcc.a(_udivsi3.o)
 .debug_aranges
                0x00000340       0x20 /usr/lib/gcc/arm-none-eabi/13.2.1/thumb/v6-m/nofp/libgcc.a(_dvmd_tls.o)
 .debug_aranges
                0x00000360       0x20 /usr/lib/gcc/arm-none-eabi/13.2.1/../../../arm-none-eabi/lib/thumb/v6-m/nofp/libg.a(libc_a-init.o)

.debug_pubnames
 *(.debug_pubnames)

.debug_info     0x00000000     0x722b
 *(.debug_info .gnu.linkonce.wi.*)
 .debug_info    0x00000000      0xa58 /tmp/ccPru1Hu.o
 .debug_info    0x00000a58      0x2df /tmp/ccFxPzaK.o
 .debug_info    0x00000d37     0x11b6 /tmp/ccGLMb9n.o
 .debug_info    0x00001eed      0x1f2 /tmp/cchLkdob.o
 .debug_info    0x000020df     0x2e51 /tmp/ccJMH2v3.o
 .debug_info    0x00004f30       0x30 /tmp/ccJFlsXi.o
 .debug_info    0x00004f60      0x341 Libraries/libstm32f0.a(stm32f0xx_exti.o)
 .debug_info    0x000052a1      0x730 Libraries/libstm32f0.a(stm32f0xx_gpio.o)
 .debug_info    0x000059d1      0xc59 Libraries/libstm32f0.a(stm32f0xx_i2c.o)
 .debug_info    0x0000662a      0xa7c Libraries/libstm32f0.a(stm32f0xx_rcc.o)
 .debug_info    0x000070a6       0x3e /usr/lib/gcc/arm-none-eabi/13.2.1/thumb/v6-m/nofp/libgcc.a(_udivsi3.o)
 .debug_info    0x000070e4       0x3c /usr/lib/gcc/arm-none-eabi/13.2.1/thumb/v6-m/nofp/libgcc.a(_dvmd_tls.o)
 .debug_info    0x00007120      0x10b /usr/lib/gcc/arm-none-eabi/13.2.1/../../../arm-none-eabi/lib/thumb/v6-m/nofp/libg.a(libc_a-init.o)

.debug_abbrev   0x00000000     0x19d8
 *(.debug_abbrev)
 .debug_abbrev  0x00000000      0x3c9 /tmp/ccPru1Hu.o
 .debug_abbrev  0x000003c9      0x179 /tmp/ccFxPzaK.o
 .debug_abbrev  0x00000542      0x2b5 /tmp/ccGLMb9n.o
 .debug_abbrev  0x000007f7      0x155 /tmp/cchLkdob.o
 .debug_abbrev  0x0000094c      0x5ce /tmp/ccJMH2v3.o
 .debug_abbrev  0x00000f1a       0x24 /tmp/ccJFlsXi.o
 .debug_abbrev  0x00000f3e      0x21b Libraries/libstm32f0.a(stm32f0xx_exti.o)
 .debug_abbrev  0x00001159      0x224 Libraries/libstm32f0.a(stm32f0xx_gpio.o)
 .debug_abbrev  0x0000137d      0x257 Libraries/libstm32f0.a(stm32f0xx_i2c.o)
 .debug_abbrev  0x000015d4      0x2ed Libraries/libstm32f0.a(stm32f0xx_rcc.o)
 .debug_abbrev  0x000018c1       0x28 /usr/lib/gcc/arm-none-eabi/13.2.1/thumb/v6-m/nofp/libgcc.a(_udivsi3.o)
 .debug_abbrev  0x000018e9       0x26 /usr/lib/gcc/arm-none-eabi/13.2.1/thumb/v6-m/nofp/libgcc.a(_dvmd_tls.o)
 .debug_abbrev  0x0000190f       0xc9 /usr/lib/gcc/arm-none-eabi/13.2.1/../../../arm-none-eabi/lib/thumb/v6-m/nofp/libg.a(libc_a-init.o)

.debug_line     0x00000000     0x3da5
 *(.debug_line)
 .debug_line    0x00000000      0x4c8 /tmp/ccPru1Hu.o
 .debug_line    0x000004c8      0x2b0 /tmp/ccFxPzaK.o
 .debug_line    0x00000778      0x5b6 /tmp/ccGLMb9n.o
 .debug_line    0x00000d2e      0x226 /tmp/cchLkdob.o
 .debug_line    0x00000f54     0x129f /tmp/ccJMH2v3.o
 .debug_line    0x000021f3       0x7c /tmp/ccJFlsXi.o
 .debug_line    0x0000226f      0x299 Libraries/libstm32f0.a(stm32f0xx_exti.o)
 .debug_line    0x00002508      0x3fe Libraries/libstm32f0.a(stm32f0xx_gpio.o)
 .debug_line    0x00002906      0x8e4 Libraries/libstm32f0.a(stm32f0xx_i2c.o)
 .debug_line    0x000031ea      0xa16 Libraries/libstm32f0.a(stm32f0xx_rcc.o)
 .debug_line    0x00003c00       0x56 /usr/lib/gcc/arm-none-eabi/13.2.1/thumb/v6-m/nofp/libgcc.a(_udivsi3.o)
 .debug_line    0x00003c56       0x4a /usr/lib/gcc/arm-none-eabi/13.2.1/thumb/v6-m/nofp/libgcc.a(_dvmd_tls.o)
 .debug_line    0x00003ca0      0x105 /usr/lib/gcc/arm-none-eabi/13.2.1/../../../arm-none-eabi/lib/thumb/v6-m/nofp/libg.a(libc_a-init.o)

.debug_frame    0x00000000      0xe30
 *(.debug_frame)
 .debug_frame   0x00000000       0xcc /tmp/ccPru1Hu.o
 .debug_frame   0x000000cc       0x48 /tmp/ccFxPzaK.o
 .debug_frame   0x00000114      0x144 /tmp/ccGLMb9n.o
 .debug_frame   0x00000258       0xc0 /tmp/cchLkdob.o
 .debug_frame   0x00000318      0x3ac /tmp/ccJMH2v3.o
 .debug_frame   0x000006c4       0x9c Libraries/libstm32f0.a(stm32f0xx_exti.o)
 .debug_frame   0x00000760      0x110 Libraries/libstm32f0.a(stm32f0xx_gpio.o)
 .debug_frame   0x00000870      0x2dc Libraries/libstm32f0.a(stm32f0xx_i2c.o)
 .debug_frame   0x00000b4c      0x298 Libraries/libstm32f0.a(stm32f0xx_rcc.o)
 .debug_frame   0x00000de4       0x20 /usr/lib/gcc/arm-none-eabi/13.2.1/thumb/v6-m/nofp/libgcc.a(_udivsi3.o)
 .debug_frame   0x00000e04       0x2c /usr/lib/gcc/arm-none-eabi/13.2.1/../../../arm-none-eabi/lib/thumb/v6-m/nofp/libg.a(libc_a-init.o)

.debug_str      0x00000000     0x2514
 *(.debug_str)
 .debug_str     0x00000000     0x2514 /tmp/ccPru1Hu.o
                                0x629 (size before relaxing)
 .debug_str     0x00002514      0x275 /tmp/ccFxPzaK.o
 .debug_str     0x00002514      0xb91 /tmp/ccGLMb9n.o
 .debug_str     0x00002514      0x28e /tmp/cchLkdob.o
 .debug_str     0x00002514      0xf97 /tmp/ccJMH2v3.o
 .debug_str     0x00002514       0x59 /tmp/ccJFlsXi.o
 .debug_str     0x00002514      0x335 Libraries/libstm32f0.a(stm32f0xx_exti.o)
 .debug_str     0x00002514      0x496 Libraries/libstm32f0.a(stm32f0xx_gpio.o)
 .debug_str     0x00002514      0x635 Libraries/libstm32f0.a(stm32f0xx_i2c.o)
 .debug_str     0x00002514      0x717 Libraries/libstm32f0.a(stm32f0xx_rcc.o)
 .debug_str     0x00002514       0xbe /usr/lib/gcc/arm-none-eabi/13.2.1/thumb/v6-m/nofp/libgcc.a(_udivsi3.o)
 .debug_str     0x00002514       0xbf /usr/lib/gcc/arm-none-eabi/13.2.1/thumb/v6-m/nofp/libgcc.a(_dvmd_tls.o)
 .debug_str     0x00002514      0x1ee /usr/lib/gcc/arm-none-eabi/13.2.1/../../../arm-none-eabi/lib/thumb/v6-m/nofp/libg.a(libc_a-init.o)

.debug_loc
 *(.debug_loc)

.debug_macinfo
 *(.debug_macinfo)

.debug_weaknames
 *(.debug_weaknames)

.debug_funcnames
 *(.debug_funcnames)

.debug_typenames
 *(.debug_typenames)

.debug_varnames
 *(.debug_varnames)
OUTPUT(main.elf elf32-littlearm)
LOAD linker stubs
LOAD /usr/lib/gcc/arm-none-eabi/13.2.1/../../../arm-none-eabi/lib/thumb/v6-m/nofp/libc.a
LOAD /usr/lib/gcc/arm-none-eabi/13.2.1/../../../arm-none-eabi/lib/thumb/v6-m/nofp/libm.a
LOAD /usr/lib/gcc/arm-none-eabi/13.2.1/thumb/v6-m/nofp/libgcc.a

.debug_loclists
                0x00000000     0x1c0a
 .debug_loclists
                0x00000000      0x23f /tmp/ccPru1Hu.o
 .debug_loclists
                0x0000023f       0xcb /tmp/ccFxPzaK.o
 .debug_loclists
                0x0000030a      0x168 /tmp/ccGLMb9n.o
 .debug_loclists
                0x00000472      0x9c9 /tmp/ccJMH2v3.o
 .debug_loclists
                0x00000e3b      0x147 Libraries/libstm32f0.a(stm32f0xx_exti.o)
 .debug_loclists
                0x00000f82      0x30e Libraries/libstm32f0.a(stm32f0xx_gpio.o)
 .debug_loclists
                0x00001290      0x452 Libraries/libstm32f0.a(stm32f0xx_i2c.o)
 .debug_loclists
                0x000016e2      0x4ce Libraries/libstm32f0.a(stm32f0xx_rcc.o)
 .debug_loclists
                0x00001bb0       0x5a /usr/lib/gcc/arm-none-eabi/13.2.1/../../../arm-none-eabi/lib/thumb/v6-m/nofp/libg.a(libc_a-init.o)

.debug_rnglists
                0x00000000      0x2cc
 .debug_rnglists
                0x00000000       0x55 /tmp/ccPru1Hu.o
 .debug_rnglists
                0x00000055       0x1a /tmp/ccFxPzaK.o
 .debug_rnglists
                0x0000006f       0x57 /tmp/ccGLMb9n.o
 .debug_rnglists
                0x000000c6       0x49 /tmp/cchLkdob.o
 .debug_rnglists
                0x0000010f      0x179 /tmp/ccJMH2v3.o
 .debug_rnglists
                0x00000288       0x19 /tmp/ccJFlsXi.o
 .debug_rnglists
                0x000002a1       0x2b Libraries/libstm32f0.a(stm32f0xx_rcc.o)

.debug_line_str
                0x00000000       0xd6
 .debug_line_str
                0x00000000       0xd6 /tmp/ccJFlsXi.o
                                 0x3f (size before relaxing)
 .debug_line_str
                0x000000d6       0x97 /usr/lib/gcc/arm-none-eabi/13.2.1/thumb/v6-m/nofp/libgcc.a(_udivsi3.o)
 .debug_line_str
                0x000000d6       0x97 /usr/lib/gcc/arm-none-eabi/13.2.1/thumb/v6-m/nofp/libgcc.a(_dvmd_tls.o)
