Archive member included to satisfy reference by file (symbol)

Libraries/libstm32f0.a(stm32f0xx_adc.o)
                              /tmp/cclutICh.o (ADC_DeInit)
Libraries/libstm32f0.a(stm32f0xx_exti.o)
                              /tmp/cclutICh.o (EXTI_Init)
Libraries/libstm32f0.a(stm32f0xx_gpio.o)
                              /tmp/cclutICh.o (GPIO_Init)
Libraries/libstm32f0.a(stm32f0xx_i2c.o)
                              /tmp/ccWuDklO.o (I2C_Init)
Libraries/libstm32f0.a(stm32f0xx_misc.o)
                              /tmp/cclutICh.o (NVIC_Init)
Libraries/libstm32f0.a(stm32f0xx_rcc.o)
                              /tmp/ccgbPSG5.o (RCC_GetClocksFreq)
Libraries/libstm32f0.a(stm32f0xx_spi.o)
                              /tmp/cclutICh.o (SPI_Init)
Libraries/libstm32f0.a(stm32f0xx_syscfg.o)
                              /tmp/cclutICh.o (SYSCFG_EXTILineConfig)
Libraries/libstm32f0.a(stm32f0xx_usart.o)
                              /tmp/ccWuDklO.o (USART_Init)
/usr/lib/gcc/arm-none-eabi/13.2.1/thumb/v6-m/nofp/libgcc.a(_udivsi3.o)
                              /tmp/ccgbPSG5.o (__aeabi_uidiv)
/usr/lib/gcc/arm-none-eabi/13.2.1/thumb/v6-m/nofp/libgcc.a(_divsi3.o)
                              /tmp/ccXSSd6x.o (__aeabi_idiv)
/usr/lib/gcc/arm-none-eabi/13.2.1/thumb/v6-m/nofp/libgcc.a(_dvmd_tls.o)
                              /usr/lib/gcc/arm-none-eabi/13.2.1/thumb/v6-m/nofp/libgcc.a(_udivsi3.o) (__aeabi_idiv0)
/usr/lib/gcc/arm-none-eabi/13.2.1/thumb/v6-m/nofp/libgcc.a(_arm_cmpdf2.o)
                              /tmp/ccALlc3p.o (__aeabi_dcmplt)
/usr/lib/gcc/arm-none-eabi/13.2.1/thumb/v6-m/nofp/libgcc.a(_fixunsdfsi.o)
                              /tmp/ccWuDklO.o (__aeabi_d2uiz)
/usr/lib/gcc/arm-none-eabi/13.2.1/thumb/v6-m/nofp/libgcc.a(addsf3.o)
                              /tmp/ccWuDklO.o (__aeabi_fadd)
/usr/lib/gcc/arm-none-eabi/13.2.1/thumb/v6-m/nofp/libgcc.a(divsf3.o)
                              /tmp/ccWuDklO.o (__aeabi_fdiv)
/usr/lib/gcc/arm-none-eabi/13.2.1/thumb/v6-m/nofp/libgcc.a(mulsf3.o)
                              /tmp/ccWuDklO.o (__aeabi_fmul)
/usr/lib/gcc/arm-none-eabi/13.2.1/thumb/v6-m/nofp/libgcc.a(floatsisf.o)
                              /tmp/ccWuDklO.o (__aeabi_i2f)
/usr/lib/gcc/arm-none-eabi/13.2.1/thumb/v6-m/nofp/libgcc.a(adddf3.o)
                              /tmp/ccALlc3p.o (__aeabi_dadd)
/usr/lib/gcc/arm-none-eabi/13.2.1/thumb/v6-m/nofp/libgcc.a(divdf3.o)
                              /tmp/ccALlc3p.o (__aeabi_ddiv)
/usr/lib/gcc/arm-none-eabi/13.2.1/thumb/v6-m/nofp/libgcc.a(eqdf2.o)
                              /usr/lib/gcc/arm-none-eabi/13.2.1/thumb/v6-m/nofp/libgcc.a(_arm_cmpdf2.o) (__eqdf2)
/usr/lib/gcc/arm-none-eabi/13.2.1/thumb/v6-m/nofp/libgcc.a(gedf2.o)
                              /usr/lib/gcc/arm-none-eabi/13.2.1/thumb/v6-m/nofp/libgcc.a(_arm_cmpdf2.o) (__gedf2)
/usr/lib/gcc/arm-none-eabi/13.2.1/thumb/v6-m/nofp/libgcc.a(ledf2.o)
                              /usr/lib/gcc/arm-none-eabi/13.2.1/thumb/v6-m/nofp/libgcc.a(_arm_cmpdf2.o) (__ledf2)
/usr/lib/gcc/arm-none-eabi/13.2.1/thumb/v6-m/nofp/libgcc.a(muldf3.o)
                              /tmp/ccALlc3p.o (__aeabi_dmul)
/usr/lib/gcc/arm-none-eabi/13.2.1/thumb/v6-m/nofp/libgcc.a(subdf3.o)
                              /tmp/ccALlc3p.o (__aeabi_dsub)
/usr/lib/gcc/arm-none-eabi/13.2.1/thumb/v6-m/nofp/libgcc.a(fixdfsi.o)
                              /tmp/ccALlc3p.o (__aeabi_d2iz)
/usr/lib/gcc/arm-none-eabi/13.2.1/thumb/v6-m/nofp/libgcc.a(floatsidf.o)
                              /tmp/ccALlc3p.o (__aeabi_i2d)
/usr/lib/gcc/arm-none-eabi/13.2.1/thumb/v6-m/nofp/libgcc.a(floatunsidf.o)
                              /tmp/ccALlc3p.o (__aeabi_ui2d)
/usr/lib/gcc/arm-none-eabi/13.2.1/thumb/v6-m/nofp/libgcc.a(extendsfdf2.o)
                              /tmp/ccWuDklO.o (__aeabi_f2d)
/usr/lib/gcc/arm-none-eabi/13.2.1/thumb/v6-m/nofp/libgcc.a(truncdfsf2.o)
                              /tmp/ccWuDklO.o (__aeabi_d2f)
/usr/lib/gcc/arm-none-eabi/13.2.1/thumb/v6-m/nofp/libgcc.a(_clzsi2.o)
                              /usr/lib/gcc/arm-none-eabi/13.2.1/thumb/v6-m/nofp/libgcc.a(addsf3.o) (__clzsi2)
/usr/lib/gcc/arm-none-eabi/13.2.1/../../../arm-none-eabi/lib/thumb/v6-m/nofp/libg.a(libc_a-memset.o)
                              /usr/lib/gcc/arm-none-eabi/13.2.1/../../../arm-none-eabi/lib/thumb/v6-m/nofp/crt0.o (memset)
/usr/lib/gcc/arm-none-eabi/13.2.1/../../../arm-none-eabi/lib/thumb/v6-m/nofp/libg.a(libc_a-memcpy-stub.o)
                              /tmp/ccALlc3p.o (memcpy)
/usr/lib/gcc/arm-none-eabi/13.2.1/../../../arm-none-eabi/lib/thumb/v6-m/nofp/libg.a(libc_a-init.o)
                              /usr/lib/gcc/arm-none-eabi/13.2.1/../../../arm-none-eabi/lib/thumb/v6-m/nofp/crt0.o (__libc_init_array)
/usr/lib/gcc/arm-none-eabi/13.2.1/../../../arm-none-eabi/lib/thumb/v6-m/nofp/libg.a(libc_a-exit.o)
                              /usr/lib/gcc/arm-none-eabi/13.2.1/../../../arm-none-eabi/lib/thumb/v6-m/nofp/crt0.o (exit)
[...]
Memory Configuration

Name             Origin             Length             Attributes
FLASH            0x08000000         0x00010000         xr
RAM              0x20000000         0x00002000         xrw
*default*        0x00000000         0xffffffff

Linker script and memory map

LOAD /usr/lib/gcc/arm-none-eabi/13.2.1/thumb/v6-m/nofp/crti.o
LOAD /usr/lib/gcc/arm-none-eabi/13.2.1/thumb/v6-m/nofp/crtbegin.o
LOAD /usr/lib/gcc/arm-none-eabi/13.2.1/../../../arm-none-eabi/lib/thumb/v6-m/nofp/crt0.o
LOAD /tmp/ccgbPSG5.o
LOAD /tmp/ccXSSd6x.o
LOAD /tmp/cclutICh.o
LOAD /tmp/cc4mJxZT.o
LOAD /tmp/ccALlc3p.o
LOAD /tmp/ccWuDklO.o
LOAD /tmp/ccWiUzg2.o
LOAD Libraries/libstm32f0.a
START GROUP
LOAD /usr/lib/gcc/arm-none-eabi/13.2.1/thumb/v6-m/nofp/libgcc.a
LOAD /usr/lib/gcc/arm-none-eabi/13.2.1/../../../arm-none-eabi/lib/thumb/v6-m/nofp/libg.a
LOAD /usr/lib/gcc/arm-none-eabi/13.2.1/../../../arm-none-eabi/lib/thumb/v6-m/nofp/libc.a
END GROUP
LOAD /usr/lib/gcc/arm-none-eabi/13.2.1/thumb/v6-m/nofp/crtend.o
LOAD /usr/lib/gcc/arm-none-eabi/13.2.1/thumb/v6-m/nofp/crtn.o
                0x20002000                        _estack = 0x20002000

.isr_vector     0x08000000       0xc4
                0x08000000                        . = ALIGN (0x4)
 *(.isr_vector)
 .isr_vector    0x08000000       0xc4 /tmp/ccWiUzg2.o
                0x08000000                g_pfnVectors
                0x080000c4                        . = ALIGN (0x4)

.text           0x080000c4     0x24f4
                0x080000c4                        . = ALIGN (0x4)
 *(.text)
 .text          0x080000c4       0xec Libraries/libstm32f0.a(stm32f0xx_exti.o)
                0x080000c4                EXTI_DeInit
                0x080000e4                EXTI_Init
                0x08000148                EXTI_StructInit
                0x08000158                EXTI_GenerateSWInterrupt
                0x08000168                EXTI_GetFlagStatus
                0x0800017c                EXTI_ClearFlag
                0x08000188                EXTI_GetITStatus
                0x080001a4                EXTI_ClearITPendingBit
 .text          0x080001b0      0x1ec Libraries/libstm32f0.a(stm32f0xx_gpio.o)
                0x080001b0                GPIO_DeInit
                0x08000254                GPIO_Init
                0x080002fc                GPIO_StructInit
                0x0800030c                GPIO_PinLockConfig
                0x08000330                GPIO_ReadInputDataBit
                0x08000340                GPIO_ReadInputData
                0x08000348                GPIO_ReadOutputDataBit
                0x08000358                GPIO_ReadOutputData
                0x08000360                GPIO_SetBits
                0x08000364                GPIO_ResetBits
                0x08000368                GPIO_WriteBit
                0x08000374                GPIO_Write
                0x08000378                GPIO_PinAFConfig
 .text          0x0800039c      0x48c Libraries/libstm32f0.a(stm32f0xx_i2c.o)
                0x0800039c                I2C_DeInit
                0x080003d4                I2C_Init
                0x08000438                I2C_StructInit
                0x08000450                I2C_Cmd
                0x08000464                I2C_SoftwareResetCmd
                0x08000484                I2C_ITConfig
                0x08000498                I2C_StretchClockCmd
                0x080004b8                I2C_StopModeCmd
                0x080004d8                I2C_DualAddressCmd
                0x080004f8                I2C_OwnAddress2Config
                0x08000518                I2C_GeneralCallCmd
                0x08000538                I2C_SlaveByteControlCmd
                0x08000558                I2C_SlaveAddressConfig
                0x08000568                I2C_10BitAddressingModeCmd
                0x08000588                I2C_AutoEndCmd
                0x080005a8                I2C_ReloadCmd
                0x080005c8                I2C_NumberOfBytesConfig
                0x080005dc                I2C_MasterRequestConfig
                0x080005fc                I2C_GenerateSTART
                0x0800061c                I2C_GenerateSTOP
                0x0800063c                I2C_10BitAddressHeaderCmd
                0x0800065c                I2C_AcknowledgeConfig
                0x0800067c                I2C_GetAddressMatched
                0x08000688                I2C_GetTransferDirection
                0x08000694                I2C_TransferHandling
                0x080006b4                I2C_SMBusAlertCmd
                0x080006d4                I2C_ClockTimeoutCmd
                0x080006f4                I2C_ExtendedClockTimeoutCmd
                0x08000710                I2C_IdleClockTimeoutCmd
                0x08000730                I2C_TimeoutAConfig
                0x08000740                I2C_TimeoutBConfig
                0x0800075c                I2C_CalculatePEC
                0x0800077c                I2C_PECRequestCmd
                0x0800079c                I2C_GetPEC
                0x080007a4                I2C_ReadRegister
                0x080007bc                I2C_SendData
                0x080007c0                I2C_ReceiveData
                0x080007c8                I2C_DMACmd
                0x080007dc                I2C_GetFlagStatus
                0x080007ec                I2C_ClearFlag
                0x080007f0                I2C_GetITStatus
                0x08000824                I2C_ClearITPendingBit
 .text          0x08000828      0x520 Libraries/libstm32f0.a(stm32f0xx_rcc.o)
                0x08000828                RCC_DeInit
                0x08000888                RCC_HSEConfig
                0x08000898                RCC_WaitForHSEStartUp
                0x080008d4                RCC_AdjustHSICalibrationValue
                0x080008e8                RCC_HSICmd
                0x08000904                RCC_AdjustHSI14CalibrationValue
                0x08000918                RCC_HSI14Cmd
                0x08000934                RCC_HSI14ADCRequestCmd
                0x08000950                RCC_LSEConfig
                0x08000970                RCC_LSEDriveConfig
                0x08000988                RCC_LSICmd
                0x080009a4                RCC_PLLConfig
                0x080009c4                RCC_PLLCmd
                0x080009e8                RCC_PREDIV1Config
                0x080009fc                RCC_ClockSecuritySystemCmd
                0x08000a20                RCC_MCOConfig
                0x08000a2c                RCC_SYSCLKConfig
                0x08000a40                RCC_GetSYSCLKSource
                0x08000a50                RCC_HCLKConfig
                0x08000a64                RCC_PCLKConfig
                0x08000a7c                RCC_ADCCLKConfig
                0x08000ab0                RCC_CECCLKConfig
                0x08000ac8                RCC_I2CCLKConfig
                0x08000ae0                RCC_USARTCLKConfig
                0x08000af8                RCC_GetClocksFreq
                0x08000be0                RCC_RTCCLKConfig
                0x08000bf0                RCC_RTCCLKCmd
                0x08000c14                RCC_BackupResetCmd
                0x08000c38                RCC_AHBPeriphClockCmd
                0x08000c50                RCC_APB2PeriphClockCmd
                0x08000c68                RCC_APB1PeriphClockCmd
                0x08000c80                RCC_AHBPeriphResetCmd
                0x08000c98                RCC_APB2PeriphResetCmd
                0x08000cb0                RCC_APB1PeriphResetCmd
                0x08000cc8                RCC_ITConfig
                0x08000ce0                RCC_GetFlagStatus
                0x08000d14                RCC_ClearFlag
                0x08000d28                RCC_GetITStatus
                0x08000d3c                RCC_ClearITPendingBit
 .text          0x08000d48      0x114 /usr/lib/gcc/arm-none-eabi/13.2.1/thumb/v6-m/nofp/libgcc.a(_udivsi3.o)
                0x08000d48                __udivsi3
                0x08000d48                __aeabi_uidiv
                0x08000e54                __aeabi_uidivmod
 .text          0x08000e5c        0x4 /usr/lib/gcc/arm-none-eabi/13.2.1/thumb/v6-m/nofp/libgcc.a(_dvmd_tls.o)
                0x08000e5c                __aeabi_ldiv0
                0x08000e5c                __aeabi_idiv0
 .text          0x08000e60      0x340 /usr/lib/gcc/arm-none-eabi/13.2.1/thumb/v6-m/nofp/libgcc.a(addsf3.o)
                0x08000e60                __aeabi_fadd
 .text          0x080011a0      0x224 /usr/lib/gcc/arm-none-eabi/13.2.1/thumb/v6-m/nofp/libgcc.a(divsf3.o)
                0x080011a0                __aeabi_fdiv
 .text          0x080013c4      0x280 /usr/lib/gcc/arm-none-eabi/13.2.1/thumb/v6-m/nofp/libgcc.a(mulsf3.o)
                0x080013c4                __aeabi_fmul
 .text          0x08001644       0x94 /usr/lib/gcc/arm-none-eabi/13.2.1/thumb/v6-m/nofp/libgcc.a(floatsisf.o)
                0x08001644                __aeabi_i2f
 .text          0x080016d8      0x598 /usr/lib/gcc/arm-none-eabi/13.2.1/thumb/v6-m/nofp/libgcc.a(muldf3.o)
                0x080016d8                __aeabi_dmul
 .text          0x08001c70       0x90 /usr/lib/gcc/arm-none-eabi/13.2.1/thumb/v6-m/nofp/libgcc.a(extendsfdf2.o)
                0x08001c70                __aeabi_f2d
 .text          0x08001d00      0x10c /usr/lib/gcc/arm-none-eabi/13.2.1/thumb/v6-m/nofp/libgcc.a(truncdfsf2.o)
                0x08001d00                __aeabi_d2f
 .text          0x08001e0c       0x3c /usr/lib/gcc/arm-none-eabi/13.2.1/thumb/v6-m/nofp/libgcc.a(_clzsi2.o)
                0x08001e0c                __clzsi2
 .text          0x08001e48       0xa8 /usr/lib/gcc/arm-none-eabi/13.2.1/../../../arm-none-eabi/lib/thumb/v6-m/nofp/libg.a(libc_a-memset.o)
                0x08001e48                memset
 .text          0x08001ef0       0x48 /usr/lib/gcc/arm-none-eabi/13.2.1/../../../arm-none-eabi/lib/thumb/v6-m/nofp/libg.a(libc_a-init.o)
                0x08001ef0                __libc_init_array
 *(.text.*)
 .text.System_Clock_Init
                0x08001f38       0x40 /tmp/ccgbPSG5.o
                0x08001f38                System_Clock_Init
 .text.Delay    0x08001f78       0x18 /tmp/ccgbPSG5.o
                0x08001f78                Delay
 .text.startup.main
                0x08001f90       0x38 /tmp/ccgbPSG5.o
                0x08001f90                main
 .text.TimingDelay_Decrement
                0x08001fc8       0x14 /tmp/ccgbPSG5.o
                0x08001fc8                TimingDelay_Decrement
 .text.SystemInit
                0x08001fdc       0xb4 /tmp/ccXSSd6x.o
                0x08001fdc                SystemInit
 .text.STM_EVAL_LEDToggle
                0x08002090       0x14 /tmp/cclutICh.o
                0x08002090                STM_EVAL_LEDToggle
 .text.STM_EVAL_PBGetState
                0x080020a4       0x18 /tmp/cclutICh.o
                0x080020a4                STM_EVAL_PBGetState
 .text.NMI_Handler
                0x080020bc        0x2 /tmp/cc4mJxZT.o
                0x080020bc                NMI_Handler
 .text.HardFault_Handler
                0x080020be        0x2 /tmp/cc4mJxZT.o
                0x080020be                HardFault_Handler
 .text.SVC_Handler
                0x080020c0        0x2 /tmp/cc4mJxZT.o
                0x080020c0                SVC_Handler
 .text.PendSV_Handler
                0x080020c2        0x2 /tmp/cc4mJxZT.o
                0x080020c2                PendSV_Handler
 .text.SysTick_Handler
                0x080020c4        0x8 /tmp/cc4mJxZT.o
                0x080020c4                SysTick_Handler
 .text.EXTI4_15_IRQHandler
                0x080020cc       0x3c /tmp/cc4mJxZT.o
                0x080020cc                EXTI4_15_IRQHandler
 .text.I2C_Settings_Init
                0x08002108       0x80 /tmp/ccWuDklO.o
                0x08002108                I2C_Settings_Init
 .text.I2C_transmit
                0x08002188       0x68 /tmp/ccWuDklO.o
                0x08002188                I2C_transmit
 .text.I2C_receive
                0x080021f0       0xb0 /tmp/ccWuDklO.o
                0x080021f0                I2C_receive
 .text.ICM20948_init
                0x080022a0       0xa0 /tmp/ccWuDklO.o
                0x080022a0                ICM20948_init
 .text.getICM20948_ACCEL_GYRO_TEMPdata
                0x08002340      0x180 /tmp/ccWuDklO.o
                0x08002340                getICM20948_ACCEL_GYRO_TEMPdata
 .text.Reset_Handler
                0x080024c0       0x50 /tmp/ccWiUzg2.o
                0x080024c0                Reset_Handler
 .text.Default_Handler
                0x08002510        0x2 /tmp/ccWiUzg2.o
                0x08002510                TIM1_CC_IRQHandler
                0x08002510                ADC1_COMP_IRQHandler
                0x08002510                PVD_IRQHandler
                0x08002510                I2C1_IRQHandler
                0x08002510                SPI1_IRQHandler
                0x08002510                TIM6_DAC_IRQHandler
                0x08002510                EXTI2_3_IRQHandler
                0x08002510                I2C2_IRQHandler
                0x08002510                TIM17_IRQHandler
                0x08002510                RTC_IRQHandler
                0x08002510                TIM16_IRQHandler
                0x08002510                TIM3_IRQHandler
                0x08002510                RCC_IRQHandler
                0x08002510                DMA1_Channel1_IRQHandler
                0x08002510                Default_Handler
                0x08002510                CEC_IRQHandler
                0x08002510                TIM14_IRQHandler
                0x08002510                DMA1_Channel4_5_IRQHandler
                0x08002510                TIM15_IRQHandler
                0x08002510                EXTI0_1_IRQHandler
                0x08002510                SPI2_IRQHandler
                0x08002510                TS_IRQHandler
                0x08002510                WWDG_IRQHandler
                0x08002510                TIM2_IRQHandler
                0x08002510                DMA1_Channel2_3_IRQHandler
                0x08002510                USART2_IRQHandler
                0x08002510                FLASH_IRQHandler
                0x08002510                USART1_IRQHandler
                0x08002510                TIM1_BRK_UP_TRG_COM_IRQHandler
 *(.rodata)
 *fill*         0x08002512        0x2 
 .rodata        0x08002514       0x10 Libraries/libstm32f0.a(stm32f0xx_rcc.o)
 .rodata        0x08002524       0x7c /usr/lib/gcc/arm-none-eabi/13.2.1/thumb/v6-m/nofp/libgcc.a(divsf3.o)
 *(.rodata*)
 *(.glue_7)
 .glue_7        0x080025a0        0x0 linker stubs
 *(.glue_7t)
 .glue_7t       0x080025a0        0x0 linker stubs
 *(.init)
 .init          0x080025a0        0x4 /usr/lib/gcc/arm-none-eabi/13.2.1/thumb/v6-m/nofp/crti.o
                0x080025a0                _init
 .init          0x080025a4        0x8 /usr/lib/gcc/arm-none-eabi/13.2.1/thumb/v6-m/nofp/crtn.o
 *(.fini)
 .fini          0x080025ac        0x4 /usr/lib/gcc/arm-none-eabi/13.2.1/thumb/v6-m/nofp/crti.o
                0x080025ac                _fini
 .fini          0x080025b0        0x8 /usr/lib/gcc/arm-none-eabi/13.2.1/thumb/v6-m/nofp/crtn.o
                0x080025b8                        . = ALIGN (0x4)
                0x080025b8                        _etext = .
                0x080025b8                        _sidata = _etext

.vfp11_veneer   0x080025b8        0x0
 .vfp11_veneer  0x080025b8        0x0 linker stubs

.v4_bx          0x080025b8        0x0
 .v4_bx         0x080025b8        0x0 linker stubs

.iplt           0x080025b8        0x0
 .iplt          0x080025b8        0x0 /tmp/ccgbPSG5.o

.rel.dyn        0x080025b8        0x0
 .rel.iplt      0x080025b8        0x0 /tmp/ccgbPSG5.o

.data           0x20000000        0x8 load address 0x080025b8
                0x20000000                        . = ALIGN (0x4)
                0x20000000                        _sdata = .
                0x20000000                        _data = .
 *(.data)
 *(.data.*)
 .data.BUTTON_PORT
                0x20000000        0x4 /tmp/cclutICh.o
                0x20000000                BUTTON_PORT
 .data.GPIO_PORT
                0x20000004        0x4 /tmp/cclutICh.o
                0x20000004                GPIO_PORT
 *(.RAMtext)
                0x20000008                        . = ALIGN (0x4)
                0x20000008                        _edata = .

.igot.plt       0x20000008        0x0 load address 0x080025c0
 .igot.plt      0x20000008        0x0 /tmp/ccgbPSG5.o

.bss            0x20000008       0x2c load address 0x080025c0
                0x20000008                        . = ALIGN (0x4)
                0x20000008                        _sbss = .
                0x20000008                        _bss = .
 *(.bss)
 *(.bss.*)
 .bss.RCC_Clocks
                0x20000008       0x1c /tmp/ccgbPSG5.o
                0x20000008                RCC_Clocks
 .bss.BlinkSpeed
                0x20000024        0x1 /tmp/ccgbPSG5.o
                0x20000024                BlinkSpeed
 *fill*         0x20000025        0x3 
 .bss.TimingDelay
                0x20000028        0x4 /tmp/ccgbPSG5.o
 .bss.ctx       0x2000002c        0x8 /tmp/ccWuDklO.o
                0x2000002c                ctx
 *(COMMON)
                0x20000034                        . = ALIGN (0x4)
                0x20000034                        _ebss = .
                [!provide]                        PROVIDE (end = _ebss)
                [!provide]                        PROVIDE (_end = _ebss)
                0x20000034                        __exidx_start = .
                0x20000034                        __exidx_end = .

/DISCARD/
 libc.a(*)
 libm.a(*)
 libgcc.a(*)

.stab
 *(.stab)

.stabstr
 *(.stabstr)

.stab.excl
 *(.stab.excl)

.stab.exclstr
 *(.stab.exclstr)

.stab.index
 *(.stab.index)

.stab.indexstr
 *(.stab.indexstr)

.comment        0x00000000       0x26
 *(.comment)
 .comment       0x00000000       0x26 /tmp/ccgbPSG5.o
                                 0x27 (size before relaxing)
 .comment       0x00000026       0x27 /tmp/ccXSSd6x.o
 .comment       0x00000026       0x27 /tmp/cclutICh.o
 .comment       0x00000026       0x27 /tmp/cc4mJxZT.o
 .comment       0x00000026       0x27 /tmp/ccWuDklO.o
 .comment       0x00000026       0x27 Libraries/libstm32f0.a(stm32f0xx_exti.o)
 .comment       0x00000026       0x27 Libraries/libstm32f0.a(stm32f0xx_gpio.o)
 .comment       0x00000026       0x27 Libraries/libstm32f0.a(stm32f0xx_i2c.o)
 .comment       0x00000026       0x27 Libraries/libstm32f0.a(stm32f0xx_rcc.o)
 .comment       0x00000026       0x27 /usr/lib/gcc/arm-none-eabi/13.2.1/thumb/v6-m/nofp/libgcc.a(addsf3.o)
 .comment       0x00000026       0x27 /usr/lib/gcc/arm-none-eabi/13.2.1/thumb/v6-m/nofp/libgcc.a(divsf3.o)
 .comment       0x00000026       0x27 /usr/lib/gcc/arm-none-eabi/13.2.1/thumb/v6-m/nofp/libgcc.a(mulsf3.o)
 .comment       0x00000026       0x27 /usr/lib/gcc/arm-none-eabi/13.2.1/thumb/v6-m/nofp/libgcc.a(floatsisf.o)
 .comment       0x00000026       0x27 /usr/lib/gcc/arm-none-eabi/13.2.1/thumb/v6-m/nofp/libgcc.a(muldf3.o)
 .comment       0x00000026       0x27 /usr/lib/gcc/arm-none-eabi/13.2.1/thumb/v6-m/nofp/libgcc.a(extendsfdf2.o)
 .comment       0x00000026       0x27 /usr/lib/gcc/arm-none-eabi/13.2.1/thumb/v6-m/nofp/libgcc.a(truncdfsf2.o)
 .comment       0x00000026       0x27 /usr/lib/gcc/arm-none-eabi/13.2.1/../../../arm-none-eabi/lib/thumb/v6-m/nofp/libg.a(libc_a-memset.o)
 .comment       0x00000026       0x27 /usr/lib/gcc/arm-none-eabi/13.2.1/../../../arm-none-eabi/lib/thumb/v6-m/nofp/libg.a(libc_a-init.o)

.ARM.attributes
                0x00000000       0x28
 .ARM.attributes
                0x00000000       0x1e /usr/lib/gcc/arm-none-eabi/13.2.1/thumb/v6-m/nofp/crti.o
 .ARM.attributes
                0x0000001e       0x2c /tmp/ccgbPSG5.o
 .ARM.attributes
                0x0000004a       0x2c /tmp/ccXSSd6x.o
 .ARM.attributes
                0x00000076       0x2c /tmp/cclutICh.o
 .ARM.attributes
                0x000000a2       0x2c /tmp/cc4mJxZT.o
 .ARM.attributes
                0x000000ce       0x2c /tmp/ccWuDklO.o
 .ARM.attributes
                0x000000fa       0x21 /tmp/ccWiUzg2.o
 .ARM.attributes
                0x0000011b       0x2c Libraries/libstm32f0.a(stm32f0xx_exti.o)
 .ARM.attributes
                0x00000147       0x2c Libraries/libstm32f0.a(stm32f0xx_gpio.o)
 .ARM.attributes
                0x00000173       0x2c Libraries/libstm32f0.a(stm32f0xx_i2c.o)
 .ARM.attributes
                0x0000019f       0x2c Libraries/libstm32f0.a(stm32f0xx_rcc.o)
 .ARM.attributes
                0x000001cb       0x1e /usr/lib/gcc/arm-none-eabi/13.2.1/thumb/v6-m/nofp/libgcc.a(_udivsi3.o)
 .ARM.attributes
                0x000001e9       0x1e /usr/lib/gcc/arm-none-eabi/13.2.1/thumb/v6-m/nofp/libgcc.a(_dvmd_tls.o)
 .ARM.attributes
                0x00000207       0x2c /usr/lib/gcc/arm-none-eabi/13.2.1/thumb/v6-m/nofp/libgcc.a(addsf3.o)
 .ARM.attributes
                0x00000233       0x2c /usr/lib/gcc/arm-none-eabi/13.2.1/thumb/v6-m/nofp/libgcc.a(divsf3.o)
 .ARM.attributes
                0x0000025f       0x2c /usr/lib/gcc/arm-none-eabi/13.2.1/thumb/v6-m/nofp/libgcc.a(mulsf3.o)
 .ARM.attributes
                0x0000028b       0x2c /usr/lib/gcc/arm-none-eabi/13.2.1/thumb/v6-m/nofp/libgcc.a(floatsisf.o)
 .ARM.attributes
                0x000002b7       0x2c /usr/lib/gcc/arm-none-eabi/13.2.1/thumb/v6-m/nofp/libgcc.a(muldf3.o)
 .ARM.attributes
                0x000002e3       0x2c /usr/lib/gcc/arm-none-eabi/13.2.1/thumb/v6-m/nofp/libgcc.a(extendsfdf2.o)
 .ARM.attributes
                0x0000030f       0x2c /usr/lib/gcc/arm-none-eabi/13.2.1/thumb/v6-m/nofp/libgcc.a(truncdfsf2.o)
 .ARM.attributes
                0x0000033b       0x1e /usr/lib/gcc/arm-none-eabi/13.2.1/thumb/v6-m/nofp/libgcc.a(_clzsi2.o)
 .ARM.attributes
                0x00000359       0x2c /usr/lib/gcc/arm-none-eabi/13.2.1/../../../arm-none-eabi/lib/thumb/v6-m/nofp/libg.a(libc_a-memset.o)
 .ARM.attributes
                0x00000385       0x2c /usr/lib/gcc/arm-none-eabi/13.2.1/../../../arm-none-eabi/lib/thumb/v6-m/nofp/libg.a(libc_a-init.o)
 .ARM.attributes
                0x000003b1       0x1e /usr/lib/gcc/arm-none-eabi/13.2.1/thumb/v6-m/nofp/crtn.o

.debug
 *(.debug)

.line
 *(.line)

.debug_srcinfo
 *(.debug_srcinfo)

.debug_sfnames
 *(.debug_sfnames)

.debug_aranges  0x00000000      0x4c0
 *(.debug_aranges)
 .debug_aranges
                0x00000000       0x58 /tmp/ccgbPSG5.o
 .debug_aranges
                0x00000058       0x28 /tmp/ccXSSd6x.o
 .debug_aranges
                0x00000080       0x78 /tmp/cclutICh.o
 .debug_aranges
                0x000000f8       0x68 /tmp/cc4mJxZT.o
 .debug_aranges
                0x00000160      0x138 /tmp/ccWuDklO.o
 .debug_aranges
                0x00000298       0x28 /tmp/ccWiUzg2.o
 .debug_aranges
                0x000002c0       0x20 Libraries/libstm32f0.a(stm32f0xx_exti.o)
 .debug_aranges
                0x000002e0       0x20 Libraries/libstm32f0.a(stm32f0xx_gpio.o)
 .debug_aranges
                0x00000300       0x20 Libraries/libstm32f0.a(stm32f0xx_i2c.o)
 .debug_aranges
                0x00000320       0x20 Libraries/libstm32f0.a(stm32f0xx_rcc.o)
 .debug_aranges
                0x00000340       0x20 /usr/lib/gcc/arm-none-eabi/13.2.1/thumb/v6-m/nofp/libgcc.a(_udivsi3.o)
 .debug_aranges
                0x00000360       0x20 /usr/lib/gcc/arm-none-eabi/13.2.1/thumb/v6-m/nofp/libgcc.a(_dvmd_tls.o)
 .debug_aranges
                0x00000380       0x20 /usr/lib/gcc/arm-none-eabi/13.2.1/thumb/v6-m/nofp/libgcc.a(addsf3.o)
 .debug_aranges
                0x000003a0       0x20 /usr/lib/gcc/arm-none-eabi/13.2.1/thumb/v6-m/nofp/libgcc.a(divsf3.o)
 .debug_aranges
                0x000003c0       0x20 /usr/lib/gcc/arm-none-eabi/13.2.1/thumb/v6-m/nofp/libgcc.a(mulsf3.o)
 .debug_aranges
                0x000003e0       0x20 /usr/lib/gcc/arm-none-eabi/13.2.1/thumb/v6-m/nofp/libgcc.a(floatsisf.o)
 .debug_aranges
                0x00000400       0x20 /usr/lib/gcc/arm-none-eabi/13.2.1/thumb/v6-m/nofp/libgcc.a(muldf3.o)
 .debug_aranges
                0x00000420       0x20 /usr/lib/gcc/arm-none-eabi/13.2.1/thumb/v6-m/nofp/libgcc.a(extendsfdf2.o)
 .debug_aranges
                0x00000440       0x20 /usr/lib/gcc/arm-none-eabi/13.2.1/thumb/v6-m/nofp/libgcc.a(truncdfsf2.o)
 .debug_aranges
                0x00000460       0x20 /usr/lib/gcc/arm-none-eabi/13.2.1/thumb/v6-m/nofp/libgcc.a(_clzsi2.o)
 .debug_aranges
                0x00000480       0x20 /usr/lib/gcc/arm-none-eabi/13.2.1/../../../arm-none-eabi/lib/thumb/v6-m/nofp/libg.a(libc_a-memset.o)
 .debug_aranges
                0x000004a0       0x20 /usr/lib/gcc/arm-none-eabi/13.2.1/../../../arm-none-eabi/lib/thumb/v6-m/nofp/libg.a(libc_a-init.o)

.debug_pubnames
 *(.debug_pubnames)

.debug_info     0x00000000     0x940c
 *(.debug_info .gnu.linkonce.wi.*)
 .debug_info    0x00000000      0xa3b /tmp/ccgbPSG5.o
 .debug_info    0x00000a3b      0x2df /tmp/ccXSSd6x.o
 .debug_info    0x00000d1a     0x11b6 /tmp/cclutICh.o
 .debug_info    0x00001ed0      0x1f2 /tmp/cc4mJxZT.o
 .debug_info    0x000020c2     0x3611 /tmp/ccWuDklO.o
 .debug_info    0x000056d3       0x30 /tmp/ccWiUzg2.o
 .debug_info    0x00005703      0x341 Libraries/libstm32f0.a(stm32f0xx_exti.o)
 .debug_info    0x00005a44      0x730 Libraries/libstm32f0.a(stm32f0xx_gpio.o)
 .debug_info    0x00006174      0xc59 Libraries/libstm32f0.a(stm32f0xx_i2c.o)
 .debug_info    0x00006dcd      0xa7c Libraries/libstm32f0.a(stm32f0xx_rcc.o)
 .debug_info    0x00007849       0x3e /usr/lib/gcc/arm-none-eabi/13.2.1/thumb/v6-m/nofp/libgcc.a(_udivsi3.o)
 .debug_info    0x00007887       0x3c /usr/lib/gcc/arm-none-eabi/13.2.1/thumb/v6-m/nofp/libgcc.a(_dvmd_tls.o)
 .debug_info    0x000078c3      0x316 /usr/lib/gcc/arm-none-eabi/13.2.1/thumb/v6-m/nofp/libgcc.a(addsf3.o)
 .debug_info    0x00007bd9      0x33b /usr/lib/gcc/arm-none-eabi/13.2.1/thumb/v6-m/nofp/libgcc.a(divsf3.o)
 .debug_info    0x00007f14      0x3ad /usr/lib/gcc/arm-none-eabi/13.2.1/thumb/v6-m/nofp/libgcc.a(mulsf3.o)
 .debug_info    0x000082c1      0x22e /usr/lib/gcc/arm-none-eabi/13.2.1/thumb/v6-m/nofp/libgcc.a(floatsisf.o)
 .debug_info    0x000084ef      0x7bd /usr/lib/gcc/arm-none-eabi/13.2.1/thumb/v6-m/nofp/libgcc.a(muldf3.o)
 .debug_info    0x00008cac      0x269 /usr/lib/gcc/arm-none-eabi/13.2.1/thumb/v6-m/nofp/libgcc.a(extendsfdf2.o)
 .debug_info    0x00008f15      0x286 /usr/lib/gcc/arm-none-eabi/13.2.1/thumb/v6-m/nofp/libgcc.a(truncdfsf2.o)
 .debug_info    0x0000919b       0x31 /usr/lib/gcc/arm-none-eabi/13.2.1/thumb/v6-m/nofp/libgcc.a(_clzsi2.o)
 .debug_info    0x000091cc      0x135 /usr/lib/gcc/arm-none-eabi/13.2.1/../../../arm-none-eabi/lib/thumb/v6-m/nofp/libg.a(libc_a-memset.o)
 .debug_info    0x00009301      0x10b /usr/lib/gcc/arm-none-eabi/13.2.1/../../../arm-none-eabi/lib/thumb/v6-m/nofp/libg.a(libc_a-init.o)

.debug_abbrev   0x00000000     0x2452
 *(.debug_abbrev)
 .debug_abbrev  0x00000000      0x39b /tmp/ccgbPSG5.o
 .debug_abbrev  0x0000039b      0x179 /tmp/ccXSSd6x.o
 .debug_abbrev  0x00000514      0x2b5 /tmp/cclutICh.o
 .debug_abbrev  0x000007c9      0x155 /tmp/cc4mJxZT.o
 .debug_abbrev  0x0000091e      0x609 /tmp/ccWuDklO.o
 .debug_abbrev  0x00000f27       0x24 /tmp/ccWiUzg2.o
 .debug_abbrev  0x00000f4b      0x21b Libraries/libstm32f0.a(stm32f0xx_exti.o)
 .debug_abbrev  0x00001166      0x224 Libraries/libstm32f0.a(stm32f0xx_gpio.o)
 .debug_abbrev  0x0000138a      0x257 Libraries/libstm32f0.a(stm32f0xx_i2c.o)
 .debug_abbrev  0x000015e1      0x2ed Libraries/libstm32f0.a(stm32f0xx_rcc.o)
 .debug_abbrev  0x000018ce       0x28 /usr/lib/gcc/arm-none-eabi/13.2.1/thumb/v6-m/nofp/libgcc.a(_udivsi3.o)
 .debug_abbrev  0x000018f6       0x26 /usr/lib/gcc/arm-none-eabi/13.2.1/thumb/v6-m/nofp/libgcc.a(_dvmd_tls.o)
 .debug_abbrev  0x0000191c      0x15c /usr/lib/gcc/arm-none-eabi/13.2.1/thumb/v6-m/nofp/libgcc.a(addsf3.o)
 .debug_abbrev  0x00001a78      0x153 /usr/lib/gcc/arm-none-eabi/13.2.1/thumb/v6-m/nofp/libgcc.a(divsf3.o)
 .debug_abbrev  0x00001bcb      0x164 /usr/lib/gcc/arm-none-eabi/13.2.1/thumb/v6-m/nofp/libgcc.a(mulsf3.o)
 .debug_abbrev  0x00001d2f      0x170 /usr/lib/gcc/arm-none-eabi/13.2.1/thumb/v6-m/nofp/libgcc.a(floatsisf.o)
 .debug_abbrev  0x00001e9f      0x17d /usr/lib/gcc/arm-none-eabi/13.2.1/thumb/v6-m/nofp/libgcc.a(muldf3.o)
 .debug_abbrev  0x0000201c      0x157 /usr/lib/gcc/arm-none-eabi/13.2.1/thumb/v6-m/nofp/libgcc.a(extendsfdf2.o)
 .debug_abbrev  0x00002173      0x137 /usr/lib/gcc/arm-none-eabi/13.2.1/thumb/v6-m/nofp/libgcc.a(truncdfsf2.o)
 .debug_abbrev  0x000022aa       0x28 /usr/lib/gcc/arm-none-eabi/13.2.1/thumb/v6-m/nofp/libgcc.a(_clzsi2.o)
 .debug_abbrev  0x000022d2       0xb7 /usr/lib/gcc/arm-none-eabi/13.2.1/../../../arm-none-eabi/lib/thumb/v6-m/nofp/libg.a(libc_a-memset.o)
 .debug_abbrev  0x00002389       0xc9 /usr/lib/gcc/arm-none-eabi/13.2.1/../../../arm-none-eabi/lib/thumb/v6-m/nofp/libg.a(libc_a-init.o)

.debug_line     0x00000000     0x6d55
 *(.debug_line)
 .debug_line    0x00000000      0x3dc /tmp/ccgbPSG5.o
 .debug_line    0x000003dc      0x2b0 /tmp/ccXSSd6x.o
 .debug_line    0x0000068c      0x5b6 /tmp/cclutICh.o
 .debug_line    0x00000c42      0x226 /tmp/cc4mJxZT.o
 .debug_line    0x00000e68     0x1715 /tmp/ccWuDklO.o
 .debug_line    0x0000257d       0x7c /tmp/ccWiUzg2.o
 .debug_line    0x000025f9      0x299 Libraries/libstm32f0.a(stm32f0xx_exti.o)
 .debug_line    0x00002892      0x3fe Libraries/libstm32f0.a(stm32f0xx_gpio.o)
 .debug_line    0x00002c90      0x8e4 Libraries/libstm32f0.a(stm32f0xx_i2c.o)
 .debug_line    0x00003574      0xa16 Libraries/libstm32f0.a(stm32f0xx_rcc.o)
 .debug_line    0x00003f8a       0x56 /usr/lib/gcc/arm-none-eabi/13.2.1/thumb/v6-m/nofp/libgcc.a(_udivsi3.o)
 .debug_line    0x00003fe0       0x4a /usr/lib/gcc/arm-none-eabi/13.2.1/thumb/v6-m/nofp/libgcc.a(_dvmd_tls.o)
 .debug_line    0x0000402a      0xaa6 /usr/lib/gcc/arm-none-eabi/13.2.1/thumb/v6-m/nofp/libgcc.a(addsf3.o)
 .debug_line    0x00004ad0      0x61d /usr/lib/gcc/arm-none-eabi/13.2.1/thumb/v6-m/nofp/libgcc.a(divsf3.o)
 .debug_line    0x000050ed      0x5bf /usr/lib/gcc/arm-none-eabi/13.2.1/thumb/v6-m/nofp/libgcc.a(mulsf3.o)
 .debug_line    0x000056ac      0x214 /usr/lib/gcc/arm-none-eabi/13.2.1/thumb/v6-m/nofp/libgcc.a(floatsisf.o)
 .debug_line    0x000058c0      0xbaa /usr/lib/gcc/arm-none-eabi/13.2.1/thumb/v6-m/nofp/libgcc.a(muldf3.o)
 .debug_line    0x0000646a      0x1fc /usr/lib/gcc/arm-none-eabi/13.2.1/thumb/v6-m/nofp/libgcc.a(extendsfdf2.o)
 .debug_line    0x00006666      0x3cf /usr/lib/gcc/arm-none-eabi/13.2.1/thumb/v6-m/nofp/libgcc.a(truncdfsf2.o)
 .debug_line    0x00006a35       0x5e /usr/lib/gcc/arm-none-eabi/13.2.1/thumb/v6-m/nofp/libgcc.a(_clzsi2.o)
 .debug_line    0x00006a93      0x1bd /usr/lib/gcc/arm-none-eabi/13.2.1/../../../arm-none-eabi/lib/thumb/v6-m/nofp/libg.a(libc_a-memset.o)
 .debug_line    0x00006c50      0x105 /usr/lib/gcc/arm-none-eabi/13.2.1/../../../arm-none-eabi/lib/thumb/v6-m/nofp/libg.a(libc_a-init.o)

.debug_frame    0x00000000     0x1040
 *(.debug_frame)
 .debug_frame   0x00000000       0xd0 /tmp/ccgbPSG5.o
 .debug_frame   0x000000d0       0x48 /tmp/ccXSSd6x.o
 .debug_frame   0x00000118      0x144 /tmp/cclutICh.o
 .debug_frame   0x0000025c       0xc0 /tmp/cc4mJxZT.o
 .debug_frame   0x0000031c      0x420 /tmp/ccWuDklO.o
 .debug_frame   0x0000073c       0x9c Libraries/libstm32f0.a(stm32f0xx_exti.o)
 .debug_frame   0x000007d8      0x110 Libraries/libstm32f0.a(stm32f0xx_gpio.o)
 .debug_frame   0x000008e8      0x2dc Libraries/libstm32f0.a(stm32f0xx_i2c.o)
 .debug_frame   0x00000bc4      0x298 Libraries/libstm32f0.a(stm32f0xx_rcc.o)
 .debug_frame   0x00000e5c       0x20 /usr/lib/gcc/arm-none-eabi/13.2.1/thumb/v6-m/nofp/libgcc.a(_udivsi3.o)
 .debug_frame   0x00000e7c       0x34 /usr/lib/gcc/arm-none-eabi/13.2.1/thumb/v6-m/nofp/libgcc.a(addsf3.o)
 .debug_frame   0x00000eb0       0x38 /usr/lib/gcc/arm-none-eabi/13.2.1/thumb/v6-m/nofp/libgcc.a(divsf3.o)
 .debug_frame   0x00000ee8       0x38 /usr/lib/gcc/arm-none-eabi/13.2.1/thumb/v6-m/nofp/libgcc.a(mulsf3.o)
 .debug_frame   0x00000f20       0x2c /usr/lib/gcc/arm-none-eabi/13.2.1/thumb/v6-m/nofp/libgcc.a(floatsisf.o)
 .debug_frame   0x00000f4c       0x3c /usr/lib/gcc/arm-none-eabi/13.2.1/thumb/v6-m/nofp/libgcc.a(muldf3.o)
 .debug_frame   0x00000f88       0x2c /usr/lib/gcc/arm-none-eabi/13.2.1/thumb/v6-m/nofp/libgcc.a(extendsfdf2.o)
 .debug_frame   0x00000fb4       0x30 /usr/lib/gcc/arm-none-eabi/13.2.1/thumb/v6-m/nofp/libgcc.a(truncdfsf2.o)
 .debug_frame   0x00000fe4       0x30 /usr/lib/gcc/arm-none-eabi/13.2.1/../../../arm-none-eabi/lib/thumb/v6-m/nofp/libg.a(libc_a-memset.o)
 .debug_frame   0x00001014       0x2c /usr/lib/gcc/arm-none-eabi/13.2.1/../../../arm-none-eabi/lib/thumb/v6-m/nofp/libg.a(libc_a-init.o)

.debug_str      0x00000000     0x2cff
 *(.debug_str)
 .debug_str     0x00000000     0x2cff /tmp/ccgbPSG5.o
                                0x634 (size before relaxing)
 .debug_str     0x00002cff      0x275 /tmp/ccXSSd6x.o
 .debug_str     0x00002cff      0xb91 /tmp/cclutICh.o
 .debug_str     0x00002cff      0x28e /tmp/cc4mJxZT.o
 .debug_str     0x00002cff     0x11ed /tmp/ccWuDklO.o
 .debug_str     0x00002cff       0x59 /tmp/ccWiUzg2.o
 .debug_str     0x00002cff      0x335 Libraries/libstm32f0.a(stm32f0xx_exti.o)
 .debug_str     0x00002cff      0x496 Libraries/libstm32f0.a(stm32f0xx_gpio.o)
 .debug_str     0x00002cff      0x635 Libraries/libstm32f0.a(stm32f0xx_i2c.o)
 .debug_str     0x00002cff      0x717 Libraries/libstm32f0.a(stm32f0xx_rcc.o)
 .debug_str     0x00002cff       0xbe /usr/lib/gcc/arm-none-eabi/13.2.1/thumb/v6-m/nofp/libgcc.a(_udivsi3.o)
 .debug_str     0x00002cff       0xbf /usr/lib/gcc/arm-none-eabi/13.2.1/thumb/v6-m/nofp/libgcc.a(_dvmd_tls.o)
 .debug_str     0x00002cff      0x2c1 /usr/lib/gcc/arm-none-eabi/13.2.1/thumb/v6-m/nofp/libgcc.a(addsf3.o)
 .debug_str     0x00002cff      0x2e6 /usr/lib/gcc/arm-none-eabi/13.2.1/thumb/v6-m/nofp/libgcc.a(divsf3.o)
 .debug_str     0x00002cff      0x2e6 /usr/lib/gcc/arm-none-eabi/13.2.1/thumb/v6-m/nofp/libgcc.a(mulsf3.o)
 .debug_str     0x00002cff      0x288 /usr/lib/gcc/arm-none-eabi/13.2.1/thumb/v6-m/nofp/libgcc.a(floatsisf.o)
 .debug_str     0x00002cff      0x418 /usr/lib/gcc/arm-none-eabi/13.2.1/thumb/v6-m/nofp/libgcc.a(muldf3.o)
 .debug_str     0x00002cff      0x233 /usr/lib/gcc/arm-none-eabi/13.2.1/thumb/v6-m/nofp/libgcc.a(extendsfdf2.o)
 .debug_str     0x00002cff      0x289 /usr/lib/gcc/arm-none-eabi/13.2.1/thumb/v6-m/nofp/libgcc.a(truncdfsf2.o)
 .debug_str     0x00002cff       0xac /usr/lib/gcc/arm-none-eabi/13.2.1/thumb/v6-m/nofp/libgcc.a(_clzsi2.o)
 .debug_str     0x00002cff      0x1a1 /usr/lib/gcc/arm-none-eabi/13.2.1/../../../arm-none-eabi/lib/thumb/v6-m/nofp/libg.a(libc_a-memset.o)
 .debug_str     0x00002cff      0x1ee /usr/lib/gcc/arm-none-eabi/13.2.1/../../../arm-none-eabi/lib/thumb/v6-m/nofp/libg.a(libc_a-init.o)

.debug_loc
 *(.debug_loc)

.debug_macinfo
 *(.debug_macinfo)

.debug_weaknames
 *(.debug_weaknames)

.debug_funcnames
 *(.debug_funcnames)

.debug_typenames
 *(.debug_typenames)

.debug_varnames
 *(.debug_varnames)
OUTPUT(main.elf elf32-littlearm)
LOAD linker stubs
LOAD /usr/lib/gcc/arm-none-eabi/13.2.1/../../../arm-none-eabi/lib/thumb/v6-m/nofp/libc.a
LOAD /usr/lib/gcc/arm-none-eabi/13.2.1/../../../arm-none-eabi/lib/thumb/v6-m/nofp/libm.a
LOAD /usr/lib/gcc/arm-none-eabi/13.2.1/thumb/v6-m/nofp/libgcc.a

.debug_loclists
                0x00000000     0x4ccb
 .debug_loclists
                0x00000000      0x23f /tmp/ccgbPSG5.o
 .debug_loclists
                0x0000023f       0xcb /tmp/ccXSSd6x.o
 .debug_loclists
                0x0000030a      0x168 /tmp/cclutICh.o
 .debug_loclists
                0x00000472      0xe1a /tmp/ccWuDklO.o
 .debug_loclists
                0x0000128c      0x147 Libraries/libstm32f0.a(stm32f0xx_exti.o)
 .debug_loclists
                0x000013d3      0x30e Libraries/libstm32f0.a(stm32f0xx_gpio.o)
 .debug_loclists
                0x000016e1      0x452 Libraries/libstm32f0.a(stm32f0xx_i2c.o)
 .debug_loclists
                0x00001b33      0x4ce Libraries/libstm32f0.a(stm32f0xx_rcc.o)
 .debug_loclists
                0x00002001      0x845 /usr/lib/gcc/arm-none-eabi/13.2.1/thumb/v6-m/nofp/libgcc.a(addsf3.o)
 .debug_loclists
                0x00002846      0x64a /usr/lib/gcc/arm-none-eabi/13.2.1/thumb/v6-m/nofp/libgcc.a(divsf3.o)
 .debug_loclists
                0x00002e90      0x68c /usr/lib/gcc/arm-none-eabi/13.2.1/thumb/v6-m/nofp/libgcc.a(mulsf3.o)
 .debug_loclists
                0x0000351c      0x2ab /usr/lib/gcc/arm-none-eabi/13.2.1/thumb/v6-m/nofp/libgcc.a(floatsisf.o)
 .debug_loclists
                0x000037c7      0xe26 /usr/lib/gcc/arm-none-eabi/13.2.1/thumb/v6-m/nofp/libgcc.a(muldf3.o)
 .debug_loclists
                0x000045ed      0x16c /usr/lib/gcc/arm-none-eabi/13.2.1/thumb/v6-m/nofp/libgcc.a(extendsfdf2.o)
 .debug_loclists
                0x00004759      0x352 /usr/lib/gcc/arm-none-eabi/13.2.1/thumb/v6-m/nofp/libgcc.a(truncdfsf2.o)
 .debug_loclists
                0x00004aab      0x1c6 /usr/lib/gcc/arm-none-eabi/13.2.1/../../../arm-none-eabi/lib/thumb/v6-m/nofp/libg.a(libc_a-memset.o)
 .debug_loclists
                0x00004c71       0x5a /usr/lib/gcc/arm-none-eabi/13.2.1/../../../arm-none-eabi/lib/thumb/v6-m/nofp/libg.a(libc_a-init.o)

.debug_rnglists
                0x00000000      0x75f
 .debug_rnglists
                0x00000000       0x55 /tmp/ccgbPSG5.o
 .debug_rnglists
                0x00000055       0x1a /tmp/ccXSSd6x.o
 .debug_rnglists
                0x0000006f       0x57 /tmp/cclutICh.o
 .debug_rnglists
                0x000000c6       0x49 /tmp/cc4mJxZT.o
 .debug_rnglists
                0x0000010f      0x1be /tmp/ccWuDklO.o
 .debug_rnglists
                0x000002cd       0x19 /tmp/ccWiUzg2.o
 .debug_rnglists
                0x000002e6       0x2b Libraries/libstm32f0.a(stm32f0xx_rcc.o)
 .debug_rnglists
                0x00000311      0x15d /usr/lib/gcc/arm-none-eabi/13.2.1/thumb/v6-m/nofp/libgcc.a(addsf3.o)
 .debug_rnglists
                0x0000046e       0x82 /usr/lib/gcc/arm-none-eabi/13.2.1/thumb/v6-m/nofp/libgcc.a(divsf3.o)
 .debug_rnglists
                0x000004f0       0x72 /usr/lib/gcc/arm-none-eabi/13.2.1/thumb/v6-m/nofp/libgcc.a(mulsf3.o)
 .debug_rnglists
                0x00000562       0x41 /usr/lib/gcc/arm-none-eabi/13.2.1/thumb/v6-m/nofp/libgcc.a(floatsisf.o)
 .debug_rnglists
                0x000005a3      0x131 /usr/lib/gcc/arm-none-eabi/13.2.1/thumb/v6-m/nofp/libgcc.a(muldf3.o)
 .debug_rnglists
                0x000006d4       0x3d /usr/lib/gcc/arm-none-eabi/13.2.1/thumb/v6-m/nofp/libgcc.a(extendsfdf2.o)
 .debug_rnglists
                0x00000711       0x4e /usr/lib/gcc/arm-none-eabi/13.2.1/thumb/v6-m/nofp/libgcc.a(truncdfsf2.o)

.debug_line_str
                0x00000000       0xd6
 .debug_line_str
                0x00000000       0xd6 /tmp/ccWiUzg2.o
                                 0x3f (size before relaxing)
 .debug_line_str
                0x000000d6       0x97 /usr/lib/gcc/arm-none-eabi/13.2.1/thumb/v6-m/nofp/libgcc.a(_udivsi3.o)
 .debug_line_str
                0x000000d6       0x97 /usr/lib/gcc/arm-none-eabi/13.2.1/thumb/v6-m/nofp/libgcc.a(_dvmd_tls.o)
 .debug_line_str
                0x000000d6       0x97 /usr/lib/gcc/arm-none-eabi/13.2.1/thumb/v6-m/nofp/libgcc.a(_clzsi2.o)
