Archive member included to satisfy reference by file (symbol)

Libraries/libstm32f0.a(stm32f0xx_adc.o)
                              /tmp/ccmom3px.o (ADC_DeInit)
Libraries/libstm32f0.a(stm32f0xx_exti.o)
                              /tmp/ccmom3px.o (EXTI_Init)
Libraries/libstm32f0.a(stm32f0xx_gpio.o)
                              /tmp/ccmom3px.o (GPIO_Init)
Libraries/libstm32f0.a(stm32f0xx_i2c.o)
                              /tmp/ccId45oA.o (I2C_Init)
Libraries/libstm32f0.a(stm32f0xx_misc.o)
                              /tmp/ccmom3px.o (NVIC_Init)
Libraries/libstm32f0.a(stm32f0xx_rcc.o)
                              /tmp/ccnyQwjR.o (RCC_GetClocksFreq)
Libraries/libstm32f0.a(stm32f0xx_spi.o)
                              /tmp/ccmom3px.o (SPI_Init)
Libraries/libstm32f0.a(stm32f0xx_syscfg.o)
                              /tmp/ccmom3px.o (SYSCFG_EXTILineConfig)
Libraries/libstm32f0.a(stm32f0xx_usart.o)
                              /tmp/ccId45oA.o (USART_Init)
/usr/lib/gcc/arm-none-eabi/13.2.1/thumb/v6-m/nofp/libgcc.a(_udivsi3.o)
                              /tmp/ccnyQwjR.o (__aeabi_uidiv)
/usr/lib/gcc/arm-none-eabi/13.2.1/thumb/v6-m/nofp/libgcc.a(_divsi3.o)
                              /tmp/ccCguLPt.o (__aeabi_idiv)
/usr/lib/gcc/arm-none-eabi/13.2.1/thumb/v6-m/nofp/libgcc.a(_dvmd_tls.o)
                              /usr/lib/gcc/arm-none-eabi/13.2.1/thumb/v6-m/nofp/libgcc.a(_udivsi3.o) (__aeabi_idiv0)
/usr/lib/gcc/arm-none-eabi/13.2.1/thumb/v6-m/nofp/libgcc.a(_arm_cmpdf2.o)
                              /tmp/ccG0cAUY.o (__aeabi_dcmplt)
/usr/lib/gcc/arm-none-eabi/13.2.1/thumb/v6-m/nofp/libgcc.a(addsf3.o)
                              /tmp/ccId45oA.o (__aeabi_fadd)
/usr/lib/gcc/arm-none-eabi/13.2.1/thumb/v6-m/nofp/libgcc.a(divsf3.o)
                              /tmp/ccId45oA.o (__aeabi_fdiv)
/usr/lib/gcc/arm-none-eabi/13.2.1/thumb/v6-m/nofp/libgcc.a(mulsf3.o)
                              /tmp/ccId45oA.o (__aeabi_fmul)
/usr/lib/gcc/arm-none-eabi/13.2.1/thumb/v6-m/nofp/libgcc.a(floatsisf.o)
                              /tmp/ccId45oA.o (__aeabi_i2f)
/usr/lib/gcc/arm-none-eabi/13.2.1/thumb/v6-m/nofp/libgcc.a(adddf3.o)
                              /tmp/ccG0cAUY.o (__aeabi_dadd)
/usr/lib/gcc/arm-none-eabi/13.2.1/thumb/v6-m/nofp/libgcc.a(divdf3.o)
                              /tmp/ccG0cAUY.o (__aeabi_ddiv)
/usr/lib/gcc/arm-none-eabi/13.2.1/thumb/v6-m/nofp/libgcc.a(eqdf2.o)
                              /usr/lib/gcc/arm-none-eabi/13.2.1/thumb/v6-m/nofp/libgcc.a(_arm_cmpdf2.o) (__eqdf2)
/usr/lib/gcc/arm-none-eabi/13.2.1/thumb/v6-m/nofp/libgcc.a(gedf2.o)
                              /usr/lib/gcc/arm-none-eabi/13.2.1/thumb/v6-m/nofp/libgcc.a(_arm_cmpdf2.o) (__gedf2)
/usr/lib/gcc/arm-none-eabi/13.2.1/thumb/v6-m/nofp/libgcc.a(ledf2.o)
                              /usr/lib/gcc/arm-none-eabi/13.2.1/thumb/v6-m/nofp/libgcc.a(_arm_cmpdf2.o) (__ledf2)
/usr/lib/gcc/arm-none-eabi/13.2.1/thumb/v6-m/nofp/libgcc.a(muldf3.o)
                              /tmp/ccG0cAUY.o (__aeabi_dmul)
/usr/lib/gcc/arm-none-eabi/13.2.1/thumb/v6-m/nofp/libgcc.a(subdf3.o)
                              /tmp/ccG0cAUY.o (__aeabi_dsub)
/usr/lib/gcc/arm-none-eabi/13.2.1/thumb/v6-m/nofp/libgcc.a(fixdfsi.o)
                              /tmp/ccG0cAUY.o (__aeabi_d2iz)
/usr/lib/gcc/arm-none-eabi/13.2.1/thumb/v6-m/nofp/libgcc.a(floatsidf.o)
                              /tmp/ccG0cAUY.o (__aeabi_i2d)
/usr/lib/gcc/arm-none-eabi/13.2.1/thumb/v6-m/nofp/libgcc.a(floatunsidf.o)
                              /tmp/ccG0cAUY.o (__aeabi_ui2d)
/usr/lib/gcc/arm-none-eabi/13.2.1/thumb/v6-m/nofp/libgcc.a(extendsfdf2.o)
                              /tmp/ccId45oA.o (__aeabi_f2d)
/usr/lib/gcc/arm-none-eabi/13.2.1/thumb/v6-m/nofp/libgcc.a(truncdfsf2.o)
                              /tmp/ccId45oA.o (__aeabi_d2f)
/usr/lib/gcc/arm-none-eabi/13.2.1/thumb/v6-m/nofp/libgcc.a(_clzsi2.o)
                              /usr/lib/gcc/arm-none-eabi/13.2.1/thumb/v6-m/nofp/libgcc.a(addsf3.o) (__clzsi2)
/usr/lib/gcc/arm-none-eabi/13.2.1/../../../arm-none-eabi/lib/thumb/v6-m/nofp/libg.a(libc_a-memset.o)
                              /usr/lib/gcc/arm-none-eabi/13.2.1/../../../arm-none-eabi/lib/thumb/v6-m/nofp/crt0.o (memset)
/usr/lib/gcc/arm-none-eabi/13.2.1/../../../arm-none-eabi/lib/thumb/v6-m/nofp/libg.a(libc_a-memcpy-stub.o)
                              /tmp/ccG0cAUY.o (memcpy)
/usr/lib/gcc/arm-none-eabi/13.2.1/../../../arm-none-eabi/lib/thumb/v6-m/nofp/libg.a(libc_a-init.o)
                              /usr/lib/gcc/arm-none-eabi/13.2.1/../../../arm-none-eabi/lib/thumb/v6-m/nofp/crt0.o (__libc_init_array)
/usr/lib/gcc/arm-none-eabi/13.2.1/../../../arm-none-eabi/lib/thumb/v6-m/nofp/libg.a(libc_a-exit.o)
                              /usr/lib/gcc/arm-none-eabi/13.2.1/../../../arm-none-eabi/lib/thumb/v6-m/nofp/crt0.o (exit)
/usr/lib/gcc/arm-none-eabi/13.2.1/../../../arm-none-eabi/lib/thumb/v6-m/nofp/libg.a(libc_a-atexit.o)
[...]
Memory Configuration

Name             Origin             Length             Attributes
FLASH            0x08000000         0x00010000         xr
RAM              0x20000000         0x00002000         xrw
*default*        0x00000000         0xffffffff

Linker script and memory map

LOAD /usr/lib/gcc/arm-none-eabi/13.2.1/thumb/v6-m/nofp/crti.o
LOAD /usr/lib/gcc/arm-none-eabi/13.2.1/thumb/v6-m/nofp/crtbegin.o
LOAD /usr/lib/gcc/arm-none-eabi/13.2.1/../../../arm-none-eabi/lib/thumb/v6-m/nofp/crt0.o
LOAD /tmp/ccnyQwjR.o
LOAD /tmp/ccCguLPt.o
LOAD /tmp/ccmom3px.o
LOAD /tmp/ccJVbip0.o
LOAD /tmp/ccG0cAUY.o
LOAD /tmp/ccId45oA.o
LOAD /tmp/ccxE9sWZ.o
LOAD Libraries/libstm32f0.a
START GROUP
LOAD /usr/lib/gcc/arm-none-eabi/13.2.1/thumb/v6-m/nofp/libgcc.a
LOAD /usr/lib/gcc/arm-none-eabi/13.2.1/../../../arm-none-eabi/lib/thumb/v6-m/nofp/libg.a
LOAD /usr/lib/gcc/arm-none-eabi/13.2.1/../../../arm-none-eabi/lib/thumb/v6-m/nofp/libc.a
END GROUP
LOAD /usr/lib/gcc/arm-none-eabi/13.2.1/thumb/v6-m/nofp/crtend.o
LOAD /usr/lib/gcc/arm-none-eabi/13.2.1/thumb/v6-m/nofp/crtn.o
                0x20002000                        _estack = 0x20002000

.isr_vector     0x08000000       0xc4
                0x08000000                        . = ALIGN (0x4)
 *(.isr_vector)
 .isr_vector    0x08000000       0xc4 /tmp/ccxE9sWZ.o
                0x08000000                g_pfnVectors
                0x080000c4                        . = ALIGN (0x4)

.text           0x080000c4     0x3360
                0x080000c4                        . = ALIGN (0x4)
 *(.text)
 .text          0x080000c4      0x2b4 Libraries/libstm32f0.a(stm32f0xx_adc.o)
                0x080000c4                ADC_DeInit
                0x080000e8                ADC_Init
                0x08000114                ADC_StructInit
                0x08000124                ADC_Cmd
                0x0800013c                ADC_JitterCmd
                0x08000150                ADC_AutoPowerOffCmd
                0x08000170                ADC_WaitModeCmd
                0x08000190                ADC_AnalogWatchdogCmd
                0x080001b0                ADC_AnalogWatchdogThresholdsConfig
                0x080001b8                ADC_AnalogWatchdogSingleChannelConfig
                0x080001c8                ADC_AnalogWatchdogSingleChannelCmd
                0x080001e8                ADC_TempSensorCmd
                0x0800020c                ADC_VrefintCmd
                0x08000230                ADC_VbatCmd
                0x08000254                ADC_ChannelConfig
                0x08000260                ADC_ContinuousModeCmd
                0x08000280                ADC_DiscModeCmd
                0x080002a0                ADC_OverrunModeCmd
                0x080002c0                ADC_GetCalibrationFactor
                0x080002e8                ADC_StopOfConversion
                0x080002f4                ADC_StartOfConversion
                0x08000300                ADC_GetConversionValue
                0x08000308                ADC_DMACmd
                0x0800031c                ADC_DMARequestModeConfig
                0x0800032c                ADC_ITConfig
                0x08000340                ADC_GetFlagStatus
                0x0800035c                ADC_ClearFlag
                0x08000360                ADC_GetITStatus
                0x08000374                ADC_ClearITPendingBit
 .text          0x08000378       0xec Libraries/libstm32f0.a(stm32f0xx_exti.o)
                0x08000378                EXTI_DeInit
                0x08000398                EXTI_Init
                0x080003fc                EXTI_StructInit
                0x0800040c                EXTI_GenerateSWInterrupt
                0x0800041c                EXTI_GetFlagStatus
                0x08000430                EXTI_ClearFlag
                0x0800043c                EXTI_GetITStatus
                0x08000458                EXTI_ClearITPendingBit
 .text          0x08000464      0x1ec Libraries/libstm32f0.a(stm32f0xx_gpio.o)
                0x08000464                GPIO_DeInit
                0x08000508                GPIO_Init
                0x080005b0                GPIO_StructInit
                0x080005c0                GPIO_PinLockConfig
                0x080005e4                GPIO_ReadInputDataBit
                0x080005f4                GPIO_ReadInputData
                0x080005fc                GPIO_ReadOutputDataBit
                0x0800060c                GPIO_ReadOutputData
                0x08000614                GPIO_SetBits
                0x08000618                GPIO_ResetBits
                0x0800061c                GPIO_WriteBit
                0x08000628                GPIO_Write
                0x0800062c                GPIO_PinAFConfig
 .text          0x08000650      0x48c Libraries/libstm32f0.a(stm32f0xx_i2c.o)
                0x08000650                I2C_DeInit
                0x08000688                I2C_Init
                0x080006ec                I2C_StructInit
                0x08000704                I2C_Cmd
                0x08000718                I2C_SoftwareResetCmd
                0x08000738                I2C_ITConfig
                0x0800074c                I2C_StretchClockCmd
                0x0800076c                I2C_StopModeCmd
                0x0800078c                I2C_DualAddressCmd
                0x080007ac                I2C_OwnAddress2Config
                0x080007cc                I2C_GeneralCallCmd
                0x080007ec                I2C_SlaveByteControlCmd
                0x0800080c                I2C_SlaveAddressConfig
                0x0800081c                I2C_10BitAddressingModeCmd
                0x0800083c                I2C_AutoEndCmd
                0x0800085c                I2C_ReloadCmd
                0x0800087c                I2C_NumberOfBytesConfig
                0x08000890                I2C_MasterRequestConfig
                0x080008b0                I2C_GenerateSTART
                0x080008d0                I2C_GenerateSTOP
                0x080008f0                I2C_10BitAddressHeaderCmd
                0x08000910                I2C_AcknowledgeConfig
                0x08000930                I2C_GetAddressMatched
                0x0800093c                I2C_GetTransferDirection
                0x08000948                I2C_TransferHandling
                0x08000968                I2C_SMBusAlertCmd
                0x08000988                I2C_ClockTimeoutCmd
                0x080009a8                I2C_ExtendedClockTimeoutCmd
                0x080009c4                I2C_IdleClockTimeoutCmd
                0x080009e4                I2C_TimeoutAConfig
                0x080009f4                I2C_TimeoutBConfig
                0x08000a10                I2C_CalculatePEC
                0x08000a30                I2C_PECRequestCmd
                0x08000a50                I2C_GetPEC
                0x08000a58                I2C_ReadRegister
                0x08000a70                I2C_SendData
                0x08000a74                I2C_ReceiveData
                0x08000a7c                I2C_DMACmd
                0x08000a90                I2C_GetFlagStatus
                0x08000aa0                I2C_ClearFlag
                0x08000aa4                I2C_GetITStatus
                0x08000ad8                I2C_ClearITPendingBit
 .text          0x08000adc      0x520 Libraries/libstm32f0.a(stm32f0xx_rcc.o)
                0x08000adc                RCC_DeInit
                0x08000b3c                RCC_HSEConfig
                0x08000b4c                RCC_WaitForHSEStartUp
                0x08000b88                RCC_AdjustHSICalibrationValue
                0x08000b9c                RCC_HSICmd
                0x08000bb8                RCC_AdjustHSI14CalibrationValue
                0x08000bcc                RCC_HSI14Cmd
                0x08000be8                RCC_HSI14ADCRequestCmd
                0x08000c04                RCC_LSEConfig
                0x08000c24                RCC_LSEDriveConfig
                0x08000c3c                RCC_LSICmd
                0x08000c58                RCC_PLLConfig
                0x08000c78                RCC_PLLCmd
                0x08000c9c                RCC_PREDIV1Config
                0x08000cb0                RCC_ClockSecuritySystemCmd
                0x08000cd4                RCC_MCOConfig
                0x08000ce0                RCC_SYSCLKConfig
                0x08000cf4                RCC_GetSYSCLKSource
                0x08000d04                RCC_HCLKConfig
                0x08000d18                RCC_PCLKConfig
                0x08000d30                RCC_ADCCLKConfig
                0x08000d64                RCC_CECCLKConfig
                0x08000d7c                RCC_I2CCLKConfig
                0x08000d94                RCC_USARTCLKConfig
                0x08000dac                RCC_GetClocksFreq
                0x08000e94                RCC_RTCCLKConfig
                0x08000ea4                RCC_RTCCLKCmd
                0x08000ec8                RCC_BackupResetCmd
                0x08000eec                RCC_AHBPeriphClockCmd
                0x08000f04                RCC_APB2PeriphClockCmd
                0x08000f1c                RCC_APB1PeriphClockCmd
                0x08000f34                RCC_AHBPeriphResetCmd
                0x08000f4c                RCC_APB2PeriphResetCmd
                0x08000f64                RCC_APB1PeriphResetCmd
                0x08000f7c                RCC_ITConfig
                0x08000f94                RCC_GetFlagStatus
                0x08000fc8                RCC_ClearFlag
                0x08000fdc                RCC_GetITStatus
                0x08000ff0                RCC_ClearITPendingBit
 .text          0x08000ffc      0x350 Libraries/libstm32f0.a(stm32f0xx_spi.o)
                0x08000ffc                SPI_I2S_DeInit
                0x08001040                SPI_StructInit
                0x0800105c                SPI_Init
                0x080010b0                I2S_StructInit
                0x080010c0                I2S_Init
                0x08001168                SPI_Cmd
                0x0800117c                SPI_TIModeCmd
                0x08001190                I2S_Cmd
                0x080011b0                SPI_DataSizeConfig
                0x080011c0                SPI_RxFIFOThresholdConfig
                0x080011d4                SPI_BiDirectionalLineConfig
                0x080011f4                SPI_NSSInternalSoftwareConfig
                0x08001218                SPI_SSOutputCmd
                0x0800122c                SPI_NSSPulseModeCmd
                0x08001240                SPI_SendData8
                0x08001244                SPI_I2S_SendData16
                0x08001248                SPI_ReceiveData8
                0x08001250                SPI_I2S_ReceiveData16
                0x08001258                SPI_CRCLengthConfig
                0x0800126c                SPI_CalculateCRC
                0x0800128c                SPI_TransmitCRC
                0x08001298                SPI_GetCRC
                0x080012a8                SPI_GetCRCPolynomial
                0x080012b0                SPI_I2S_DMACmd
                0x080012c4                SPI_LastDMATransferCmd
                0x080012d8                SPI_I2S_ITConfig
                0x080012f4                SPI_GetTransmissionFIFOStatus
                0x08001300                SPI_GetReceptionFIFOStatus
                0x0800130c                SPI_I2S_GetFlagStatus
                0x0800131c                SPI_I2S_ClearFlag
                0x08001324                SPI_I2S_GetITStatus
 .text          0x0800134c      0x114 /usr/lib/gcc/arm-none-eabi/13.2.1/thumb/v6-m/nofp/libgcc.a(_udivsi3.o)
                0x0800134c                __udivsi3
                0x0800134c                __aeabi_uidiv
                0x08001458                __aeabi_uidivmod
 .text          0x08001460      0x1d4 /usr/lib/gcc/arm-none-eabi/13.2.1/thumb/v6-m/nofp/libgcc.a(_divsi3.o)
                0x08001460                __aeabi_idiv
                0x08001460                __divsi3
                0x0800162c                __aeabi_idivmod
 .text          0x08001634        0x4 /usr/lib/gcc/arm-none-eabi/13.2.1/thumb/v6-m/nofp/libgcc.a(_dvmd_tls.o)
                0x08001634                __aeabi_ldiv0
                0x08001634                __aeabi_idiv0
 .text          0x08001638      0x340 /usr/lib/gcc/arm-none-eabi/13.2.1/thumb/v6-m/nofp/libgcc.a(addsf3.o)
                0x08001638                __aeabi_fadd
 .text          0x08001978      0x224 /usr/lib/gcc/arm-none-eabi/13.2.1/thumb/v6-m/nofp/libgcc.a(divsf3.o)
                0x08001978                __aeabi_fdiv
 .text          0x08001b9c      0x280 /usr/lib/gcc/arm-none-eabi/13.2.1/thumb/v6-m/nofp/libgcc.a(mulsf3.o)
                0x08001b9c                __aeabi_fmul
 .text          0x08001e1c       0x94 /usr/lib/gcc/arm-none-eabi/13.2.1/thumb/v6-m/nofp/libgcc.a(floatsisf.o)
                0x08001e1c                __aeabi_i2f
 .text          0x08001eb0      0x598 /usr/lib/gcc/arm-none-eabi/13.2.1/thumb/v6-m/nofp/libgcc.a(muldf3.o)
                0x08001eb0                __aeabi_dmul
 .text          0x08002448       0x90 /usr/lib/gcc/arm-none-eabi/13.2.1/thumb/v6-m/nofp/libgcc.a(extendsfdf2.o)
                0x08002448                __aeabi_f2d
 .text          0x080024d8      0x10c /usr/lib/gcc/arm-none-eabi/13.2.1/thumb/v6-m/nofp/libgcc.a(truncdfsf2.o)
                0x080024d8                __aeabi_d2f
 .text          0x080025e4       0x3c /usr/lib/gcc/arm-none-eabi/13.2.1/thumb/v6-m/nofp/libgcc.a(_clzsi2.o)
                0x080025e4                __clzsi2
 .text          0x08002620       0xa8 /usr/lib/gcc/arm-none-eabi/13.2.1/../../../arm-none-eabi/lib/thumb/v6-m/nofp/libg.a(libc_a-memset.o)
                0x08002620                memset
 .text          0x080026c8       0x8c /usr/lib/gcc/arm-none-eabi/13.2.1/../../../arm-none-eabi/lib/thumb/v6-m/nofp/libg.a(libc_a-memcpy-stub.o)
                0x080026c8                memcpy
 .text          0x08002754       0x48 /usr/lib/gcc/arm-none-eabi/13.2.1/../../../arm-none-eabi/lib/thumb/v6-m/nofp/libg.a(libc_a-init.o)
                0x08002754                __libc_init_array
 *(.text.*)
 .text.System_Clock_Init
                0x0800279c       0x40 /tmp/ccnyQwjR.o
                0x0800279c                System_Clock_Init
 .text.Delay    0x080027dc       0x18 /tmp/ccnyQwjR.o
                0x080027dc                Delay
 .text.startup.main
                0x080027f4       0xa4 /tmp/ccnyQwjR.o
                0x080027f4                main
 .text.TimingDelay_Decrement
                0x08002898       0x14 /tmp/ccnyQwjR.o
                0x08002898                TimingDelay_Decrement
 .text.SystemInit
                0x080028ac       0xb4 /tmp/ccCguLPt.o
                0x080028ac                SystemInit
 .text.STM_EVAL_PBGetState
                0x08002960       0x18 /tmp/ccmom3px.o
                0x08002960                STM_EVAL_PBGetState
 .text.NMI_Handler
                0x08002978        0x2 /tmp/ccJVbip0.o
                0x08002978                NMI_Handler
 .text.HardFault_Handler
                0x0800297a        0x2 /tmp/ccJVbip0.o
                0x0800297a                HardFault_Handler
 .text.SVC_Handler
                0x0800297c        0x2 /tmp/ccJVbip0.o
                0x0800297c                SVC_Handler
 .text.PendSV_Handler
                0x0800297e        0x2 /tmp/ccJVbip0.o
                0x0800297e                PendSV_Handler
 .text.SysTick_Handler
                0x08002980        0x8 /tmp/ccJVbip0.o
                0x08002980                SysTick_Handler
 .text.EXTI4_15_IRQHandler
                0x08002988       0x3c /tmp/ccJVbip0.o
                0x08002988                EXTI4_15_IRQHandler
 .text.delay_microseconds
                0x080029c4       0x6c /tmp/ccId45oA.o
                0x080029c4                delay_microseconds
 .text.set_nrf24_SPI_CE.part.0
                0x08002a30       0x16 /tmp/ccId45oA.o
 *fill*         0x08002a46        0x2 
 .text.I2C_Settings_Init
                0x08002a48       0x80 /tmp/ccId45oA.o
                0x08002a48                I2C_Settings_Init
 .text.I2C_transmit
                0x08002ac8       0x68 /tmp/ccId45oA.o
                0x08002ac8                I2C_transmit
 .text.I2C_receive
                0x08002b30       0xb0 /tmp/ccId45oA.o
                0x08002b30                I2C_receive
 .text.set_nrf24_SPI_CSN
                0x08002be0       0x2c /tmp/ccId45oA.o
                0x08002be0                set_nrf24_SPI_CSN
 .text.nrf24_write_register
                0x08002c0c       0x40 /tmp/ccId45oA.o
                0x08002c0c                nrf24_write_register
 .text.nrf24_multiwrite_register
                0x08002c4c       0x5c /tmp/ccId45oA.o
                0x08002c4c                nrf24_multiwrite_register
 .text.nrf24_write_TX_payload
                0x08002ca8       0x74 /tmp/ccId45oA.o
                0x08002ca8                nrf24_write_TX_payload
 .text.nrf24_clear_TX
                0x08002d1c       0x30 /tmp/ccId45oA.o
                0x08002d1c                nrf24_clear_TX
 .text.transmitBytesNRF
                0x08002d4c       0xcc /tmp/ccId45oA.o
                0x08002d4c                transmitBytesNRF
 .text.transmit
                0x08002e18       0x94 /tmp/ccId45oA.o
                0x08002e18                transmit
 .text.test_nrf24_connection
                0x08002eac       0x1c /tmp/ccId45oA.o
                0x08002eac                test_nrf24_connection
 .text.MySPI_Init
                0x08002ec8       0x88 /tmp/ccId45oA.o
                0x08002ec8                MySPI_Init
 .text.NRF24L01p_Init
                0x08002f50       0x4c /tmp/ccId45oA.o
                0x08002f50                NRF24L01p_Init
 .text.ICM20948_init
                0x08002f9c       0xa8 /tmp/ccId45oA.o
                0x08002f9c                ICM20948_init
 .text.makeControlSignal
                0x08003044       0x70 /tmp/ccId45oA.o
                0x08003044                makeControlSignal
 .text.getICM20948_ACCEL_GYRO_TEMPdata
                0x080030b4      0x180 /tmp/ccId45oA.o
                0x080030b4                getICM20948_ACCEL_GYRO_TEMPdata
 .text.ADC_convert_to_8bit_controls
                0x08003234       0x16 /tmp/ccId45oA.o
                0x08003234                ADC_convert_to_8bit_controls
 .text.generate_predictions
                0x0800324a        0x2 /tmp/ccId45oA.o
                0x0800324a                generate_predictions
 .text.ADC_take_Multiple_Readings
                0x0800324c       0xdc /tmp/ccId45oA.o
                0x0800324c                ADC_take_Multiple_Readings
 .text.Reset_Handler
                0x08003328       0x50 /tmp/ccxE9sWZ.o
                0x08003328                Reset_Handler
 .text.Default_Handler
                0x08003378        0x2 /tmp/ccxE9sWZ.o
                0x08003378                TIM1_CC_IRQHandler
                0x08003378                ADC1_COMP_IRQHandler
                0x08003378                PVD_IRQHandler
                0x08003378                I2C1_IRQHandler
                0x08003378                SPI1_IRQHandler
                0x08003378                TIM6_DAC_IRQHandler
                0x08003378                EXTI2_3_IRQHandler
                0x08003378                I2C2_IRQHandler
                0x08003378                TIM17_IRQHandler
                0x08003378                RTC_IRQHandler
                0x08003378                TIM16_IRQHandler
                0x08003378                TIM3_IRQHandler
                0x08003378                RCC_IRQHandler
                0x08003378                DMA1_Channel1_IRQHandler
                0x08003378                Default_Handler
                0x08003378                CEC_IRQHandler
                0x08003378                TIM14_IRQHandler
                0x08003378                DMA1_Channel4_5_IRQHandler
                0x08003378                TIM15_IRQHandler
                0x08003378                EXTI0_1_IRQHandler
                0x08003378                SPI2_IRQHandler
                0x08003378                TS_IRQHandler
                0x08003378                WWDG_IRQHandler
                0x08003378                TIM2_IRQHandler
                0x08003378                DMA1_Channel2_3_IRQHandler
                0x08003378                USART2_IRQHandler
                0x08003378                FLASH_IRQHandler
                0x08003378                USART1_IRQHandler
                0x08003378                TIM1_BRK_UP_TRG_COM_IRQHandler
 *(.rodata)
 .rodata        0x0800337a        0x3 /tmp/ccId45oA.o
 *fill*         0x0800337d        0x3 
 .rodata        0x08003380       0x10 Libraries/libstm32f0.a(stm32f0xx_rcc.o)
 .rodata        0x08003390       0x7c /usr/lib/gcc/arm-none-eabi/13.2.1/thumb/v6-m/nofp/libgcc.a(divsf3.o)
 *(.rodata*)
 *(.glue_7)
 .glue_7        0x0800340c        0x0 linker stubs
 *(.glue_7t)
 .glue_7t       0x0800340c        0x0 linker stubs
 *(.init)
 .init          0x0800340c        0x4 /usr/lib/gcc/arm-none-eabi/13.2.1/thumb/v6-m/nofp/crti.o
                0x0800340c                _init
 .init          0x08003410        0x8 /usr/lib/gcc/arm-none-eabi/13.2.1/thumb/v6-m/nofp/crtn.o
 *(.fini)
 .fini          0x08003418        0x4 /usr/lib/gcc/arm-none-eabi/13.2.1/thumb/v6-m/nofp/crti.o
                0x08003418                _fini
 .fini          0x0800341c        0x8 /usr/lib/gcc/arm-none-eabi/13.2.1/thumb/v6-m/nofp/crtn.o
                0x08003424                        . = ALIGN (0x4)
                0x08003424                        _etext = .
                0x08003424                        _sidata = _etext

.vfp11_veneer   0x08003424        0x0
 .vfp11_veneer  0x08003424        0x0 linker stubs

.v4_bx          0x08003424        0x0
 .v4_bx         0x08003424        0x0 linker stubs

.iplt           0x08003424        0x0
 .iplt          0x08003424        0x0 /tmp/ccnyQwjR.o

.rel.dyn        0x08003424        0x0
 .rel.iplt      0x08003424        0x0 /tmp/ccnyQwjR.o

.data           0x20000000       0x14 load address 0x08003424
                0x20000000                        . = ALIGN (0x4)
                0x20000000                        _sdata = .
                0x20000000                        _data = .
 *(.data)
 *(.data.*)
 .data.BUTTON_PORT
                0x20000000        0x4 /tmp/ccmom3px.o
                0x20000000                BUTTON_PORT
 .data.ADDRESS_LEN
                0x20000004        0x1 /tmp/ccId45oA.o
                0x20000004                ADDRESS_LEN
 .data.ACK      0x20000005        0x1 /tmp/ccId45oA.o
                0x20000005                ACK
 .data.FLUSH_TX
                0x20000006        0x1 /tmp/ccId45oA.o
                0x20000006                FLUSH_TX
 .data.STATUS_REG
                0x20000007        0x1 /tmp/ccId45oA.o
                0x20000007                STATUS_REG
 .data.WRITE_PAYLOAD_NOACK
                0x20000008        0x1 /tmp/ccId45oA.o
                0x20000008                WRITE_PAYLOAD_NOACK
 .data.WRITE_PAYLOAD_COMMAND
                0x20000009        0x1 /tmp/ccId45oA.o
                0x20000009                WRITE_PAYLOAD_COMMAND
 .data.WRITE_COMMAND
                0x2000000a        0x1 /tmp/ccId45oA.o
                0x2000000a                WRITE_COMMAND
 .data.FEATURE  0x2000000b        0x1 /tmp/ccId45oA.o
                0x2000000b                FEATURE
 .data.TX_ADDR  0x2000000c        0x1 /tmp/ccId45oA.o
                0x2000000c                TX_ADDR
 .data.RX_PW_P0
                0x2000000d        0x1 /tmp/ccId45oA.o
                0x2000000d                RX_PW_P0
 .data.RX_ADDR_P0
                0x2000000e        0x1 /tmp/ccId45oA.o
                0x2000000e                RX_ADDR_P0
 .data.RF_SETUP
                0x2000000f        0x1 /tmp/ccId45oA.o
                0x2000000f                RF_SETUP
 .data.SETUP_AW
                0x20000010        0x1 /tmp/ccId45oA.o
                0x20000010                SETUP_AW
 .data.ENAA     0x20000011        0x1 /tmp/ccId45oA.o
                0x20000011                ENAA
 *(.RAMtext)
                0x20000014                        . = ALIGN (0x4)
 *fill*         0x20000012        0x2 
                0x20000014                        _edata = .

.igot.plt       0x20000014        0x0 load address 0x08003438
 .igot.plt      0x20000014        0x0 /tmp/ccnyQwjR.o

.bss            0x20000014       0x30 load address 0x08003438
                0x20000014                        . = ALIGN (0x4)
                0x20000014                        _sbss = .
                0x20000014                        _bss = .
 *(.bss)
 *(.bss.*)
 .bss.RCC_Clocks
                0x20000014       0x1c /tmp/ccnyQwjR.o
                0x20000014                RCC_Clocks
 .bss.BlinkSpeed
                0x20000030        0x1 /tmp/ccnyQwjR.o
                0x20000030                BlinkSpeed
 *fill*         0x20000031        0x3 
 .bss.TimingDelay
                0x20000034        0x4 /tmp/ccnyQwjR.o
 .bss.CONFIG    0x20000038        0x1 /tmp/ccId45oA.o
                0x20000038                CONFIG
 *fill*         0x20000039        0x3 
 .bss.ctx       0x2000003c        0x8 /tmp/ccId45oA.o
                0x2000003c                ctx
 *(COMMON)
                0x20000044                        . = ALIGN (0x4)
                0x20000044                        _ebss = .
                [!provide]                        PROVIDE (end = _ebss)
                [!provide]                        PROVIDE (_end = _ebss)
                0x20000044                        __exidx_start = .
                0x20000044                        __exidx_end = .

/DISCARD/
 libc.a(*)
 libm.a(*)
 libgcc.a(*)

.stab
 *(.stab)

.stabstr
 *(.stabstr)

.stab.excl
 *(.stab.excl)

.stab.exclstr
 *(.stab.exclstr)

.stab.index
 *(.stab.index)

.stab.indexstr
 *(.stab.indexstr)

.comment        0x00000000       0x26
 *(.comment)
 .comment       0x00000000       0x26 /tmp/ccnyQwjR.o
                                 0x27 (size before relaxing)
 .comment       0x00000026       0x27 /tmp/ccCguLPt.o
 .comment       0x00000026       0x27 /tmp/ccmom3px.o
 .comment       0x00000026       0x27 /tmp/ccJVbip0.o
 .comment       0x00000026       0x27 /tmp/ccId45oA.o
 .comment       0x00000026       0x27 Libraries/libstm32f0.a(stm32f0xx_adc.o)
 .comment       0x00000026       0x27 Libraries/libstm32f0.a(stm32f0xx_exti.o)
 .comment       0x00000026       0x27 Libraries/libstm32f0.a(stm32f0xx_gpio.o)
 .comment       0x00000026       0x27 Libraries/libstm32f0.a(stm32f0xx_i2c.o)
 .comment       0x00000026       0x27 Libraries/libstm32f0.a(stm32f0xx_rcc.o)
 .comment       0x00000026       0x27 Libraries/libstm32f0.a(stm32f0xx_spi.o)
 .comment       0x00000026       0x27 /usr/lib/gcc/arm-none-eabi/13.2.1/thumb/v6-m/nofp/libgcc.a(addsf3.o)
 .comment       0x00000026       0x27 /usr/lib/gcc/arm-none-eabi/13.2.1/thumb/v6-m/nofp/libgcc.a(divsf3.o)
 .comment       0x00000026       0x27 /usr/lib/gcc/arm-none-eabi/13.2.1/thumb/v6-m/nofp/libgcc.a(mulsf3.o)
 .comment       0x00000026       0x27 /usr/lib/gcc/arm-none-eabi/13.2.1/thumb/v6-m/nofp/libgcc.a(floatsisf.o)
 .comment       0x00000026       0x27 /usr/lib/gcc/arm-none-eabi/13.2.1/thumb/v6-m/nofp/libgcc.a(muldf3.o)
 .comment       0x00000026       0x27 /usr/lib/gcc/arm-none-eabi/13.2.1/thumb/v6-m/nofp/libgcc.a(extendsfdf2.o)
 .comment       0x00000026       0x27 /usr/lib/gcc/arm-none-eabi/13.2.1/thumb/v6-m/nofp/libgcc.a(truncdfsf2.o)
 .comment       0x00000026       0x27 /usr/lib/gcc/arm-none-eabi/13.2.1/../../../arm-none-eabi/lib/thumb/v6-m/nofp/libg.a(libc_a-memset.o)
 .comment       0x00000026       0x27 /usr/lib/gcc/arm-none-eabi/13.2.1/../../../arm-none-eabi/lib/thumb/v6-m/nofp/libg.a(libc_a-memcpy-stub.o)
 .comment       0x00000026       0x27 /usr/lib/gcc/arm-none-eabi/13.2.1/../../../arm-none-eabi/lib/thumb/v6-m/nofp/libg.a(libc_a-init.o)

.ARM.attributes
                0x00000000       0x28
 .ARM.attributes
                0x00000000       0x1e /usr/lib/gcc/arm-none-eabi/13.2.1/thumb/v6-m/nofp/crti.o
 .ARM.attributes
                0x0000001e       0x2c /tmp/ccnyQwjR.o
 .ARM.attributes
                0x0000004a       0x2c /tmp/ccCguLPt.o
 .ARM.attributes
                0x00000076       0x2c /tmp/ccmom3px.o
 .ARM.attributes
                0x000000a2       0x2c /tmp/ccJVbip0.o
 .ARM.attributes
                0x000000ce       0x2c /tmp/ccId45oA.o
 .ARM.attributes
                0x000000fa       0x21 /tmp/ccxE9sWZ.o
 .ARM.attributes
                0x0000011b       0x2c Libraries/libstm32f0.a(stm32f0xx_adc.o)
 .ARM.attributes
                0x00000147       0x2c Libraries/libstm32f0.a(stm32f0xx_exti.o)
 .ARM.attributes
                0x00000173       0x2c Libraries/libstm32f0.a(stm32f0xx_gpio.o)
 .ARM.attributes
                0x0000019f       0x2c Libraries/libstm32f0.a(stm32f0xx_i2c.o)
 .ARM.attributes
                0x000001cb       0x2c Libraries/libstm32f0.a(stm32f0xx_rcc.o)
 .ARM.attributes
                0x000001f7       0x2c Libraries/libstm32f0.a(stm32f0xx_spi.o)
 .ARM.attributes
                0x00000223       0x1e /usr/lib/gcc/arm-none-eabi/13.2.1/thumb/v6-m/nofp/libgcc.a(_udivsi3.o)
 .ARM.attributes
                0x00000241       0x1e /usr/lib/gcc/arm-none-eabi/13.2.1/thumb/v6-m/nofp/libgcc.a(_divsi3.o)
 .ARM.attributes
                0x0000025f       0x1e /usr/lib/gcc/arm-none-eabi/13.2.1/thumb/v6-m/nofp/libgcc.a(_dvmd_tls.o)
 .ARM.attributes
                0x0000027d       0x2c /usr/lib/gcc/arm-none-eabi/13.2.1/thumb/v6-m/nofp/libgcc.a(addsf3.o)
 .ARM.attributes
                0x000002a9       0x2c /usr/lib/gcc/arm-none-eabi/13.2.1/thumb/v6-m/nofp/libgcc.a(divsf3.o)
 .ARM.attributes
                0x000002d5       0x2c /usr/lib/gcc/arm-none-eabi/13.2.1/thumb/v6-m/nofp/libgcc.a(mulsf3.o)
 .ARM.attributes
                0x00000301       0x2c /usr/lib/gcc/arm-none-eabi/13.2.1/thumb/v6-m/nofp/libgcc.a(floatsisf.o)
 .ARM.attributes
                0x0000032d       0x2c /usr/lib/gcc/arm-none-eabi/13.2.1/thumb/v6-m/nofp/libgcc.a(muldf3.o)
 .ARM.attributes
                0x00000359       0x2c /usr/lib/gcc/arm-none-eabi/13.2.1/thumb/v6-m/nofp/libgcc.a(extendsfdf2.o)
 .ARM.attributes
                0x00000385       0x2c /usr/lib/gcc/arm-none-eabi/13.2.1/thumb/v6-m/nofp/libgcc.a(truncdfsf2.o)
 .ARM.attributes
                0x000003b1       0x1e /usr/lib/gcc/arm-none-eabi/13.2.1/thumb/v6-m/nofp/libgcc.a(_clzsi2.o)
 .ARM.attributes
                0x000003cf       0x2c /usr/lib/gcc/arm-none-eabi/13.2.1/../../../arm-none-eabi/lib/thumb/v6-m/nofp/libg.a(libc_a-memset.o)
 .ARM.attributes
                0x000003fb       0x2c /usr/lib/gcc/arm-none-eabi/13.2.1/../../../arm-none-eabi/lib/thumb/v6-m/nofp/libg.a(libc_a-memcpy-stub.o)
 .ARM.attributes
                0x00000427       0x2c /usr/lib/gcc/arm-none-eabi/13.2.1/../../../arm-none-eabi/lib/thumb/v6-m/nofp/libg.a(libc_a-init.o)
 .ARM.attributes
                0x00000453       0x1e /usr/lib/gcc/arm-none-eabi/13.2.1/thumb/v6-m/nofp/crtn.o

.debug
 *(.debug)

.line
 *(.line)

.debug_srcinfo
 *(.debug_srcinfo)

.debug_sfnames
 *(.debug_sfnames)

.debug_aranges  0x00000000      0x548
 *(.debug_aranges)
 .debug_aranges
                0x00000000       0x58 /tmp/ccnyQwjR.o
 .debug_aranges
                0x00000058       0x28 /tmp/ccCguLPt.o
 .debug_aranges
                0x00000080       0x78 /tmp/ccmom3px.o
 .debug_aranges
                0x000000f8       0x68 /tmp/ccJVbip0.o
 .debug_aranges
                0x00000160      0x140 /tmp/ccId45oA.o
 .debug_aranges
                0x000002a0       0x28 /tmp/ccxE9sWZ.o
 .debug_aranges
                0x000002c8       0x20 Libraries/libstm32f0.a(stm32f0xx_adc.o)
 .debug_aranges
                0x000002e8       0x20 Libraries/libstm32f0.a(stm32f0xx_exti.o)
 .debug_aranges
                0x00000308       0x20 Libraries/libstm32f0.a(stm32f0xx_gpio.o)
 .debug_aranges
                0x00000328       0x20 Libraries/libstm32f0.a(stm32f0xx_i2c.o)
 .debug_aranges
                0x00000348       0x20 Libraries/libstm32f0.a(stm32f0xx_rcc.o)
 .debug_aranges
                0x00000368       0x20 Libraries/libstm32f0.a(stm32f0xx_spi.o)
 .debug_aranges
                0x00000388       0x20 /usr/lib/gcc/arm-none-eabi/13.2.1/thumb/v6-m/nofp/libgcc.a(_udivsi3.o)
 .debug_aranges
                0x000003a8       0x20 /usr/lib/gcc/arm-none-eabi/13.2.1/thumb/v6-m/nofp/libgcc.a(_divsi3.o)
 .debug_aranges
                0x000003c8       0x20 /usr/lib/gcc/arm-none-eabi/13.2.1/thumb/v6-m/nofp/libgcc.a(_dvmd_tls.o)
 .debug_aranges
                0x000003e8       0x20 /usr/lib/gcc/arm-none-eabi/13.2.1/thumb/v6-m/nofp/libgcc.a(addsf3.o)
 .debug_aranges
                0x00000408       0x20 /usr/lib/gcc/arm-none-eabi/13.2.1/thumb/v6-m/nofp/libgcc.a(divsf3.o)
 .debug_aranges
                0x00000428       0x20 /usr/lib/gcc/arm-none-eabi/13.2.1/thumb/v6-m/nofp/libgcc.a(mulsf3.o)
 .debug_aranges
                0x00000448       0x20 /usr/lib/gcc/arm-none-eabi/13.2.1/thumb/v6-m/nofp/libgcc.a(floatsisf.o)
 .debug_aranges
                0x00000468       0x20 /usr/lib/gcc/arm-none-eabi/13.2.1/thumb/v6-m/nofp/libgcc.a(muldf3.o)
 .debug_aranges
                0x00000488       0x20 /usr/lib/gcc/arm-none-eabi/13.2.1/thumb/v6-m/nofp/libgcc.a(extendsfdf2.o)
 .debug_aranges
                0x000004a8       0x20 /usr/lib/gcc/arm-none-eabi/13.2.1/thumb/v6-m/nofp/libgcc.a(truncdfsf2.o)
 .debug_aranges
                0x000004c8       0x20 /usr/lib/gcc/arm-none-eabi/13.2.1/thumb/v6-m/nofp/libgcc.a(_clzsi2.o)
 .debug_aranges
                0x000004e8       0x20 /usr/lib/gcc/arm-none-eabi/13.2.1/../../../arm-none-eabi/lib/thumb/v6-m/nofp/libg.a(libc_a-memset.o)
 .debug_aranges
                0x00000508       0x20 /usr/lib/gcc/arm-none-eabi/13.2.1/../../../arm-none-eabi/lib/thumb/v6-m/nofp/libg.a(libc_a-memcpy-stub.o)
 .debug_aranges
                0x00000528       0x20 /usr/lib/gcc/arm-none-eabi/13.2.1/../../../arm-none-eabi/lib/thumb/v6-m/nofp/libg.a(libc_a-init.o)

.debug_pubnames
 *(.debug_pubnames)

.debug_info     0x00000000     0xac5d
 *(.debug_info .gnu.linkonce.wi.*)
 .debug_info    0x00000000      0xc74 /tmp/ccnyQwjR.o
 .debug_info    0x00000c74      0x2df /tmp/ccCguLPt.o
 .debug_info    0x00000f53     0x11b6 /tmp/ccmom3px.o
 .debug_info    0x00002109      0x1f2 /tmp/ccJVbip0.o
 .debug_info    0x000022fb     0x35e9 /tmp/ccId45oA.o
 .debug_info    0x000058e4       0x30 /tmp/ccxE9sWZ.o
 .debug_info    0x00005914      0x8eb Libraries/libstm32f0.a(stm32f0xx_adc.o)
 .debug_info    0x000061ff      0x341 Libraries/libstm32f0.a(stm32f0xx_exti.o)
 .debug_info    0x00006540      0x730 Libraries/libstm32f0.a(stm32f0xx_gpio.o)
 .debug_info    0x00006c70      0xc59 Libraries/libstm32f0.a(stm32f0xx_i2c.o)
 .debug_info    0x000078c9      0xa7c Libraries/libstm32f0.a(stm32f0xx_rcc.o)
 .debug_info    0x00008345      0xbc5 Libraries/libstm32f0.a(stm32f0xx_spi.o)
 .debug_info    0x00008f0a       0x3e /usr/lib/gcc/arm-none-eabi/13.2.1/thumb/v6-m/nofp/libgcc.a(_udivsi3.o)
 .debug_info    0x00008f48       0x3e /usr/lib/gcc/arm-none-eabi/13.2.1/thumb/v6-m/nofp/libgcc.a(_divsi3.o)
 .debug_info    0x00008f86       0x3c /usr/lib/gcc/arm-none-eabi/13.2.1/thumb/v6-m/nofp/libgcc.a(_dvmd_tls.o)
 .debug_info    0x00008fc2      0x316 /usr/lib/gcc/arm-none-eabi/13.2.1/thumb/v6-m/nofp/libgcc.a(addsf3.o)
 .debug_info    0x000092d8      0x33b /usr/lib/gcc/arm-none-eabi/13.2.1/thumb/v6-m/nofp/libgcc.a(divsf3.o)
 .debug_info    0x00009613      0x3ad /usr/lib/gcc/arm-none-eabi/13.2.1/thumb/v6-m/nofp/libgcc.a(mulsf3.o)
 .debug_info    0x000099c0      0x22e /usr/lib/gcc/arm-none-eabi/13.2.1/thumb/v6-m/nofp/libgcc.a(floatsisf.o)
 .debug_info    0x00009bee      0x7bd /usr/lib/gcc/arm-none-eabi/13.2.1/thumb/v6-m/nofp/libgcc.a(muldf3.o)
 .debug_info    0x0000a3ab      0x269 /usr/lib/gcc/arm-none-eabi/13.2.1/thumb/v6-m/nofp/libgcc.a(extendsfdf2.o)
 .debug_info    0x0000a614      0x286 /usr/lib/gcc/arm-none-eabi/13.2.1/thumb/v6-m/nofp/libgcc.a(truncdfsf2.o)
 .debug_info    0x0000a89a       0x31 /usr/lib/gcc/arm-none-eabi/13.2.1/thumb/v6-m/nofp/libgcc.a(_clzsi2.o)
 .debug_info    0x0000a8cb      0x135 /usr/lib/gcc/arm-none-eabi/13.2.1/../../../arm-none-eabi/lib/thumb/v6-m/nofp/libg.a(libc_a-memset.o)
 .debug_info    0x0000aa00      0x152 /usr/lib/gcc/arm-none-eabi/13.2.1/../../../arm-none-eabi/lib/thumb/v6-m/nofp/libg.a(libc_a-memcpy-stub.o)
 .debug_info    0x0000ab52      0x10b /usr/lib/gcc/arm-none-eabi/13.2.1/../../../arm-none-eabi/lib/thumb/v6-m/nofp/libg.a(libc_a-init.o)

.debug_abbrev   0x00000000     0x2904
 *(.debug_abbrev)
 .debug_abbrev  0x00000000      0x3ed /tmp/ccnyQwjR.o
 .debug_abbrev  0x000003ed      0x179 /tmp/ccCguLPt.o
 .debug_abbrev  0x00000566      0x2b5 /tmp/ccmom3px.o
 .debug_abbrev  0x0000081b      0x155 /tmp/ccJVbip0.o
 .debug_abbrev  0x00000970      0x51d /tmp/ccId45oA.o
 .debug_abbrev  0x00000e8d       0x24 /tmp/ccxE9sWZ.o
 .debug_abbrev  0x00000eb1      0x23e Libraries/libstm32f0.a(stm32f0xx_adc.o)
 .debug_abbrev  0x000010ef      0x21b Libraries/libstm32f0.a(stm32f0xx_exti.o)
 .debug_abbrev  0x0000130a      0x224 Libraries/libstm32f0.a(stm32f0xx_gpio.o)
 .debug_abbrev  0x0000152e      0x257 Libraries/libstm32f0.a(stm32f0xx_i2c.o)
 .debug_abbrev  0x00001785      0x2ed Libraries/libstm32f0.a(stm32f0xx_rcc.o)
 .debug_abbrev  0x00001a72      0x21c Libraries/libstm32f0.a(stm32f0xx_spi.o)
 .debug_abbrev  0x00001c8e       0x28 /usr/lib/gcc/arm-none-eabi/13.2.1/thumb/v6-m/nofp/libgcc.a(_udivsi3.o)
 .debug_abbrev  0x00001cb6       0x28 /usr/lib/gcc/arm-none-eabi/13.2.1/thumb/v6-m/nofp/libgcc.a(_divsi3.o)
 .debug_abbrev  0x00001cde       0x26 /usr/lib/gcc/arm-none-eabi/13.2.1/thumb/v6-m/nofp/libgcc.a(_dvmd_tls.o)
 .debug_abbrev  0x00001d04      0x15c /usr/lib/gcc/arm-none-eabi/13.2.1/thumb/v6-m/nofp/libgcc.a(addsf3.o)
 .debug_abbrev  0x00001e60      0x153 /usr/lib/gcc/arm-none-eabi/13.2.1/thumb/v6-m/nofp/libgcc.a(divsf3.o)
 .debug_abbrev  0x00001fb3      0x164 /usr/lib/gcc/arm-none-eabi/13.2.1/thumb/v6-m/nofp/libgcc.a(mulsf3.o)
 .debug_abbrev  0x00002117      0x170 /usr/lib/gcc/arm-none-eabi/13.2.1/thumb/v6-m/nofp/libgcc.a(floatsisf.o)
 .debug_abbrev  0x00002287      0x17d /usr/lib/gcc/arm-none-eabi/13.2.1/thumb/v6-m/nofp/libgcc.a(muldf3.o)
 .debug_abbrev  0x00002404      0x157 /usr/lib/gcc/arm-none-eabi/13.2.1/thumb/v6-m/nofp/libgcc.a(extendsfdf2.o)
 .debug_abbrev  0x0000255b      0x137 /usr/lib/gcc/arm-none-eabi/13.2.1/thumb/v6-m/nofp/libgcc.a(truncdfsf2.o)
 .debug_abbrev  0x00002692       0x28 /usr/lib/gcc/arm-none-eabi/13.2.1/thumb/v6-m/nofp/libgcc.a(_clzsi2.o)
 .debug_abbrev  0x000026ba       0xb7 /usr/lib/gcc/arm-none-eabi/13.2.1/../../../arm-none-eabi/lib/thumb/v6-m/nofp/libg.a(libc_a-memset.o)
 .debug_abbrev  0x00002771       0xca /usr/lib/gcc/arm-none-eabi/13.2.1/../../../arm-none-eabi/lib/thumb/v6-m/nofp/libg.a(libc_a-memcpy-stub.o)
 .debug_abbrev  0x0000283b       0xc9 /usr/lib/gcc/arm-none-eabi/13.2.1/../../../arm-none-eabi/lib/thumb/v6-m/nofp/libg.a(libc_a-init.o)

.debug_line     0x00000000     0x7e14
 *(.debug_line)
 .debug_line    0x00000000      0x3f9 /tmp/ccnyQwjR.o
 .debug_line    0x000003f9      0x2b0 /tmp/ccCguLPt.o
 .debug_line    0x000006a9      0x5b6 /tmp/ccmom3px.o
 .debug_line    0x00000c5f      0x226 /tmp/ccJVbip0.o
 .debug_line    0x00000e85     0x187a /tmp/ccId45oA.o
 .debug_line    0x000026ff       0x7c /tmp/ccxE9sWZ.o
 .debug_line    0x0000277b      0x5cf Libraries/libstm32f0.a(stm32f0xx_adc.o)
 .debug_line    0x00002d4a      0x299 Libraries/libstm32f0.a(stm32f0xx_exti.o)
 .debug_line    0x00002fe3      0x3fe Libraries/libstm32f0.a(stm32f0xx_gpio.o)
 .debug_line    0x000033e1      0x8e4 Libraries/libstm32f0.a(stm32f0xx_i2c.o)
 .debug_line    0x00003cc5      0xa16 Libraries/libstm32f0.a(stm32f0xx_rcc.o)
 .debug_line    0x000046db      0x72a Libraries/libstm32f0.a(stm32f0xx_spi.o)
 .debug_line    0x00004e05       0x56 /usr/lib/gcc/arm-none-eabi/13.2.1/thumb/v6-m/nofp/libgcc.a(_udivsi3.o)
 .debug_line    0x00004e5b       0x5d /usr/lib/gcc/arm-none-eabi/13.2.1/thumb/v6-m/nofp/libgcc.a(_divsi3.o)
 .debug_line    0x00004eb8       0x4a /usr/lib/gcc/arm-none-eabi/13.2.1/thumb/v6-m/nofp/libgcc.a(_dvmd_tls.o)
 .debug_line    0x00004f02      0xaa6 /usr/lib/gcc/arm-none-eabi/13.2.1/thumb/v6-m/nofp/libgcc.a(addsf3.o)
 .debug_line    0x000059a8      0x61d /usr/lib/gcc/arm-none-eabi/13.2.1/thumb/v6-m/nofp/libgcc.a(divsf3.o)
 .debug_line    0x00005fc5      0x5bf /usr/lib/gcc/arm-none-eabi/13.2.1/thumb/v6-m/nofp/libgcc.a(mulsf3.o)
 .debug_line    0x00006584      0x214 /usr/lib/gcc/arm-none-eabi/13.2.1/thumb/v6-m/nofp/libgcc.a(floatsisf.o)
 .debug_line    0x00006798      0xbaa /usr/lib/gcc/arm-none-eabi/13.2.1/thumb/v6-m/nofp/libgcc.a(muldf3.o)
 .debug_line    0x00007342      0x1fc /usr/lib/gcc/arm-none-eabi/13.2.1/thumb/v6-m/nofp/libgcc.a(extendsfdf2.o)
 .debug_line    0x0000753e      0x3cf /usr/lib/gcc/arm-none-eabi/13.2.1/thumb/v6-m/nofp/libgcc.a(truncdfsf2.o)
 .debug_line    0x0000790d       0x5e /usr/lib/gcc/arm-none-eabi/13.2.1/thumb/v6-m/nofp/libgcc.a(_clzsi2.o)
 .debug_line    0x0000796b      0x1bd /usr/lib/gcc/arm-none-eabi/13.2.1/../../../arm-none-eabi/lib/thumb/v6-m/nofp/libg.a(libc_a-memset.o)
 .debug_line    0x00007b28      0x1e7 /usr/lib/gcc/arm-none-eabi/13.2.1/../../../arm-none-eabi/lib/thumb/v6-m/nofp/libg.a(libc_a-memcpy-stub.o)
 .debug_line    0x00007d0f      0x105 /usr/lib/gcc/arm-none-eabi/13.2.1/../../../arm-none-eabi/lib/thumb/v6-m/nofp/libg.a(libc_a-init.o)

.debug_frame    0x00000000     0x14c0
 *(.debug_frame)
 .debug_frame   0x00000000       0xd4 /tmp/ccnyQwjR.o
 .debug_frame   0x000000d4       0x48 /tmp/ccCguLPt.o
 .debug_frame   0x0000011c      0x144 /tmp/ccmom3px.o
 .debug_frame   0x00000260       0xc0 /tmp/ccJVbip0.o
 .debug_frame   0x00000320      0x428 /tmp/ccId45oA.o
 .debug_frame   0x00000748      0x1f0 Libraries/libstm32f0.a(stm32f0xx_adc.o)
 .debug_frame   0x00000938       0x9c Libraries/libstm32f0.a(stm32f0xx_exti.o)
 .debug_frame   0x000009d4      0x110 Libraries/libstm32f0.a(stm32f0xx_gpio.o)
 .debug_frame   0x00000ae4      0x2dc Libraries/libstm32f0.a(stm32f0xx_i2c.o)
 .debug_frame   0x00000dc0      0x298 Libraries/libstm32f0.a(stm32f0xx_rcc.o)
 .debug_frame   0x00001058      0x234 Libraries/libstm32f0.a(stm32f0xx_spi.o)
 .debug_frame   0x0000128c       0x20 /usr/lib/gcc/arm-none-eabi/13.2.1/thumb/v6-m/nofp/libgcc.a(_udivsi3.o)
 .debug_frame   0x000012ac       0x20 /usr/lib/gcc/arm-none-eabi/13.2.1/thumb/v6-m/nofp/libgcc.a(_divsi3.o)
 .debug_frame   0x000012cc       0x34 /usr/lib/gcc/arm-none-eabi/13.2.1/thumb/v6-m/nofp/libgcc.a(addsf3.o)
 .debug_frame   0x00001300       0x38 /usr/lib/gcc/arm-none-eabi/13.2.1/thumb/v6-m/nofp/libgcc.a(divsf3.o)
 .debug_frame   0x00001338       0x38 /usr/lib/gcc/arm-none-eabi/13.2.1/thumb/v6-m/nofp/libgcc.a(mulsf3.o)
 .debug_frame   0x00001370       0x2c /usr/lib/gcc/arm-none-eabi/13.2.1/thumb/v6-m/nofp/libgcc.a(floatsisf.o)
 .debug_frame   0x0000139c       0x3c /usr/lib/gcc/arm-none-eabi/13.2.1/thumb/v6-m/nofp/libgcc.a(muldf3.o)
 .debug_frame   0x000013d8       0x2c /usr/lib/gcc/arm-none-eabi/13.2.1/thumb/v6-m/nofp/libgcc.a(extendsfdf2.o)
 .debug_frame   0x00001404       0x30 /usr/lib/gcc/arm-none-eabi/13.2.1/thumb/v6-m/nofp/libgcc.a(truncdfsf2.o)
 .debug_frame   0x00001434       0x30 /usr/lib/gcc/arm-none-eabi/13.2.1/../../../arm-none-eabi/lib/thumb/v6-m/nofp/libg.a(libc_a-memset.o)
 .debug_frame   0x00001464       0x30 /usr/lib/gcc/arm-none-eabi/13.2.1/../../../arm-none-eabi/lib/thumb/v6-m/nofp/libg.a(libc_a-memcpy-stub.o)
 .debug_frame   0x00001494       0x2c /usr/lib/gcc/arm-none-eabi/13.2.1/../../../arm-none-eabi/lib/thumb/v6-m/nofp/libg.a(libc_a-init.o)

.debug_str      0x00000000     0x32c5
 *(.debug_str)
 .debug_str     0x00000000     0x32c5 /tmp/ccnyQwjR.o
                                0x718 (size before relaxing)
 .debug_str     0x000032c5      0x275 /tmp/ccCguLPt.o
 .debug_str     0x000032c5      0xb91 /tmp/ccmom3px.o
 .debug_str     0x000032c5      0x28e /tmp/ccJVbip0.o
 .debug_str     0x000032c5     0x11b7 /tmp/ccId45oA.o
 .debug_str     0x000032c5       0x59 /tmp/ccxE9sWZ.o
 .debug_str     0x000032c5      0x5a8 Libraries/libstm32f0.a(stm32f0xx_adc.o)
 .debug_str     0x000032c5      0x335 Libraries/libstm32f0.a(stm32f0xx_exti.o)
 .debug_str     0x000032c5      0x496 Libraries/libstm32f0.a(stm32f0xx_gpio.o)
 .debug_str     0x000032c5      0x635 Libraries/libstm32f0.a(stm32f0xx_i2c.o)
 .debug_str     0x000032c5      0x717 Libraries/libstm32f0.a(stm32f0xx_rcc.o)
 .debug_str     0x000032c5      0x730 Libraries/libstm32f0.a(stm32f0xx_spi.o)
 .debug_str     0x000032c5       0xbe /usr/lib/gcc/arm-none-eabi/13.2.1/thumb/v6-m/nofp/libgcc.a(_udivsi3.o)
 .debug_str     0x000032c5       0xbc /usr/lib/gcc/arm-none-eabi/13.2.1/thumb/v6-m/nofp/libgcc.a(_divsi3.o)
 .debug_str     0x000032c5       0xbf /usr/lib/gcc/arm-none-eabi/13.2.1/thumb/v6-m/nofp/libgcc.a(_dvmd_tls.o)
 .debug_str     0x000032c5      0x2c1 /usr/lib/gcc/arm-none-eabi/13.2.1/thumb/v6-m/nofp/libgcc.a(addsf3.o)
 .debug_str     0x000032c5      0x2e6 /usr/lib/gcc/arm-none-eabi/13.2.1/thumb/v6-m/nofp/libgcc.a(divsf3.o)
 .debug_str     0x000032c5      0x2e6 /usr/lib/gcc/arm-none-eabi/13.2.1/thumb/v6-m/nofp/libgcc.a(mulsf3.o)
 .debug_str     0x000032c5      0x288 /usr/lib/gcc/arm-none-eabi/13.2.1/thumb/v6-m/nofp/libgcc.a(floatsisf.o)
 .debug_str     0x000032c5      0x418 /usr/lib/gcc/arm-none-eabi/13.2.1/thumb/v6-m/nofp/libgcc.a(muldf3.o)
 .debug_str     0x000032c5      0x233 /usr/lib/gcc/arm-none-eabi/13.2.1/thumb/v6-m/nofp/libgcc.a(extendsfdf2.o)
 .debug_str     0x000032c5      0x289 /usr/lib/gcc/arm-none-eabi/13.2.1/thumb/v6-m/nofp/libgcc.a(truncdfsf2.o)
 .debug_str     0x000032c5       0xac /usr/lib/gcc/arm-none-eabi/13.2.1/thumb/v6-m/nofp/libgcc.a(_clzsi2.o)
 .debug_str     0x000032c5      0x1a1 /usr/lib/gcc/arm-none-eabi/13.2.1/../../../arm-none-eabi/lib/thumb/v6-m/nofp/libg.a(libc_a-memset.o)
 .debug_str     0x000032c5      0x1be /usr/lib/gcc/arm-none-eabi/13.2.1/../../../arm-none-eabi/lib/thumb/v6-m/nofp/libg.a(libc_a-memcpy-stub.o)
 .debug_str     0x000032c5      0x1ee /usr/lib/gcc/arm-none-eabi/13.2.1/../../../arm-none-eabi/lib/thumb/v6-m/nofp/libg.a(libc_a-init.o)

.debug_loc
 *(.debug_loc)

.debug_macinfo
 *(.debug_macinfo)

.debug_weaknames
 *(.debug_weaknames)

.debug_funcnames
 *(.debug_funcnames)

.debug_typenames
 *(.debug_typenames)

.debug_varnames
 *(.debug_varnames)
OUTPUT(main.elf elf32-littlearm)
LOAD linker stubs
LOAD /usr/lib/gcc/arm-none-eabi/13.2.1/../../../arm-none-eabi/lib/thumb/v6-m/nofp/libc.a
LOAD /usr/lib/gcc/arm-none-eabi/13.2.1/../../../arm-none-eabi/lib/thumb/v6-m/nofp/libm.a
LOAD /usr/lib/gcc/arm-none-eabi/13.2.1/thumb/v6-m/nofp/libgcc.a

.debug_loclists
                0x00000000     0x58bf
 .debug_loclists
                0x00000000      0x23f /tmp/ccnyQwjR.o
 .debug_loclists
                0x0000023f       0xcb /tmp/ccCguLPt.o
 .debug_loclists
                0x0000030a      0x168 /tmp/ccmom3px.o
 .debug_loclists
                0x00000472      0xf20 /tmp/ccId45oA.o
 .debug_loclists
                0x00001392      0x23a Libraries/libstm32f0.a(stm32f0xx_adc.o)
 .debug_loclists
                0x000015cc      0x147 Libraries/libstm32f0.a(stm32f0xx_exti.o)
 .debug_loclists
                0x00001713      0x30e Libraries/libstm32f0.a(stm32f0xx_gpio.o)
 .debug_loclists
                0x00001a21      0x452 Libraries/libstm32f0.a(stm32f0xx_i2c.o)
 .debug_loclists
                0x00001e73      0x4ce Libraries/libstm32f0.a(stm32f0xx_rcc.o)
 .debug_loclists
                0x00002341      0x5ed Libraries/libstm32f0.a(stm32f0xx_spi.o)
 .debug_loclists
                0x0000292e      0x845 /usr/lib/gcc/arm-none-eabi/13.2.1/thumb/v6-m/nofp/libgcc.a(addsf3.o)
 .debug_loclists
                0x00003173      0x64a /usr/lib/gcc/arm-none-eabi/13.2.1/thumb/v6-m/nofp/libgcc.a(divsf3.o)
 .debug_loclists
                0x000037bd      0x68c /usr/lib/gcc/arm-none-eabi/13.2.1/thumb/v6-m/nofp/libgcc.a(mulsf3.o)
 .debug_loclists
                0x00003e49      0x2ab /usr/lib/gcc/arm-none-eabi/13.2.1/thumb/v6-m/nofp/libgcc.a(floatsisf.o)
 .debug_loclists
                0x000040f4      0xe26 /usr/lib/gcc/arm-none-eabi/13.2.1/thumb/v6-m/nofp/libgcc.a(muldf3.o)
 .debug_loclists
                0x00004f1a      0x16c /usr/lib/gcc/arm-none-eabi/13.2.1/thumb/v6-m/nofp/libgcc.a(extendsfdf2.o)
 .debug_loclists
                0x00005086      0x352 /usr/lib/gcc/arm-none-eabi/13.2.1/thumb/v6-m/nofp/libgcc.a(truncdfsf2.o)
 .debug_loclists
                0x000053d8      0x1c6 /usr/lib/gcc/arm-none-eabi/13.2.1/../../../arm-none-eabi/lib/thumb/v6-m/nofp/libg.a(libc_a-memset.o)
 .debug_loclists
                0x0000559e      0x2c7 /usr/lib/gcc/arm-none-eabi/13.2.1/../../../arm-none-eabi/lib/thumb/v6-m/nofp/libg.a(libc_a-memcpy-stub.o)
 .debug_loclists
                0x00005865       0x5a /usr/lib/gcc/arm-none-eabi/13.2.1/../../../arm-none-eabi/lib/thumb/v6-m/nofp/libg.a(libc_a-init.o)

.debug_rnglists
                0x00000000      0x752
 .debug_rnglists
                0x00000000       0x56 /tmp/ccnyQwjR.o
 .debug_rnglists
                0x00000056       0x1a /tmp/ccCguLPt.o
 .debug_rnglists
                0x00000070       0x57 /tmp/ccmom3px.o
 .debug_rnglists
                0x000000c7       0x49 /tmp/ccJVbip0.o
 .debug_rnglists
                0x00000110      0x1b0 /tmp/ccId45oA.o
 .debug_rnglists
                0x000002c0       0x19 /tmp/ccxE9sWZ.o
 .debug_rnglists
                0x000002d9       0x2b Libraries/libstm32f0.a(stm32f0xx_rcc.o)
 .debug_rnglists
                0x00000304      0x15d /usr/lib/gcc/arm-none-eabi/13.2.1/thumb/v6-m/nofp/libgcc.a(addsf3.o)
 .debug_rnglists
                0x00000461       0x82 /usr/lib/gcc/arm-none-eabi/13.2.1/thumb/v6-m/nofp/libgcc.a(divsf3.o)
 .debug_rnglists
                0x000004e3       0x72 /usr/lib/gcc/arm-none-eabi/13.2.1/thumb/v6-m/nofp/libgcc.a(mulsf3.o)
 .debug_rnglists
                0x00000555       0x41 /usr/lib/gcc/arm-none-eabi/13.2.1/thumb/v6-m/nofp/libgcc.a(floatsisf.o)
 .debug_rnglists
                0x00000596      0x131 /usr/lib/gcc/arm-none-eabi/13.2.1/thumb/v6-m/nofp/libgcc.a(muldf3.o)
 .debug_rnglists
                0x000006c7       0x3d /usr/lib/gcc/arm-none-eabi/13.2.1/thumb/v6-m/nofp/libgcc.a(extendsfdf2.o)
 .debug_rnglists
                0x00000704       0x4e /usr/lib/gcc/arm-none-eabi/13.2.1/thumb/v6-m/nofp/libgcc.a(truncdfsf2.o)

.debug_line_str
                0x00000000       0xd6
 .debug_line_str
                0x00000000       0xd6 /tmp/ccxE9sWZ.o
                                 0x3f (size before relaxing)
 .debug_line_str
                0x000000d6       0x97 /usr/lib/gcc/arm-none-eabi/13.2.1/thumb/v6-m/nofp/libgcc.a(_udivsi3.o)
 .debug_line_str
                0x000000d6       0x97 /usr/lib/gcc/arm-none-eabi/13.2.1/thumb/v6-m/nofp/libgcc.a(_divsi3.o)
 .debug_line_str
                0x000000d6       0x97 /usr/lib/gcc/arm-none-eabi/13.2.1/thumb/v6-m/nofp/libgcc.a(_dvmd_tls.o)
 .debug_line_str
                0x000000d6       0x97 /usr/lib/gcc/arm-none-eabi/13.2.1/thumb/v6-m/nofp/libgcc.a(_clzsi2.o)
